Archive member included because of file (symbol)

.\CortexM3\ARM_GCC_493\Debug\car.a(cyfitter_cfg.o)
                              .\CortexM3\ARM_GCC_493\Debug\Cm3Start.o (cyfitter_cfg)
.\CortexM3\ARM_GCC_493\Debug\car.a(CyBootAsmGnu.o)
                              .\CortexM3\ARM_GCC_493\Debug\car.a(cyfitter_cfg.o) (CyDelayCycles)
.\CortexM3\ARM_GCC_493\Debug\car.a(CyLib.o)
                              .\CortexM3\ARM_GCC_493\Debug\Cm3Start.o (CyHalt)
.\CortexM3\ARM_GCC_493\Debug\car.a(cyPm.o)
                              .\CortexM3\ARM_GCC_493\Debug\car.a(CyLib.o) (CyPmReadStatus)
.\CortexM3\ARM_GCC_493\Debug\car.a(UART_net.o)
                              .\CortexM3\ARM_GCC_493\Debug\main.o (UART_net_Init)
.\CortexM3\ARM_GCC_493\Debug\car.a(UART_net_IntClock.o)
                              .\CortexM3\ARM_GCC_493\Debug\car.a(UART_net.o) (UART_net_IntClock_Start)
.\CortexM3\ARM_GCC_493\Debug\car.a(isr_rx_net.o)
                              .\CortexM3\ARM_GCC_493\Debug\main.o (isr_rx_net_Start)
.\CortexM3\ARM_GCC_493\Debug\car.a(KEY_UP.o)
                              .\CortexM3\ARM_GCC_493\Debug\key.o (KEY_UP_Read)
.\CortexM3\ARM_GCC_493\Debug\car.a(KEY_DOWN.o)
                              .\CortexM3\ARM_GCC_493\Debug\key.o (KEY_DOWN_Read)
.\CortexM3\ARM_GCC_493\Debug\car.a(KEY_LEFT.o)
                              .\CortexM3\ARM_GCC_493\Debug\key.o (KEY_LEFT_Read)
.\CortexM3\ARM_GCC_493\Debug\car.a(KEY_RIGHT.o)
                              .\CortexM3\ARM_GCC_493\Debug\key.o (KEY_RIGHT_Read)
.\CortexM3\ARM_GCC_493\Debug\car.a(Timer_1.o)
                              .\CortexM3\ARM_GCC_493\Debug\main.o (Timer_1_Start)
.\CortexM3\ARM_GCC_493\Debug\car.a(isr_timer.o)
                              .\CortexM3\ARM_GCC_493\Debug\main.o (time_1s_state)
.\CortexM3\ARM_GCC_493\Debug\car.a(Beep.o)
                              .\CortexM3\ARM_GCC_493\Debug\buzzer.o (Beep_Write)
.\CortexM3\ARM_GCC_493\Debug\car.a(KEY_SPEED_LOW.o)
                              .\CortexM3\ARM_GCC_493\Debug\key.o (KEY_SPEED_LOW_Read)
.\CortexM3\ARM_GCC_493\Debug\car.a(PTZ_UP.o)
                              .\CortexM3\ARM_GCC_493\Debug\key.o (PTZ_UP_Read)
.\CortexM3\ARM_GCC_493\Debug\car.a(PTZ_DOWN.o)
                              .\CortexM3\ARM_GCC_493\Debug\key.o (PTZ_DOWN_Read)
.\CortexM3\ARM_GCC_493\Debug\car.a(PTZ_LEFT.o)
                              .\CortexM3\ARM_GCC_493\Debug\key.o (PTZ_LEFT_Read)
.\CortexM3\ARM_GCC_493\Debug\car.a(PTZ_RIGHT.o)
                              .\CortexM3\ARM_GCC_493\Debug\key.o (PTZ_RIGHT_Read)
.\CortexM3\ARM_GCC_493\Debug\car.a(KEY_SPEED_HIGH.o)
                              .\CortexM3\ARM_GCC_493\Debug\key.o (KEY_SPEED_HIGH_Read)
.\CortexM3\ARM_GCC_493\Debug\car.a(LED_START.o)
                              .\CortexM3\ARM_GCC_493\Debug\key.o (LED_START_Read)
.\CortexM3\ARM_GCC_493\Debug\car.a(LED_LEFT_LOW.o)
                              .\CortexM3\ARM_GCC_493\Debug\key.o (LED_LEFT_LOW_Read)
.\CortexM3\ARM_GCC_493\Debug\car.a(LED_DOWN_LOW.o)
                              .\CortexM3\ARM_GCC_493\Debug\key.o (LED_DOWN_LOW_Read)
.\CortexM3\ARM_GCC_493\Debug\car.a(LED_UP_LOW.o)
                              .\CortexM3\ARM_GCC_493\Debug\key.o (LED_UP_LOW_Read)
.\CortexM3\ARM_GCC_493\Debug\car.a(LED_RIGHT_LOW.o)
                              .\CortexM3\ARM_GCC_493\Debug\key.o (LED_RIGHT_LOW_Read)
.\CortexM3\ARM_GCC_493\Debug\car.a(LED_UP_HIGH.o)
                              .\CortexM3\ARM_GCC_493\Debug\key.o (LED_UP_HIGH_Read)
.\CortexM3\ARM_GCC_493\Debug\car.a(LED_DOWN_HIGH.o)
                              .\CortexM3\ARM_GCC_493\Debug\key.o (LED_DOWN_HIGH_Read)
.\CortexM3\ARM_GCC_493\Debug\car.a(LED_LEFT_HIGH.o)
                              .\CortexM3\ARM_GCC_493\Debug\key.o (LED_LEFT_HIGH_Read)
.\CortexM3\ARM_GCC_493\Debug\car.a(LED_RIGHT_HIGH.o)
                              .\CortexM3\ARM_GCC_493\Debug\key.o (LED_RIGHT_HIGH_Read)
.\CortexM3\ARM_GCC_493\Debug\car.a(CyFlash.o)
                              .\CortexM3\ARM_GCC_493\Debug\car.a(cyPm.o) (CyFlash_SetWaitCycles)
.\CortexM3\ARM_GCC_493\Debug\car.a(CySpc.o)
                              .\CortexM3\ARM_GCC_493\Debug\car.a(CyFlash.o) (CySpcStart)
c:/program files (x86)/cypress/psoc creator/3.3/psoc creator/import/gnu/arm/4.9.3/bin/../lib/gcc/arm-none-eabi/4.9.3/../../../../arm-none-eabi/lib/armv7-m\libg_nano.a(lib_a-errno.o)
                              .\CortexM3\ARM_GCC_493\Debug\Cm3Start.o (__errno)
c:/program files (x86)/cypress/psoc creator/3.3/psoc creator/import/gnu/arm/4.9.3/bin/../lib/gcc/arm-none-eabi/4.9.3/../../../../arm-none-eabi/lib/armv7-m\libg_nano.a(lib_a-exit.o)
                              c:/program files (x86)/cypress/psoc creator/3.3/psoc creator/import/gnu/arm/4.9.3/bin/../lib/gcc/arm-none-eabi/4.9.3/../../../../arm-none-eabi/lib/armv7-m/crt0.o (exit)
[...]
Memory Configuration

Name             Origin             Length             Attributes
rom              0x00000000         0x00020000         xr
ram              0x1fffc000         0x00008000         xrw
*default*        0x00000000         0xffffffff

Linker script and memory map

LOAD c:/program files (x86)/cypress/psoc creator/3.3/psoc creator/import/gnu/arm/4.9.3/bin/../lib/gcc/arm-none-eabi/4.9.3/armv7-m/crti.o
LOAD c:/program files (x86)/cypress/psoc creator/3.3/psoc creator/import/gnu/arm/4.9.3/bin/../lib/gcc/arm-none-eabi/4.9.3/armv7-m/crtbegin.o
LOAD c:/program files (x86)/cypress/psoc creator/3.3/psoc creator/import/gnu/arm/4.9.3/bin/../lib/gcc/arm-none-eabi/4.9.3/../../../../arm-none-eabi/lib/armv7-m/crt0.o
START GROUP
LOAD .\CortexM3\ARM_GCC_493\Debug\main.o
LOAD .\CortexM3\ARM_GCC_493\Debug\Transfer.o
LOAD .\CortexM3\ARM_GCC_493\Debug\car.o
LOAD .\CortexM3\ARM_GCC_493\Debug\key.o
LOAD .\CortexM3\ARM_GCC_493\Debug\buzzer.o
LOAD .\CortexM3\ARM_GCC_493\Debug\cymetadata.o
LOAD .\CortexM3\ARM_GCC_493\Debug\Cm3Start.o
LOAD .\CortexM3\ARM_GCC_493\Debug\car.a
LOAD C:\Program Files (x86)\Cypress\PSoC Creator\3.3\PSoC Creator\psoc\content\cycomponentlibrary\CyComponentLibrary.cylib\CortexM3\ARM_GCC_493\Debug\CyComponentLibrary.a
END GROUP
START GROUP
LOAD c:/program files (x86)/cypress/psoc creator/3.3/psoc creator/import/gnu/arm/4.9.3/bin/../lib/gcc/arm-none-eabi/4.9.3/armv7-m\libgcc.a
LOAD c:/program files (x86)/cypress/psoc creator/3.3/psoc creator/import/gnu/arm/4.9.3/bin/../lib/gcc/arm-none-eabi/4.9.3/../../../../arm-none-eabi/lib/armv7-m\libg_nano.a
LOAD c:/program files (x86)/cypress/psoc creator/3.3/psoc creator/import/gnu/arm/4.9.3/bin/../lib/gcc/arm-none-eabi/4.9.3/../../../../arm-none-eabi/lib/armv7-m\libc_nano.a
END GROUP
START GROUP
LOAD c:/program files (x86)/cypress/psoc creator/3.3/psoc creator/import/gnu/arm/4.9.3/bin/../lib/gcc/arm-none-eabi/4.9.3/armv7-m\libgcc.a
LOAD c:/program files (x86)/cypress/psoc creator/3.3/psoc creator/import/gnu/arm/4.9.3/bin/../lib/gcc/arm-none-eabi/4.9.3/../../../../arm-none-eabi/lib/armv7-m\libc_nano.a
END GROUP
LOAD c:/program files (x86)/cypress/psoc creator/3.3/psoc creator/import/gnu/arm/4.9.3/bin/../lib/gcc/arm-none-eabi/4.9.3/armv7-m/crtend.o
LOAD c:/program files (x86)/cypress/psoc creator/3.3/psoc creator/import/gnu/arm/4.9.3/bin/../lib/gcc/arm-none-eabi/4.9.3/armv7-m/crtn.o
START GROUP
LOAD c:/program files (x86)/cypress/psoc creator/3.3/psoc creator/import/gnu/arm/4.9.3/bin/../lib/gcc/arm-none-eabi/4.9.3/armv7-m\libgcc.a
LOAD c:/program files (x86)/cypress/psoc creator/3.3/psoc creator/import/gnu/arm/4.9.3/bin/../lib/gcc/arm-none-eabi/4.9.3/../../../../arm-none-eabi/lib/armv7-m\libc.a
LOAD c:/program files (x86)/cypress/psoc creator/3.3/psoc creator/import/gnu/arm/4.9.3/bin/../lib/gcc/arm-none-eabi/4.9.3/../../../../arm-none-eabi/lib/armv7-m\libnosys.a
END GROUP
                0x00000000                CY_APPL_ORIGIN = 0x0
                0x00000100                CY_FLASH_ROW_SIZE = 0x100
                0x00000020                CY_ECC_ROW_SIZE = 0x20
                0x00000000                CY_EE_IN_BTLDR = 0x0
                0x00000000                CY_APPL_LOADABLE = 0x0
                0x00000800                CY_EE_SIZE = 0x800
                0x00000001                CY_APPL_NUM = 0x1
                0x00000001                CY_APPL_MAX = 0x1
                0x00000040                CY_METADATA_SIZE = 0x40
                0x00000000                CY_APPL_LOADABLE = 0x0
                0x00000000                CY_CHECKSUM_EXCLUDE_SIZE = ALIGN (0x0, CY_FLASH_ROW_SIZE)
                0x1fffc518                PROVIDE (__cy_heap_start, _end)
                0x00000001                PROVIDE (__cy_region_num, ((__cy_regions_end - __cy_regions) / 0x10))
                0x20004000                PROVIDE (__cy_stack, (ORIGIN (ram) + 0x8000))
                0x20003800                PROVIDE (__cy_heap_end, (__cy_stack - 0x800))

.cybootloader   0x00000000        0x0
 *(.cybootloader)
                0x00000000                appl1_start = CY_APPL_ORIGIN?CY_APPL_ORIGIN:ALIGN (CY_FLASH_ROW_SIZE)
                0x0000ff00                appl2_start = (appl1_start + ALIGN ((((0x20000 - appl1_start) - (0x2 * CY_FLASH_ROW_SIZE)) / 0x2), CY_FLASH_ROW_SIZE))
                0x00000000                appl_start = (CY_APPL_NUM == 0x1)?appl1_start:appl2_start
                0x00000000                ecc_offset = ((appl_start / CY_FLASH_ROW_SIZE) * CY_ECC_ROW_SIZE)
                0x00000000                ee_offset = (CY_APPL_LOADABLE && ! (CY_EE_IN_BTLDR))?((CY_EE_SIZE / CY_APPL_MAX) * (CY_APPL_NUM - 0x1)):0x0
                0x00000800                ee_size = (CY_APPL_LOADABLE && ! (CY_EE_IN_BTLDR))?(CY_EE_SIZE / CY_APPL_MAX):CY_EE_SIZE
                0x00000000                PROVIDE (CY_ECC_OFFSET, ecc_offset)

.text           0x00000000     0x170a
 CREATE_OBJECT_SYMBOLS
                0x00000000                PROVIDE (__cy_interrupt_vector, RomVectors)
 *(.romvectors)
 .romvectors    0x00000000       0x10 .\CortexM3\ARM_GCC_493\Debug\Cm3Start.o
                0x00000000                RomVectors
                0x00000001                ASSERT ((. != __cy_interrupt_vector), No interrupt vector)
                0x00000001                ASSERT (CY_APPL_ORIGIN?(SIZEOF (.cybootloader) <= CY_APPL_ORIGIN):0x1, Wrong image location)
                0x00000010                PROVIDE (__cy_reset, Reset)
 *(.text.Reset)
 .text.Reset    0x00000010       0x18 .\CortexM3\ARM_GCC_493\Debug\Cm3Start.o
                0x00000010                Reset
                0x00000001                ASSERT ((. != __cy_reset), No reset code)
 *(.dma_init)
                0x00000001                ASSERT ((((appl_start + .) <= 0x10000) || 0x1), DMA Init must be within the first 64k of flash)
 *(.text .text.* .gnu.linkonce.t.*)
 .text          0x00000028       0x5c c:/program files (x86)/cypress/psoc creator/3.3/psoc creator/import/gnu/arm/4.9.3/bin/../lib/gcc/arm-none-eabi/4.9.3/armv7-m/crtbegin.o
 .text.main     0x00000084       0x5c .\CortexM3\ARM_GCC_493\Debug\main.o
                0x00000084                main
 .text.DT_Send_Data
                0x000000e0        0x8 .\CortexM3\ARM_GCC_493\Debug\Transfer.o
                0x000000e0                DT_Send_Data
 .text.DT_Send_Check
                0x000000e8       0x3c .\CortexM3\ARM_GCC_493\Debug\Transfer.o
 .text.DT_Data_Receive_Anl
                0x00000124       0x8c .\CortexM3\ARM_GCC_493\Debug\Transfer.o
                0x00000124                DT_Data_Receive_Anl
 .text.DT_Data_Receive_Prepare
                0x000001b0       0xac .\CortexM3\ARM_GCC_493\Debug\Transfer.o
                0x000001b0                DT_Data_Receive_Prepare
 .text.DT_Send_Status
                0x0000025c       0x3c .\CortexM3\ARM_GCC_493\Debug\Transfer.o
                0x0000025c                DT_Send_Status
 .text.DT_Send_Command_Ptz
                0x00000298       0x3c .\CortexM3\ARM_GCC_493\Debug\Transfer.o
                0x00000298                DT_Send_Command_Ptz
 .text.DT_Send_Command_Speed
                0x000002d4       0x4c .\CortexM3\ARM_GCC_493\Debug\Transfer.o
                0x000002d4                DT_Send_Command_Speed
 .text.DT_Send_Command_Led
                0x00000320       0x4c .\CortexM3\ARM_GCC_493\Debug\Transfer.o
                0x00000320                DT_Send_Command_Led
 .text.Callback_led_start
                0x0000036c        0x4 .\CortexM3\ARM_GCC_493\Debug\key.o
                0x0000036c                Callback_led_start
 .text.Callback_key_up_press_up
                0x00000370        0xc .\CortexM3\ARM_GCC_493\Debug\key.o
                0x00000370                Callback_key_up_press_up
 .text.Callback_key_up_press_down
                0x0000037c        0xc .\CortexM3\ARM_GCC_493\Debug\key.o
                0x0000037c                Callback_key_up_press_down
 .text.Callback_key_down_press_up
                0x00000388        0xc .\CortexM3\ARM_GCC_493\Debug\key.o
                0x00000388                Callback_key_down_press_up
 .text.Callback_key_down_press_down
                0x00000394        0xc .\CortexM3\ARM_GCC_493\Debug\key.o
                0x00000394                Callback_key_down_press_down
 .text.Callback_key_left_press_up
                0x000003a0        0xc .\CortexM3\ARM_GCC_493\Debug\key.o
                0x000003a0                Callback_key_left_press_up
 .text.Callback_key_left_press_down
                0x000003ac        0xc .\CortexM3\ARM_GCC_493\Debug\key.o
                0x000003ac                Callback_key_left_press_down
 .text.Callback_key_right_press_up
                0x000003b8        0xc .\CortexM3\ARM_GCC_493\Debug\key.o
                0x000003b8                Callback_key_right_press_up
 .text.Callback_key_right_press_down
                0x000003c4        0xc .\CortexM3\ARM_GCC_493\Debug\key.o
                0x000003c4                Callback_key_right_press_down
 .text.Callback_PTZ_up_press_up
                0x000003d0        0xc .\CortexM3\ARM_GCC_493\Debug\key.o
                0x000003d0                Callback_PTZ_up_press_up
 .text.Callback_PTZ_up_press_down
                0x000003dc        0xc .\CortexM3\ARM_GCC_493\Debug\key.o
                0x000003dc                Callback_PTZ_up_press_down
 .text.Callback_PTZ_down_press_up
                0x000003e8        0xc .\CortexM3\ARM_GCC_493\Debug\key.o
                0x000003e8                Callback_PTZ_down_press_up
 .text.Callback_PTZ_down_press_down
                0x000003f4        0xc .\CortexM3\ARM_GCC_493\Debug\key.o
                0x000003f4                Callback_PTZ_down_press_down
 .text.Callback_PTZ_left_press_up
                0x00000400        0xc .\CortexM3\ARM_GCC_493\Debug\key.o
                0x00000400                Callback_PTZ_left_press_up
 .text.Callback_PTZ_left_press_down
                0x0000040c        0xc .\CortexM3\ARM_GCC_493\Debug\key.o
                0x0000040c                Callback_PTZ_left_press_down
 .text.Callback_PTZ_right_press_up
                0x00000418        0xc .\CortexM3\ARM_GCC_493\Debug\key.o
                0x00000418                Callback_PTZ_right_press_up
 .text.Callback_PTZ_right_press_down
                0x00000424        0xc .\CortexM3\ARM_GCC_493\Debug\key.o
                0x00000424                Callback_PTZ_right_press_down
 .text.Callback_key_speed_low_press_up
                0x00000430        0xc .\CortexM3\ARM_GCC_493\Debug\key.o
                0x00000430                Callback_key_speed_low_press_up
 .text.Callback_key_speed_low_press_down
                0x0000043c        0xc .\CortexM3\ARM_GCC_493\Debug\key.o
                0x0000043c                Callback_key_speed_low_press_down
 .text.Callback_key_speed_high_press_up
                0x00000448        0xc .\CortexM3\ARM_GCC_493\Debug\key.o
                0x00000448                Callback_key_speed_high_press_up
 .text.Callback_key_speed_high_press_down
                0x00000454        0xc .\CortexM3\ARM_GCC_493\Debug\key.o
                0x00000454                Callback_key_speed_high_press_down
 .text.Callback_led_up_low_press_up
                0x00000460       0x14 .\CortexM3\ARM_GCC_493\Debug\key.o
                0x00000460                Callback_led_up_low_press_up
 .text.Callback_led_up_low_press_down
                0x00000474       0x14 .\CortexM3\ARM_GCC_493\Debug\key.o
                0x00000474                Callback_led_up_low_press_down
 .text.Callback_led_up_high_press_up
                0x00000488       0x14 .\CortexM3\ARM_GCC_493\Debug\key.o
                0x00000488                Callback_led_up_high_press_up
 .text.Callback_led_up_high_press_down
                0x0000049c       0x14 .\CortexM3\ARM_GCC_493\Debug\key.o
                0x0000049c                Callback_led_up_high_press_down
 .text.Callback_led_down_low_press_up
                0x000004b0       0x14 .\CortexM3\ARM_GCC_493\Debug\key.o
                0x000004b0                Callback_led_down_low_press_up
 .text.Callback_led_down_low_press_down
                0x000004c4       0x14 .\CortexM3\ARM_GCC_493\Debug\key.o
                0x000004c4                Callback_led_down_low_press_down
 .text.Callback_led_down_high_press_up
                0x000004d8       0x14 .\CortexM3\ARM_GCC_493\Debug\key.o
                0x000004d8                Callback_led_down_high_press_up
 .text.Callback_led_down_high_press_down
                0x000004ec       0x14 .\CortexM3\ARM_GCC_493\Debug\key.o
                0x000004ec                Callback_led_down_high_press_down
 .text.Callback_led_left_low_press_up
                0x00000500       0x14 .\CortexM3\ARM_GCC_493\Debug\key.o
                0x00000500                Callback_led_left_low_press_up
 .text.Callback_led_left_low_press_down
                0x00000514       0x14 .\CortexM3\ARM_GCC_493\Debug\key.o
                0x00000514                Callback_led_left_low_press_down
 .text.Callback_led_left_high_press_up
                0x00000528       0x14 .\CortexM3\ARM_GCC_493\Debug\key.o
                0x00000528                Callback_led_left_high_press_up
 .text.Callback_led_left_high_press_down
                0x0000053c       0x14 .\CortexM3\ARM_GCC_493\Debug\key.o
                0x0000053c                Callback_led_left_high_press_down
 .text.Callback_led_right_low_press_up
                0x00000550       0x14 .\CortexM3\ARM_GCC_493\Debug\key.o
                0x00000550                Callback_led_right_low_press_up
 .text.Callback_led_right_low_press_down
                0x00000564       0x14 .\CortexM3\ARM_GCC_493\Debug\key.o
                0x00000564                Callback_led_right_low_press_down
 .text.Callback_led_right_high_press_up
                0x00000578       0x14 .\CortexM3\ARM_GCC_493\Debug\key.o
                0x00000578                Callback_led_right_high_press_up
 .text.Callback_led_right_high_press_down
                0x0000058c       0x14 .\CortexM3\ARM_GCC_493\Debug\key.o
                0x0000058c                Callback_led_right_high_press_down
 .text.button_init
                0x000005a0       0x24 .\CortexM3\ARM_GCC_493\Debug\key.o
                0x000005a0                button_init
 .text.button_attach
                0x000005c4        0x8 .\CortexM3\ARM_GCC_493\Debug\key.o
                0x000005c4                button_attach
 .text.button_handler
                0x000005cc      0x1f8 .\CortexM3\ARM_GCC_493\Debug\key.o
                0x000005cc                button_handler
 .text.button_start
                0x000007c4       0x28 .\CortexM3\ARM_GCC_493\Debug\key.o
                0x000007c4                button_start
 .text.init_button
                0x000007ec      0x5ac .\CortexM3\ARM_GCC_493\Debug\key.o
                0x000007ec                init_button
 .text.button_ticks
                0x00000d98       0x1c .\CortexM3\ARM_GCC_493\Debug\key.o
                0x00000d98                button_ticks
 .text.cb_bzr_Main
                0x00000db4      0x104 .\CortexM3\ARM_GCC_493\Debug\buzzer.o
                0x00000db4                cb_bzr_Main
 .text.bzr_Init
                0x00000eb8       0x2c .\CortexM3\ARM_GCC_493\Debug\buzzer.o
                0x00000eb8                bzr_Init
 .text.IntDefaultHandler
                0x00000ee4        0x4 .\CortexM3\ARM_GCC_493\Debug\Cm3Start.o
                0x00000ee4                IntDefaultHandler
 .text.Start_c  0x00000ee8       0x4c .\CortexM3\ARM_GCC_493\Debug\Cm3Start.o
                0x00000ee8                Start_c
 .text.initialize_psoc
                0x00000f34       0x74 .\CortexM3\ARM_GCC_493\Debug\Cm3Start.o
                0x00000f34                initialize_psoc
 .text.CyClockStartupError
                0x00000fa8        0x4 .\CortexM3\ARM_GCC_493\Debug\car.a(cyfitter_cfg.o)
 .text.cfg_write_bytes32
                0x00000fac       0x34 .\CortexM3\ARM_GCC_493\Debug\car.a(cyfitter_cfg.o)
 .text.AnalogSetDefault
                0x00000fe0       0x28 .\CortexM3\ARM_GCC_493\Debug\car.a(cyfitter_cfg.o)
 .text.CYMEMZERO
                0x00001008        0xc .\CortexM3\ARM_GCC_493\Debug\car.a(cyfitter_cfg.o)
 .text.ClockSetup
                0x00001014       0xb4 .\CortexM3\ARM_GCC_493\Debug\car.a(cyfitter_cfg.o)
 .text.CYCONFIGCPY
                0x000010c8        0x8 .\CortexM3\ARM_GCC_493\Debug\car.a(cyfitter_cfg.o)
 .text.cyfitter_cfg
                0x000010d0      0x144 .\CortexM3\ARM_GCC_493\Debug\car.a(cyfitter_cfg.o)
                0x000010d0                cyfitter_cfg
 *fill*         0x00001214        0x4 
 .text          0x00001218       0x20 .\CortexM3\ARM_GCC_493\Debug\car.a(CyBootAsmGnu.o)
                0x00001218                CyDelayCycles
                0x00001228                CyEnterCriticalSection
                0x00001230                CyExitCriticalSection
 .text.CyDelay  0x00001238       0x2c .\CortexM3\ARM_GCC_493\Debug\car.a(CyLib.o)
                0x00001238                CyDelay
 .text.UART_net_Init
                0x00001264       0x24 .\CortexM3\ARM_GCC_493\Debug\car.a(UART_net.o)
                0x00001264                UART_net_Init
 .text.UART_net_Enable
                0x00001288       0x38 .\CortexM3\ARM_GCC_493\Debug\car.a(UART_net.o)
                0x00001288                UART_net_Enable
 .text.UART_net_Start
                0x000012c0       0x1c .\CortexM3\ARM_GCC_493\Debug\car.a(UART_net.o)
                0x000012c0                UART_net_Start
 .text.UART_net_GetChar
                0x000012dc       0x2c .\CortexM3\ARM_GCC_493\Debug\car.a(UART_net.o)
                0x000012dc                UART_net_GetChar
 .text.UART_net_PutChar
                0x00001308       0x18 .\CortexM3\ARM_GCC_493\Debug\car.a(UART_net.o)
                0x00001308                UART_net_PutChar
 .text.UART_net_PutString
                0x00001320       0x24 .\CortexM3\ARM_GCC_493\Debug\car.a(UART_net.o)
                0x00001320                UART_net_PutString
 .text.UART_net_PutArray
                0x00001344       0x28 .\CortexM3\ARM_GCC_493\Debug\car.a(UART_net.o)
                0x00001344                UART_net_PutArray
 .text.UART_net_IntClock_Start
                0x0000136c       0x1c .\CortexM3\ARM_GCC_493\Debug\car.a(UART_net_IntClock.o)
                0x0000136c                UART_net_IntClock_Start
 .text.isr_rx_net_Interrupt
                0x00001388        0xc .\CortexM3\ARM_GCC_493\Debug\car.a(isr_rx_net.o)
                0x00001388                isr_rx_net_Interrupt
 .text.isr_rx_net_SetVector
                0x00001394        0xc .\CortexM3\ARM_GCC_493\Debug\car.a(isr_rx_net.o)
                0x00001394                isr_rx_net_SetVector
 .text.isr_rx_net_SetPriority
                0x000013a0       0x10 .\CortexM3\ARM_GCC_493\Debug\car.a(isr_rx_net.o)
                0x000013a0                isr_rx_net_SetPriority
 .text.isr_rx_net_Enable
                0x000013b0        0xc .\CortexM3\ARM_GCC_493\Debug\car.a(isr_rx_net.o)
                0x000013b0                isr_rx_net_Enable
 .text.isr_rx_net_Disable
                0x000013bc        0xc .\CortexM3\ARM_GCC_493\Debug\car.a(isr_rx_net.o)
                0x000013bc                isr_rx_net_Disable
 .text.isr_rx_net_Start
                0x000013c8       0x1c .\CortexM3\ARM_GCC_493\Debug\car.a(isr_rx_net.o)
                0x000013c8                isr_rx_net_Start
 .text.KEY_UP_Read
                0x000013e4       0x10 .\CortexM3\ARM_GCC_493\Debug\car.a(KEY_UP.o)
                0x000013e4                KEY_UP_Read
 .text.KEY_DOWN_Read
                0x000013f4       0x10 .\CortexM3\ARM_GCC_493\Debug\car.a(KEY_DOWN.o)
                0x000013f4                KEY_DOWN_Read
 .text.KEY_LEFT_Read
                0x00001404       0x10 .\CortexM3\ARM_GCC_493\Debug\car.a(KEY_LEFT.o)
                0x00001404                KEY_LEFT_Read
 .text.KEY_RIGHT_Read
                0x00001414       0x10 .\CortexM3\ARM_GCC_493\Debug\car.a(KEY_RIGHT.o)
                0x00001414                KEY_RIGHT_Read
 .text.Timer_1_Enable
                0x00001424       0x28 .\CortexM3\ARM_GCC_493\Debug\car.a(Timer_1.o)
                0x00001424                Timer_1_Enable
 .text.Timer_1_SetInterruptMode
                0x0000144c        0xc .\CortexM3\ARM_GCC_493\Debug\car.a(Timer_1.o)
                0x0000144c                Timer_1_SetInterruptMode
 .text.Timer_1_WritePeriod
                0x00001458        0xc .\CortexM3\ARM_GCC_493\Debug\car.a(Timer_1.o)
                0x00001458                Timer_1_WritePeriod
 .text.Timer_1_WriteCounter
                0x00001464        0xc .\CortexM3\ARM_GCC_493\Debug\car.a(Timer_1.o)
                0x00001464                Timer_1_WriteCounter
 .text.Timer_1_Init
                0x00001470       0x68 .\CortexM3\ARM_GCC_493\Debug\car.a(Timer_1.o)
                0x00001470                Timer_1_Init
 .text.Timer_1_Start
                0x000014d8       0x1c .\CortexM3\ARM_GCC_493\Debug\car.a(Timer_1.o)
                0x000014d8                Timer_1_Start
 .text.isr_timer_Interrupt
                0x000014f4       0x50 .\CortexM3\ARM_GCC_493\Debug\car.a(isr_timer.o)
                0x000014f4                isr_timer_Interrupt
 .text.isr_timer_SetVector
                0x00001544        0xc .\CortexM3\ARM_GCC_493\Debug\car.a(isr_timer.o)
                0x00001544                isr_timer_SetVector
 .text.isr_timer_SetPriority
                0x00001550       0x10 .\CortexM3\ARM_GCC_493\Debug\car.a(isr_timer.o)
                0x00001550                isr_timer_SetPriority
 .text.isr_timer_Enable
                0x00001560        0xc .\CortexM3\ARM_GCC_493\Debug\car.a(isr_timer.o)
                0x00001560                isr_timer_Enable
 .text.isr_timer_Disable
                0x0000156c        0xc .\CortexM3\ARM_GCC_493\Debug\car.a(isr_timer.o)
                0x0000156c                isr_timer_Disable
 .text.isr_timer_Start
                0x00001578       0x1c .\CortexM3\ARM_GCC_493\Debug\car.a(isr_timer.o)
                0x00001578                isr_timer_Start
 .text.Beep_Write
                0x00001594       0x18 .\CortexM3\ARM_GCC_493\Debug\car.a(Beep.o)
                0x00001594                Beep_Write
 .text.KEY_SPEED_LOW_Read
                0x000015ac       0x10 .\CortexM3\ARM_GCC_493\Debug\car.a(KEY_SPEED_LOW.o)
                0x000015ac                KEY_SPEED_LOW_Read
 .text.PTZ_UP_Read
                0x000015bc       0x10 .\CortexM3\ARM_GCC_493\Debug\car.a(PTZ_UP.o)
                0x000015bc                PTZ_UP_Read
 .text.PTZ_DOWN_Read
                0x000015cc       0x10 .\CortexM3\ARM_GCC_493\Debug\car.a(PTZ_DOWN.o)
                0x000015cc                PTZ_DOWN_Read
 .text.PTZ_LEFT_Read
                0x000015dc       0x10 .\CortexM3\ARM_GCC_493\Debug\car.a(PTZ_LEFT.o)
                0x000015dc                PTZ_LEFT_Read
 .text.PTZ_RIGHT_Read
                0x000015ec       0x10 .\CortexM3\ARM_GCC_493\Debug\car.a(PTZ_RIGHT.o)
                0x000015ec                PTZ_RIGHT_Read
 .text.KEY_SPEED_HIGH_Read
                0x000015fc       0x10 .\CortexM3\ARM_GCC_493\Debug\car.a(KEY_SPEED_HIGH.o)
                0x000015fc                KEY_SPEED_HIGH_Read
 .text.LED_START_Read
                0x0000160c       0x10 .\CortexM3\ARM_GCC_493\Debug\car.a(LED_START.o)
                0x0000160c                LED_START_Read
 .text.LED_LEFT_LOW_Read
                0x0000161c       0x10 .\CortexM3\ARM_GCC_493\Debug\car.a(LED_LEFT_LOW.o)
                0x0000161c                LED_LEFT_LOW_Read
 .text.LED_DOWN_LOW_Read
                0x0000162c        0xc .\CortexM3\ARM_GCC_493\Debug\car.a(LED_DOWN_LOW.o)
                0x0000162c                LED_DOWN_LOW_Read
 .text.LED_UP_LOW_Read
                0x00001638       0x10 .\CortexM3\ARM_GCC_493\Debug\car.a(LED_UP_LOW.o)
                0x00001638                LED_UP_LOW_Read
 .text.LED_RIGHT_LOW_Read
                0x00001648       0x10 .\CortexM3\ARM_GCC_493\Debug\car.a(LED_RIGHT_LOW.o)
                0x00001648                LED_RIGHT_LOW_Read
 .text.LED_UP_HIGH_Read
                0x00001658       0x10 .\CortexM3\ARM_GCC_493\Debug\car.a(LED_UP_HIGH.o)
                0x00001658                LED_UP_HIGH_Read
 .text.LED_DOWN_HIGH_Read
                0x00001668       0x10 .\CortexM3\ARM_GCC_493\Debug\car.a(LED_DOWN_HIGH.o)
                0x00001668                LED_DOWN_HIGH_Read
 .text.LED_LEFT_HIGH_Read
                0x00001678       0x10 .\CortexM3\ARM_GCC_493\Debug\car.a(LED_LEFT_HIGH.o)
                0x00001678                LED_LEFT_HIGH_Read
 .text.LED_RIGHT_HIGH_Read
                0x00001688       0x10 .\CortexM3\ARM_GCC_493\Debug\car.a(LED_RIGHT_HIGH.o)
                0x00001688                LED_RIGHT_HIGH_Read
 .text.__libc_init_array
                0x00001698       0x4c c:/program files (x86)/cypress/psoc creator/3.3/psoc creator/import/gnu/arm/4.9.3/bin/../lib/gcc/arm-none-eabi/4.9.3/../../../../arm-none-eabi/lib/armv7-m\libg_nano.a(lib_a-init.o)
                0x00001698                __libc_init_array
 .text.memcpy   0x000016e4       0x16 c:/program files (x86)/cypress/psoc creator/3.3/psoc creator/import/gnu/arm/4.9.3/bin/../lib/gcc/arm-none-eabi/4.9.3/../../../../arm-none-eabi/lib/armv7-m\libg_nano.a(lib_a-memcpy.o)
                0x000016e4                memcpy
 .text.memset   0x000016fa       0x10 c:/program files (x86)/cypress/psoc creator/3.3/psoc creator/import/gnu/arm/4.9.3/bin/../lib/gcc/arm-none-eabi/4.9.3/../../../../arm-none-eabi/lib/armv7-m\libg_nano.a(lib_a-memset.o)
                0x000016fa                memset
 *(.plt)
 *(.gnu.warning)
 *(.glue_7t)
 .glue_7t       0x00000000        0x0 linker stubs
 *(.glue_7)
 .glue_7        0x00000000        0x0 linker stubs
 *(.vfp11_veneer)
 .vfp11_veneer  0x00000000        0x0 linker stubs
 *(.bootloader)
 *(.ARM.extab* .gnu.linkonce.armextab.*)
 *(.gcc_except_table)

.v4_bx          0x0000170c        0x0
 .v4_bx         0x00000000        0x0 linker stubs

.iplt           0x0000170c        0x0
 .iplt          0x00000000        0x0 c:/program files (x86)/cypress/psoc creator/3.3/psoc creator/import/gnu/arm/4.9.3/bin/../lib/gcc/arm-none-eabi/4.9.3/armv7-m/crtbegin.o

.eh_frame_hdr
 *(.eh_frame_hdr)

.eh_frame       0x0000170c        0x4
 *(.eh_frame)
 .eh_frame      0x0000170c        0x0 c:/program files (x86)/cypress/psoc creator/3.3/psoc creator/import/gnu/arm/4.9.3/bin/../lib/gcc/arm-none-eabi/4.9.3/armv7-m/crtbegin.o
 .eh_frame      0x0000170c        0x4 c:/program files (x86)/cypress/psoc creator/3.3/psoc creator/import/gnu/arm/4.9.3/bin/../lib/gcc/arm-none-eabi/4.9.3/armv7-m/crtend.o
                0x00001710                PROVIDE (__exidx_start, .)

.ARM.exidx
 *(.ARM.exidx* .gnu.linkonce.armexidx.*)
                0x00001710                __exidx_end = .

.rodata         0x00001710       0x80
 *(.rodata .rodata.* .gnu.linkonce.r.*)
 .rodata        0x00001710       0x48 .\CortexM3\ARM_GCC_493\Debug\car.a(cyfitter_cfg.o)
                0x00001758                . = ALIGN (0x4)
 *(.init)
 .init          0x00001758        0x4 c:/program files (x86)/cypress/psoc creator/3.3/psoc creator/import/gnu/arm/4.9.3/bin/../lib/gcc/arm-none-eabi/4.9.3/armv7-m/crti.o
                0x00001758                _init
 .init          0x0000175c        0x8 c:/program files (x86)/cypress/psoc creator/3.3/psoc creator/import/gnu/arm/4.9.3/bin/../lib/gcc/arm-none-eabi/4.9.3/armv7-m/crtn.o
                0x00001764                . = ALIGN (0x4)
                0x00001764                __preinit_array_start = .
 *(.preinit_array)
                0x00001764                __preinit_array_end = .
                0x00001764                . = ALIGN (0x4)
                0x00001764                __init_array_start = .
 *(SORT(.init_array.*))
 *(.init_array)
 .init_array    0x00001764        0x4 c:/program files (x86)/cypress/psoc creator/3.3/psoc creator/import/gnu/arm/4.9.3/bin/../lib/gcc/arm-none-eabi/4.9.3/armv7-m/crtbegin.o
 .init_array    0x00001768        0x4 .\CortexM3\ARM_GCC_493\Debug\Cm3Start.o
                0x0000176c                __init_array_end = .
                0x0000176c                . = ALIGN (0x4)
 *(.fini)
 .fini          0x0000176c        0x4 c:/program files (x86)/cypress/psoc creator/3.3/psoc creator/import/gnu/arm/4.9.3/bin/../lib/gcc/arm-none-eabi/4.9.3/armv7-m/crti.o
                0x0000176c                _fini
 .fini          0x00001770        0x8 c:/program files (x86)/cypress/psoc creator/3.3/psoc creator/import/gnu/arm/4.9.3/bin/../lib/gcc/arm-none-eabi/4.9.3/armv7-m/crtn.o
                0x00001778                . = ALIGN (0x4)
                0x00001778                __fini_array_start = .
 *(.fini_array)
 .fini_array    0x00001778        0x4 c:/program files (x86)/cypress/psoc creator/3.3/psoc creator/import/gnu/arm/4.9.3/bin/../lib/gcc/arm-none-eabi/4.9.3/armv7-m/crtbegin.o
 *(SORT(.fini_array.*))
                0x0000177c                __fini_array_end = .
                0x0000177c                . = ALIGN (0x4)
 *crtbegin.o(.ctors)
 *(EXCLUDE_FILE(*crtend.o) .ctors)
 *(SORT(.ctors.*))
 *crtend.o(.ctors)
                0x0000177c                . = ALIGN (0x4)
 *crtbegin.o(.dtors)
 *(EXCLUDE_FILE(*crtend.o) .dtors)
 *(SORT(.dtors.*))
 *crtend.o(.dtors)
                0x0000177c                . = ALIGN (0x4)
                0x0000177c                __cy_regions = .
                0x0000177c        0x4 LONG 0x1790 __cy_region_init_ram
                0x00001780        0x4 LONG 0x1fffc108 __cy_region_start_data
                0x00001784        0x4 LONG 0x20 __cy_region_init_size_ram
                0x00001788        0x4 LONG 0x3f0 __cy_region_zero_size_ram
                0x0000178c                __cy_regions_end = .
                0x00001790                . = ALIGN (0x8)
 *fill*         0x0000178c        0x4 
                0x00001790                _etext = .

.cy_checksum_exclude
                0x00001790        0x0
 *(.cy_checksum_exclude)

.ramvectors     0x1fffc000      0x100
                0x1fffc000                __cy_region_start_ram = .
 *(.ramvectors)
 .ramvectors    0x1fffc000      0x100 .\CortexM3\ARM_GCC_493\Debug\Cm3Start.o
                0x1fffc000                CyRamVectors

.noinit         0x1fffc100        0x5
 *(.noinit)
 .noinit        0x1fffc100        0x4 .\CortexM3\ARM_GCC_493\Debug\Cm3Start.o
 .noinit        0x1fffc104        0x1 .\CortexM3\ARM_GCC_493\Debug\car.a(CyLib.o)
                0x1fffc104                CyResetStatus

.data           0x1fffc108       0x20 load address 0x00001790
                0x1fffc108                __cy_region_start_data = .
 *(.jcr)
 .jcr           0x1fffc108        0x0 c:/program files (x86)/cypress/psoc creator/3.3/psoc creator/import/gnu/arm/4.9.3/bin/../lib/gcc/arm-none-eabi/4.9.3/armv7-m/crtbegin.o
 .jcr           0x1fffc108        0x4 c:/program files (x86)/cypress/psoc creator/3.3/psoc creator/import/gnu/arm/4.9.3/bin/../lib/gcc/arm-none-eabi/4.9.3/armv7-m/crtend.o
 *(.got.plt)
 *(.got)
 *(.shdata)
 *(.data .data.* .gnu.linkonce.d.*)
 .data          0x1fffc10c        0xc .\CortexM3\ARM_GCC_493\Debug\main.o
                0x1fffc10c                command_connect
 .data          0x1fffc118       0x10 .\CortexM3\ARM_GCC_493\Debug\car.a(CyLib.o)
                0x1fffc118                cydelay_32k_ms
                0x1fffc11c                cydelay_freq_khz
                0x1fffc120                cydelay_freq_mhz
                0x1fffc124                cydelay_freq_hz
                0x1fffc128                . = ALIGN (0x8)
 *(.ram)
                0x1fffc128                _edata = .

.igot.plt       0x1fffc128        0x0 load address 0x000017b0
 .igot.plt      0x00000000        0x0 c:/program files (x86)/cypress/psoc creator/3.3/psoc creator/import/gnu/arm/4.9.3/bin/../lib/gcc/arm-none-eabi/4.9.3/armv7-m/crtbegin.o

.bss            0x1fffc128      0x3f0 load address 0x000017b0
                0x1fffc128                PROVIDE (__bss_start__, .)
 *(.shbss)
 *(.bss .bss.* .gnu.linkonce.b.*)
 .bss           0x1fffc128       0x1c c:/program files (x86)/cypress/psoc creator/3.3/psoc creator/import/gnu/arm/4.9.3/bin/../lib/gcc/arm-none-eabi/4.9.3/armv7-m/crtbegin.o
 .bss           0x1fffc144       0x3c .\CortexM3\ARM_GCC_493\Debug\Transfer.o
 .bss           0x1fffc180        0x8 .\CortexM3\ARM_GCC_493\Debug\key.o
                0x1fffc180                led_send
 .bss           0x1fffc188       0x10 .\CortexM3\ARM_GCC_493\Debug\buzzer.o
 .bss           0x1fffc198        0x2 .\CortexM3\ARM_GCC_493\Debug\car.a(UART_net.o)
                0x1fffc198                UART_net_initVar
 .bss           0x1fffc19a        0x1 .\CortexM3\ARM_GCC_493\Debug\car.a(Timer_1.o)
                0x1fffc19a                Timer_1_initVar
 *(COMMON)
 *fill*         0x1fffc19b        0x1 
 COMMON         0x1fffc19c       0x14 .\CortexM3\ARM_GCC_493\Debug\main.o
                0x1fffc19c                g_Car
 COMMON         0x1fffc1b0       0x41 .\CortexM3\ARM_GCC_493\Debug\Transfer.o
                0x1fffc1b0                data_to_send
                0x1fffc1e4                f
 *fill*         0x1fffc1f1        0x3 
 COMMON         0x1fffc1f4      0x300 .\CortexM3\ARM_GCC_493\Debug\key.o
                0x1fffc1f4                led_down_low
                0x1fffc21c                led_right_high
                0x1fffc244                led_left_low
                0x1fffc26c                led_up_high
                0x1fffc294                led_left_high
                0x1fffc2bc                temp
                0x1fffc2c0                key_speed_high
                0x1fffc2e8                PTZ_down
                0x1fffc310                temp1
                0x1fffc314                key_speed_low
                0x1fffc33c                PTZ_up
                0x1fffc364                key_right
                0x1fffc38c                led_down_high
                0x1fffc3b4                key_left
                0x1fffc3dc                led_start
                0x1fffc404                key_down
                0x1fffc42c                key_up
                0x1fffc454                PTZ_right
                0x1fffc47c                led_up_low
                0x1fffc4a4                PTZ_left
                0x1fffc4cc                led_right_low
 COMMON         0x1fffc4f4       0x14 .\CortexM3\ARM_GCC_493\Debug\buzzer.o
                0x1fffc4f4                Msc_Spl
 COMMON         0x1fffc508        0x9 .\CortexM3\ARM_GCC_493\Debug\car.a(isr_timer.o)
                0x1fffc508                time_1s_state
                0x1fffc50a                time_1s
                0x1fffc50c                time_5ms
                0x1fffc50e                time_1ms
                0x1fffc510                time_5ms_state
                0x1fffc518                . = ALIGN (0x8)
 *fill*         0x1fffc511        0x7 
 *(.ram.b)
                0x1fffc518                _end = .
                0x1fffc518                __end = .
                0x1fffc518                PROVIDE (end, .)
                0x1fffc518                PROVIDE (__bss_end__, .)
                0x00001790                __cy_region_init_ram = LOADADDR (.data)
                0x00000020                __cy_region_init_size_ram = (_edata - ADDR (.data))
                0x000003f0                __cy_region_zero_size_ram = (_end - _edata)

.heap           0x1fffc518       0x80 load address 0x000017b0
                0x1fffc518                . = _end
                0x1fffc598                . = (. + 0x80)
 *fill*         0x1fffc518       0x80 
                0x1fffc598                __cy_heap_limit = .

.stack          0x20003800      0x800
                0x20003800                __cy_stack_limit = .
                0x20004000                . = (. + 0x800)
 *fill*         0x20003800      0x800 
                0x00000001                ASSERT ((__cy_stack_limit >= __cy_heap_limit), region RAM overflowed with stack)
                0x00000000                cy_checksum_exclude_size = (CY_APPL_LOADABLE == 0x1)?SIZEOF (.cy_checksum_exclude):0x0
                0x00000001                ASSERT ((cy_checksum_exclude_size <= CY_CHECKSUM_EXCLUDE_SIZE), CY_BOOT: Section .cy_checksum_exclude size exceedes specified limit.)

.cyloadermeta
 *(.cyloadermeta)

.cyloadablemeta
 *(.cyloadablemeta)

.cyconfigecc    0x80000000      0x370
 *(.cyconfigecc)
 .cyconfigecc   0x80000000      0x370 .\CortexM3\ARM_GCC_493\Debug\cymetadata.o
                0x80000000                cy_meta_configecc

.cycustnvl      0x90000000        0x4
 *(.cycustnvl)
 .cycustnvl     0x90000000        0x4 .\CortexM3\ARM_GCC_493\Debug\cymetadata.o
                0x90000000                cy_meta_custnvl

.cywolatch      0x90100000        0x4
 *(.cywolatch)
 .cywolatch     0x90100000        0x4 .\CortexM3\ARM_GCC_493\Debug\cymetadata.o
                0x90100000                cy_meta_wonvl

.cyeeprom       0x90200000        0x0
 *(.cyeeprom)
                0x00000001                ASSERT ((. <= ((0x90200000 + ee_offset) + ee_size)), .cyeeprom data will not fit in EEPROM)

.cyflashprotect
                0x90400000       0x80
 *(.cyflashprotect)
 .cyflashprotect
                0x90400000       0x80 .\CortexM3\ARM_GCC_493\Debug\cymetadata.o
                0x90400000                cy_meta_flashprotect

.cymeta         0x90500000        0xc
 *(.cymeta)
 .cymeta        0x90500000        0xc .\CortexM3\ARM_GCC_493\Debug\cymetadata.o
                0x90500000                cy_metadata

.rel.dyn        0x000017b0        0x0 load address 0x9050000c
 .rel.iplt      0x00000000        0x0 c:/program files (x86)/cypress/psoc creator/3.3/psoc creator/import/gnu/arm/4.9.3/bin/../lib/gcc/arm-none-eabi/4.9.3/armv7-m/crtbegin.o

.stab
 *(.stab)

.stabstr
 *(.stabstr)

.debug
 *(.debug)

.line
 *(.line)

.debug_srcinfo
 *(.debug_srcinfo)

.debug_sfnames
 *(.debug_sfnames)

.debug_aranges  0x00000000      0xec0
 *(.debug_aranges)
 .debug_aranges
                0x00000000       0x20 .\CortexM3\ARM_GCC_493\Debug\main.o
 .debug_aranges
                0x00000020       0x88 .\CortexM3\ARM_GCC_493\Debug\Transfer.o
 .debug_aranges
                0x000000a8       0x18 .\CortexM3\ARM_GCC_493\Debug\car.o
 .debug_aranges
                0x000000c0      0x180 .\CortexM3\ARM_GCC_493\Debug\key.o
 .debug_aranges
                0x00000240       0x38 .\CortexM3\ARM_GCC_493\Debug\buzzer.o
 .debug_aranges
                0x00000278       0x18 .\CortexM3\ARM_GCC_493\Debug\cymetadata.o
 .debug_aranges
                0x00000290       0x48 .\CortexM3\ARM_GCC_493\Debug\Cm3Start.o
 .debug_aranges
                0x000002d8       0x58 .\CortexM3\ARM_GCC_493\Debug\car.a(cyfitter_cfg.o)
 .debug_aranges
                0x00000330       0x20 .\CortexM3\ARM_GCC_493\Debug\car.a(CyBootAsmGnu.o)
 .debug_aranges
                0x00000350      0x298 .\CortexM3\ARM_GCC_493\Debug\car.a(CyLib.o)
 .debug_aranges
                0x000005e8       0x98 .\CortexM3\ARM_GCC_493\Debug\car.a(cyPm.o)
 .debug_aranges
                0x00000680       0xf0 .\CortexM3\ARM_GCC_493\Debug\car.a(UART_net.o)
 .debug_aranges
                0x00000770       0x70 .\CortexM3\ARM_GCC_493\Debug\car.a(UART_net_IntClock.o)
 .debug_aranges
                0x000007e0       0x80 .\CortexM3\ARM_GCC_493\Debug\car.a(isr_rx_net.o)
 .debug_aranges
                0x00000860       0x38 .\CortexM3\ARM_GCC_493\Debug\car.a(KEY_UP.o)
 .debug_aranges
                0x00000898       0x38 .\CortexM3\ARM_GCC_493\Debug\car.a(KEY_DOWN.o)
 .debug_aranges
                0x000008d0       0x38 .\CortexM3\ARM_GCC_493\Debug\car.a(KEY_LEFT.o)
 .debug_aranges
                0x00000908       0x38 .\CortexM3\ARM_GCC_493\Debug\car.a(KEY_RIGHT.o)
 .debug_aranges
                0x00000940       0x88 .\CortexM3\ARM_GCC_493\Debug\car.a(Timer_1.o)
 .debug_aranges
                0x000009c8       0x80 .\CortexM3\ARM_GCC_493\Debug\car.a(isr_timer.o)
 .debug_aranges
                0x00000a48       0x38 .\CortexM3\ARM_GCC_493\Debug\car.a(Beep.o)
 .debug_aranges
                0x00000a80       0x38 .\CortexM3\ARM_GCC_493\Debug\car.a(KEY_SPEED_LOW.o)
 .debug_aranges
                0x00000ab8       0x38 .\CortexM3\ARM_GCC_493\Debug\car.a(PTZ_UP.o)
 .debug_aranges
                0x00000af0       0x38 .\CortexM3\ARM_GCC_493\Debug\car.a(PTZ_DOWN.o)
 .debug_aranges
                0x00000b28       0x38 .\CortexM3\ARM_GCC_493\Debug\car.a(PTZ_LEFT.o)
 .debug_aranges
                0x00000b60       0x38 .\CortexM3\ARM_GCC_493\Debug\car.a(PTZ_RIGHT.o)
 .debug_aranges
                0x00000b98       0x38 .\CortexM3\ARM_GCC_493\Debug\car.a(KEY_SPEED_HIGH.o)
 .debug_aranges
                0x00000bd0       0x38 .\CortexM3\ARM_GCC_493\Debug\car.a(LED_START.o)
 .debug_aranges
                0x00000c08       0x38 .\CortexM3\ARM_GCC_493\Debug\car.a(LED_LEFT_LOW.o)
 .debug_aranges
                0x00000c40       0x38 .\CortexM3\ARM_GCC_493\Debug\car.a(LED_DOWN_LOW.o)
 .debug_aranges
                0x00000c78       0x38 .\CortexM3\ARM_GCC_493\Debug\car.a(LED_UP_LOW.o)
 .debug_aranges
                0x00000cb0       0x38 .\CortexM3\ARM_GCC_493\Debug\car.a(LED_RIGHT_LOW.o)
 .debug_aranges
                0x00000ce8       0x38 .\CortexM3\ARM_GCC_493\Debug\car.a(LED_UP_HIGH.o)
 .debug_aranges
                0x00000d20       0x38 .\CortexM3\ARM_GCC_493\Debug\car.a(LED_DOWN_HIGH.o)
 .debug_aranges
                0x00000d58       0x38 .\CortexM3\ARM_GCC_493\Debug\car.a(LED_LEFT_HIGH.o)
 .debug_aranges
                0x00000d90       0x38 .\CortexM3\ARM_GCC_493\Debug\car.a(LED_RIGHT_HIGH.o)
 .debug_aranges
                0x00000dc8       0x80 .\CortexM3\ARM_GCC_493\Debug\car.a(CyFlash.o)
 .debug_aranges
                0x00000e48       0x78 .\CortexM3\ARM_GCC_493\Debug\car.a(CySpc.o)

.debug_pubnames
 *(.debug_pubnames)

.debug_info     0x00000000     0x8ab9
 *(.debug_info .gnu.linkonce.wi.*)
 .debug_info    0x00000000      0x344 .\CortexM3\ARM_GCC_493\Debug\main.o
 .debug_info    0x00000344      0xb7c .\CortexM3\ARM_GCC_493\Debug\Transfer.o
 .debug_info    0x00000ec0      0x1c3 .\CortexM3\ARM_GCC_493\Debug\car.o
 .debug_info    0x00001083     0x1a18 .\CortexM3\ARM_GCC_493\Debug\key.o
 .debug_info    0x00002a9b      0x2d0 .\CortexM3\ARM_GCC_493\Debug\buzzer.o
 .debug_info    0x00002d6b      0x13a .\CortexM3\ARM_GCC_493\Debug\cymetadata.o
 .debug_info    0x00002ea5      0x3a3 .\CortexM3\ARM_GCC_493\Debug\Cm3Start.o
 .debug_info    0x00003248      0x60b .\CortexM3\ARM_GCC_493\Debug\car.a(cyfitter_cfg.o)
 .debug_info    0x00003853       0x89 .\CortexM3\ARM_GCC_493\Debug\car.a(CyBootAsmGnu.o)
 .debug_info    0x000038dc     0x136c .\CortexM3\ARM_GCC_493\Debug\car.a(CyLib.o)
 .debug_info    0x00004c48      0xa55 .\CortexM3\ARM_GCC_493\Debug\car.a(cyPm.o)
 .debug_info    0x0000569d      0x600 .\CortexM3\ARM_GCC_493\Debug\car.a(UART_net.o)
 .debug_info    0x00005c9d      0x281 .\CortexM3\ARM_GCC_493\Debug\car.a(UART_net_IntClock.o)
 .debug_info    0x00005f1e      0x461 .\CortexM3\ARM_GCC_493\Debug\car.a(isr_rx_net.o)
 .debug_info    0x0000637f      0x11e .\CortexM3\ARM_GCC_493\Debug\car.a(KEY_UP.o)
 .debug_info    0x0000649d      0x11e .\CortexM3\ARM_GCC_493\Debug\car.a(KEY_DOWN.o)
 .debug_info    0x000065bb      0x11e .\CortexM3\ARM_GCC_493\Debug\car.a(KEY_LEFT.o)
 .debug_info    0x000066d9      0x11e .\CortexM3\ARM_GCC_493\Debug\car.a(KEY_RIGHT.o)
 .debug_info    0x000067f7      0x28c .\CortexM3\ARM_GCC_493\Debug\car.a(Timer_1.o)
 .debug_info    0x00006a83      0x35f .\CortexM3\ARM_GCC_493\Debug\car.a(isr_timer.o)
 .debug_info    0x00006de2      0x11e .\CortexM3\ARM_GCC_493\Debug\car.a(Beep.o)
 .debug_info    0x00006f00      0x11e .\CortexM3\ARM_GCC_493\Debug\car.a(KEY_SPEED_LOW.o)
 .debug_info    0x0000701e      0x11e .\CortexM3\ARM_GCC_493\Debug\car.a(PTZ_UP.o)
 .debug_info    0x0000713c      0x11e .\CortexM3\ARM_GCC_493\Debug\car.a(PTZ_DOWN.o)
 .debug_info    0x0000725a      0x11e .\CortexM3\ARM_GCC_493\Debug\car.a(PTZ_LEFT.o)
 .debug_info    0x00007378      0x11e .\CortexM3\ARM_GCC_493\Debug\car.a(PTZ_RIGHT.o)
 .debug_info    0x00007496      0x11e .\CortexM3\ARM_GCC_493\Debug\car.a(KEY_SPEED_HIGH.o)
 .debug_info    0x000075b4      0x11e .\CortexM3\ARM_GCC_493\Debug\car.a(LED_START.o)
 .debug_info    0x000076d2      0x11e .\CortexM3\ARM_GCC_493\Debug\car.a(LED_LEFT_LOW.o)
 .debug_info    0x000077f0      0x120 .\CortexM3\ARM_GCC_493\Debug\car.a(LED_DOWN_LOW.o)
 .debug_info    0x00007910      0x11e .\CortexM3\ARM_GCC_493\Debug\car.a(LED_UP_LOW.o)
 .debug_info    0x00007a2e      0x11e .\CortexM3\ARM_GCC_493\Debug\car.a(LED_RIGHT_LOW.o)
 .debug_info    0x00007b4c      0x11e .\CortexM3\ARM_GCC_493\Debug\car.a(LED_UP_HIGH.o)
 .debug_info    0x00007c6a      0x11e .\CortexM3\ARM_GCC_493\Debug\car.a(LED_DOWN_HIGH.o)
 .debug_info    0x00007d88      0x11e .\CortexM3\ARM_GCC_493\Debug\car.a(LED_LEFT_HIGH.o)
 .debug_info    0x00007ea6      0x11e .\CortexM3\ARM_GCC_493\Debug\car.a(LED_RIGHT_HIGH.o)
 .debug_info    0x00007fc4      0x608 .\CortexM3\ARM_GCC_493\Debug\car.a(CyFlash.o)
 .debug_info    0x000085cc      0x4ed .\CortexM3\ARM_GCC_493\Debug\car.a(CySpc.o)

.debug_abbrev   0x00000000     0x2905
 *(.debug_abbrev)
 .debug_abbrev  0x00000000      0x16b .\CortexM3\ARM_GCC_493\Debug\main.o
 .debug_abbrev  0x0000016b      0x237 .\CortexM3\ARM_GCC_493\Debug\Transfer.o
 .debug_abbrev  0x000003a2       0xa8 .\CortexM3\ARM_GCC_493\Debug\car.o
 .debug_abbrev  0x0000044a      0x287 .\CortexM3\ARM_GCC_493\Debug\key.o
 .debug_abbrev  0x000006d1      0x142 .\CortexM3\ARM_GCC_493\Debug\buzzer.o
 .debug_abbrev  0x00000813       0x66 .\CortexM3\ARM_GCC_493\Debug\cymetadata.o
 .debug_abbrev  0x00000879      0x20f .\CortexM3\ARM_GCC_493\Debug\Cm3Start.o
 .debug_abbrev  0x00000a88      0x212 .\CortexM3\ARM_GCC_493\Debug\car.a(cyfitter_cfg.o)
 .debug_abbrev  0x00000c9a       0x14 .\CortexM3\ARM_GCC_493\Debug\car.a(CyBootAsmGnu.o)
 .debug_abbrev  0x00000cae      0x296 .\CortexM3\ARM_GCC_493\Debug\car.a(CyLib.o)
 .debug_abbrev  0x00000f44      0x1fa .\CortexM3\ARM_GCC_493\Debug\car.a(cyPm.o)
 .debug_abbrev  0x0000113e      0x1af .\CortexM3\ARM_GCC_493\Debug\car.a(UART_net.o)
 .debug_abbrev  0x000012ed      0x146 .\CortexM3\ARM_GCC_493\Debug\car.a(UART_net_IntClock.o)
 .debug_abbrev  0x00001433      0x210 .\CortexM3\ARM_GCC_493\Debug\car.a(isr_rx_net.o)
 .debug_abbrev  0x00001643       0x9d .\CortexM3\ARM_GCC_493\Debug\car.a(KEY_UP.o)
 .debug_abbrev  0x000016e0       0x9d .\CortexM3\ARM_GCC_493\Debug\car.a(KEY_DOWN.o)
 .debug_abbrev  0x0000177d       0x9d .\CortexM3\ARM_GCC_493\Debug\car.a(KEY_LEFT.o)
 .debug_abbrev  0x0000181a       0x9d .\CortexM3\ARM_GCC_493\Debug\car.a(KEY_RIGHT.o)
 .debug_abbrev  0x000018b7      0x127 .\CortexM3\ARM_GCC_493\Debug\car.a(Timer_1.o)
 .debug_abbrev  0x000019de      0x1ab .\CortexM3\ARM_GCC_493\Debug\car.a(isr_timer.o)
 .debug_abbrev  0x00001b89       0x9d .\CortexM3\ARM_GCC_493\Debug\car.a(Beep.o)
 .debug_abbrev  0x00001c26       0x9d .\CortexM3\ARM_GCC_493\Debug\car.a(KEY_SPEED_LOW.o)
 .debug_abbrev  0x00001cc3       0x9d .\CortexM3\ARM_GCC_493\Debug\car.a(PTZ_UP.o)
 .debug_abbrev  0x00001d60       0x9d .\CortexM3\ARM_GCC_493\Debug\car.a(PTZ_DOWN.o)
 .debug_abbrev  0x00001dfd       0x9d .\CortexM3\ARM_GCC_493\Debug\car.a(PTZ_LEFT.o)
 .debug_abbrev  0x00001e9a       0x9d .\CortexM3\ARM_GCC_493\Debug\car.a(PTZ_RIGHT.o)
 .debug_abbrev  0x00001f37       0x9d .\CortexM3\ARM_GCC_493\Debug\car.a(KEY_SPEED_HIGH.o)
 .debug_abbrev  0x00001fd4       0x9d .\CortexM3\ARM_GCC_493\Debug\car.a(LED_START.o)
 .debug_abbrev  0x00002071       0x9d .\CortexM3\ARM_GCC_493\Debug\car.a(LED_LEFT_LOW.o)
 .debug_abbrev  0x0000210e       0x9d .\CortexM3\ARM_GCC_493\Debug\car.a(LED_DOWN_LOW.o)
 .debug_abbrev  0x000021ab       0x9d .\CortexM3\ARM_GCC_493\Debug\car.a(LED_UP_LOW.o)
 .debug_abbrev  0x00002248       0x9d .\CortexM3\ARM_GCC_493\Debug\car.a(LED_RIGHT_LOW.o)
 .debug_abbrev  0x000022e5       0x9d .\CortexM3\ARM_GCC_493\Debug\car.a(LED_UP_HIGH.o)
 .debug_abbrev  0x00002382       0x9d .\CortexM3\ARM_GCC_493\Debug\car.a(LED_DOWN_HIGH.o)
 .debug_abbrev  0x0000241f       0x9d .\CortexM3\ARM_GCC_493\Debug\car.a(LED_LEFT_HIGH.o)
 .debug_abbrev  0x000024bc       0x9d .\CortexM3\ARM_GCC_493\Debug\car.a(LED_RIGHT_HIGH.o)
 .debug_abbrev  0x00002559      0x1de .\CortexM3\ARM_GCC_493\Debug\car.a(CyFlash.o)
 .debug_abbrev  0x00002737      0x1ce .\CortexM3\ARM_GCC_493\Debug\car.a(CySpc.o)

.debug_line     0x00000000     0x39fb
 *(.debug_line)
 .debug_line    0x00000000      0x1d1 .\CortexM3\ARM_GCC_493\Debug\main.o
 .debug_line    0x000001d1      0x432 .\CortexM3\ARM_GCC_493\Debug\Transfer.o
 .debug_line    0x00000603      0x152 .\CortexM3\ARM_GCC_493\Debug\car.o
 .debug_line    0x00000755      0x67a .\CortexM3\ARM_GCC_493\Debug\key.o
 .debug_line    0x00000dcf      0x210 .\CortexM3\ARM_GCC_493\Debug\buzzer.o
 .debug_line    0x00000fdf       0x53 .\CortexM3\ARM_GCC_493\Debug\cymetadata.o
 .debug_line    0x00001032      0x249 .\CortexM3\ARM_GCC_493\Debug\Cm3Start.o
 .debug_line    0x0000127b      0x1fd .\CortexM3\ARM_GCC_493\Debug\car.a(cyfitter_cfg.o)
 .debug_line    0x00001478       0x68 .\CortexM3\ARM_GCC_493\Debug\car.a(CyBootAsmGnu.o)
 .debug_line    0x000014e0      0x806 .\CortexM3\ARM_GCC_493\Debug\car.a(CyLib.o)
 .debug_line    0x00001ce6      0x366 .\CortexM3\ARM_GCC_493\Debug\car.a(cyPm.o)
 .debug_line    0x0000204c      0x2c6 .\CortexM3\ARM_GCC_493\Debug\car.a(UART_net.o)
 .debug_line    0x00002312      0x199 .\CortexM3\ARM_GCC_493\Debug\car.a(UART_net_IntClock.o)
 .debug_line    0x000024ab      0x282 .\CortexM3\ARM_GCC_493\Debug\car.a(isr_rx_net.o)
 .debug_line    0x0000272d       0x95 .\CortexM3\ARM_GCC_493\Debug\car.a(KEY_UP.o)
 .debug_line    0x000027c2       0x97 .\CortexM3\ARM_GCC_493\Debug\car.a(KEY_DOWN.o)
 .debug_line    0x00002859       0x97 .\CortexM3\ARM_GCC_493\Debug\car.a(KEY_LEFT.o)
 .debug_line    0x000028f0       0x98 .\CortexM3\ARM_GCC_493\Debug\car.a(KEY_RIGHT.o)
 .debug_line    0x00002988      0x157 .\CortexM3\ARM_GCC_493\Debug\car.a(Timer_1.o)
 .debug_line    0x00002adf      0x159 .\CortexM3\ARM_GCC_493\Debug\car.a(isr_timer.o)
 .debug_line    0x00002c38       0x93 .\CortexM3\ARM_GCC_493\Debug\car.a(Beep.o)
 .debug_line    0x00002ccb       0x9c .\CortexM3\ARM_GCC_493\Debug\car.a(KEY_SPEED_LOW.o)
 .debug_line    0x00002d67       0x95 .\CortexM3\ARM_GCC_493\Debug\car.a(PTZ_UP.o)
 .debug_line    0x00002dfc       0x97 .\CortexM3\ARM_GCC_493\Debug\car.a(PTZ_DOWN.o)
 .debug_line    0x00002e93       0x97 .\CortexM3\ARM_GCC_493\Debug\car.a(PTZ_LEFT.o)
 .debug_line    0x00002f2a       0x98 .\CortexM3\ARM_GCC_493\Debug\car.a(PTZ_RIGHT.o)
 .debug_line    0x00002fc2       0x9d .\CortexM3\ARM_GCC_493\Debug\car.a(KEY_SPEED_HIGH.o)
 .debug_line    0x0000305f       0x98 .\CortexM3\ARM_GCC_493\Debug\car.a(LED_START.o)
 .debug_line    0x000030f7       0x9b .\CortexM3\ARM_GCC_493\Debug\car.a(LED_LEFT_LOW.o)
 .debug_line    0x00003192       0x9b .\CortexM3\ARM_GCC_493\Debug\car.a(LED_DOWN_LOW.o)
 .debug_line    0x0000322d       0x99 .\CortexM3\ARM_GCC_493\Debug\car.a(LED_UP_LOW.o)
 .debug_line    0x000032c6       0x9c .\CortexM3\ARM_GCC_493\Debug\car.a(LED_RIGHT_LOW.o)
 .debug_line    0x00003362       0x9a .\CortexM3\ARM_GCC_493\Debug\car.a(LED_UP_HIGH.o)
 .debug_line    0x000033fc       0x9c .\CortexM3\ARM_GCC_493\Debug\car.a(LED_DOWN_HIGH.o)
 .debug_line    0x00003498       0x9c .\CortexM3\ARM_GCC_493\Debug\car.a(LED_LEFT_HIGH.o)
 .debug_line    0x00003534       0x9d .\CortexM3\ARM_GCC_493\Debug\car.a(LED_RIGHT_HIGH.o)
 .debug_line    0x000035d1      0x1ec .\CortexM3\ARM_GCC_493\Debug\car.a(CyFlash.o)
 .debug_line    0x000037bd      0x23e .\CortexM3\ARM_GCC_493\Debug\car.a(CySpc.o)

.debug_frame    0x00000000     0x2220
 *(.debug_frame)
 .debug_frame   0x00000000       0x2c .\CortexM3\ARM_GCC_493\Debug\main.o
 .debug_frame   0x0000002c      0x1dc .\CortexM3\ARM_GCC_493\Debug\Transfer.o
 .debug_frame   0x00000208      0x4c8 .\CortexM3\ARM_GCC_493\Debug\key.o
 .debug_frame   0x000006d0       0x78 .\CortexM3\ARM_GCC_493\Debug\buzzer.o
 .debug_frame   0x00000748       0xac .\CortexM3\ARM_GCC_493\Debug\Cm3Start.o
 .debug_frame   0x000007f4       0xe4 .\CortexM3\ARM_GCC_493\Debug\car.a(cyfitter_cfg.o)
 .debug_frame   0x000008d8      0x728 .\CortexM3\ARM_GCC_493\Debug\car.a(CyLib.o)
 .debug_frame   0x00001000      0x1f8 .\CortexM3\ARM_GCC_493\Debug\car.a(cyPm.o)
 .debug_frame   0x000011f8      0x250 .\CortexM3\ARM_GCC_493\Debug\car.a(UART_net.o)
 .debug_frame   0x00001448       0xe0 .\CortexM3\ARM_GCC_493\Debug\car.a(UART_net_IntClock.o)
 .debug_frame   0x00001528      0x110 .\CortexM3\ARM_GCC_493\Debug\car.a(isr_rx_net.o)
 .debug_frame   0x00001638       0x50 .\CortexM3\ARM_GCC_493\Debug\car.a(KEY_UP.o)
 .debug_frame   0x00001688       0x50 .\CortexM3\ARM_GCC_493\Debug\car.a(KEY_DOWN.o)
 .debug_frame   0x000016d8       0x50 .\CortexM3\ARM_GCC_493\Debug\car.a(KEY_LEFT.o)
 .debug_frame   0x00001728       0x50 .\CortexM3\ARM_GCC_493\Debug\car.a(KEY_RIGHT.o)
 .debug_frame   0x00001778      0x108 .\CortexM3\ARM_GCC_493\Debug\car.a(Timer_1.o)
 .debug_frame   0x00001880      0x110 .\CortexM3\ARM_GCC_493\Debug\car.a(isr_timer.o)
 .debug_frame   0x00001990       0x50 .\CortexM3\ARM_GCC_493\Debug\car.a(Beep.o)
 .debug_frame   0x000019e0       0x50 .\CortexM3\ARM_GCC_493\Debug\car.a(KEY_SPEED_LOW.o)
 .debug_frame   0x00001a30       0x50 .\CortexM3\ARM_GCC_493\Debug\car.a(PTZ_UP.o)
 .debug_frame   0x00001a80       0x50 .\CortexM3\ARM_GCC_493\Debug\car.a(PTZ_DOWN.o)
 .debug_frame   0x00001ad0       0x50 .\CortexM3\ARM_GCC_493\Debug\car.a(PTZ_LEFT.o)
 .debug_frame   0x00001b20       0x50 .\CortexM3\ARM_GCC_493\Debug\car.a(PTZ_RIGHT.o)
 .debug_frame   0x00001b70       0x50 .\CortexM3\ARM_GCC_493\Debug\car.a(KEY_SPEED_HIGH.o)
 .debug_frame   0x00001bc0       0x50 .\CortexM3\ARM_GCC_493\Debug\car.a(LED_START.o)
 .debug_frame   0x00001c10       0x50 .\CortexM3\ARM_GCC_493\Debug\car.a(LED_LEFT_LOW.o)
 .debug_frame   0x00001c60       0x50 .\CortexM3\ARM_GCC_493\Debug\car.a(LED_DOWN_LOW.o)
 .debug_frame   0x00001cb0       0x50 .\CortexM3\ARM_GCC_493\Debug\car.a(LED_UP_LOW.o)
 .debug_frame   0x00001d00       0x50 .\CortexM3\ARM_GCC_493\Debug\car.a(LED_RIGHT_LOW.o)
 .debug_frame   0x00001d50       0x50 .\CortexM3\ARM_GCC_493\Debug\car.a(LED_UP_HIGH.o)
 .debug_frame   0x00001da0       0x50 .\CortexM3\ARM_GCC_493\Debug\car.a(LED_DOWN_HIGH.o)
 .debug_frame   0x00001df0       0x50 .\CortexM3\ARM_GCC_493\Debug\car.a(LED_LEFT_HIGH.o)
 .debug_frame   0x00001e40       0x50 .\CortexM3\ARM_GCC_493\Debug\car.a(LED_RIGHT_HIGH.o)
 .debug_frame   0x00001e90      0x174 .\CortexM3\ARM_GCC_493\Debug\car.a(CyFlash.o)
 .debug_frame   0x00002004      0x160 .\CortexM3\ARM_GCC_493\Debug\car.a(CySpc.o)
 .debug_frame   0x00002164       0x20 c:/program files (x86)/cypress/psoc creator/3.3/psoc creator/import/gnu/arm/4.9.3/bin/../lib/gcc/arm-none-eabi/4.9.3/../../../../arm-none-eabi/lib/armv7-m\libg_nano.a(lib_a-errno.o)
 .debug_frame   0x00002184       0x28 c:/program files (x86)/cypress/psoc creator/3.3/psoc creator/import/gnu/arm/4.9.3/bin/../lib/gcc/arm-none-eabi/4.9.3/../../../../arm-none-eabi/lib/armv7-m\libg_nano.a(lib_a-exit.o)
 .debug_frame   0x000021ac       0x2c c:/program files (x86)/cypress/psoc creator/3.3/psoc creator/import/gnu/arm/4.9.3/bin/../lib/gcc/arm-none-eabi/4.9.3/../../../../arm-none-eabi/lib/armv7-m\libg_nano.a(lib_a-init.o)
 .debug_frame   0x000021d8       0x28 c:/program files (x86)/cypress/psoc creator/3.3/psoc creator/import/gnu/arm/4.9.3/bin/../lib/gcc/arm-none-eabi/4.9.3/../../../../arm-none-eabi/lib/armv7-m\libg_nano.a(lib_a-memcpy.o)
 .debug_frame   0x00002200       0x20 c:/program files (x86)/cypress/psoc creator/3.3/psoc creator/import/gnu/arm/4.9.3/bin/../lib/gcc/arm-none-eabi/4.9.3/../../../../arm-none-eabi/lib/armv7-m\libg_nano.a(lib_a-memset.o)

.debug_str      0x00000000     0x2f7f
 *(.debug_str)
 .debug_str     0x00000000      0x36a .\CortexM3\ARM_GCC_493\Debug\main.o
                                0x3c0 (size before relaxing)
 .debug_str     0x0000036a      0x2b5 .\CortexM3\ARM_GCC_493\Debug\Transfer.o
                                0x565 (size before relaxing)
 .debug_str     0x0000061f        0x8 .\CortexM3\ARM_GCC_493\Debug\car.o
                                0x27e (size before relaxing)
 .debug_str     0x00000627      0x710 .\CortexM3\ARM_GCC_493\Debug\key.o
                                0xaa2 (size before relaxing)
 .debug_str     0x00000d37       0x71 .\CortexM3\ARM_GCC_493\Debug\buzzer.o
                                0x220 (size before relaxing)
 .debug_str     0x00000da8       0x77 .\CortexM3\ARM_GCC_493\Debug\cymetadata.o
                                0x1e3 (size before relaxing)
 .debug_str     0x00000e1f      0x160 .\CortexM3\ARM_GCC_493\Debug\Cm3Start.o
                                0x2f7 (size before relaxing)
 .debug_str     0x00000f7f      0x184 .\CortexM3\ARM_GCC_493\Debug\car.a(cyfitter_cfg.o)
                                0x331 (size before relaxing)
 .debug_str     0x00001103      0x822 .\CortexM3\ARM_GCC_493\Debug\car.a(CyLib.o)
                                0xa1c (size before relaxing)
 .debug_str     0x00001925      0x35b .\CortexM3\ARM_GCC_493\Debug\car.a(cyPm.o)
                                0x714 (size before relaxing)
 .debug_str     0x00001c80      0x2cc .\CortexM3\ARM_GCC_493\Debug\car.a(UART_net.o)
                                0x4de (size before relaxing)
 .debug_str     0x00001f4c      0x1ad .\CortexM3\ARM_GCC_493\Debug\car.a(UART_net_IntClock.o)
                                0x35f (size before relaxing)
 .debug_str     0x000020f9      0x123 .\CortexM3\ARM_GCC_493\Debug\car.a(isr_rx_net.o)
                                0x417 (size before relaxing)
 .debug_str     0x0000221c       0x6d .\CortexM3\ARM_GCC_493\Debug\car.a(KEY_UP.o)
                                0x1e0 (size before relaxing)
 .debug_str     0x00002289       0x6c .\CortexM3\ARM_GCC_493\Debug\car.a(KEY_DOWN.o)
                                0x1ea (size before relaxing)
 .debug_str     0x000022f5       0x6c .\CortexM3\ARM_GCC_493\Debug\car.a(KEY_LEFT.o)
                                0x1ea (size before relaxing)
 .debug_str     0x00002361       0x71 .\CortexM3\ARM_GCC_493\Debug\car.a(KEY_RIGHT.o)
                                0x1ef (size before relaxing)
 .debug_str     0x000023d2      0x16e .\CortexM3\ARM_GCC_493\Debug\car.a(Timer_1.o)
                                0x302 (size before relaxing)
 .debug_str     0x00002540      0x12a .\CortexM3\ARM_GCC_493\Debug\car.a(isr_timer.o)
                                0x315 (size before relaxing)
 .debug_str     0x0000266a       0x4d .\CortexM3\ARM_GCC_493\Debug\car.a(Beep.o)
                                0x1d6 (size before relaxing)
 .debug_str     0x000026b7       0x72 .\CortexM3\ARM_GCC_493\Debug\car.a(KEY_SPEED_LOW.o)
                                0x203 (size before relaxing)
 .debug_str     0x00002729       0x62 .\CortexM3\ARM_GCC_493\Debug\car.a(PTZ_UP.o)
                                0x1e0 (size before relaxing)
 .debug_str     0x0000278b       0x6c .\CortexM3\ARM_GCC_493\Debug\car.a(PTZ_DOWN.o)
                                0x1ea (size before relaxing)
 .debug_str     0x000027f7       0x6c .\CortexM3\ARM_GCC_493\Debug\car.a(PTZ_LEFT.o)
                                0x1ea (size before relaxing)
 .debug_str     0x00002863       0x71 .\CortexM3\ARM_GCC_493\Debug\car.a(PTZ_RIGHT.o)
                                0x1ef (size before relaxing)
 .debug_str     0x000028d4       0x76 .\CortexM3\ARM_GCC_493\Debug\car.a(KEY_SPEED_HIGH.o)
                                0x208 (size before relaxing)
 .debug_str     0x0000294a       0x71 .\CortexM3\ARM_GCC_493\Debug\car.a(LED_START.o)
                                0x1ef (size before relaxing)
 .debug_str     0x000029bb       0x6e .\CortexM3\ARM_GCC_493\Debug\car.a(LED_LEFT_LOW.o)
                                0x1fe (size before relaxing)
 .debug_str     0x00002a29       0x6e .\CortexM3\ARM_GCC_493\Debug\car.a(LED_DOWN_LOW.o)
                                0x1fe (size before relaxing)
 .debug_str     0x00002a97       0x66 .\CortexM3\ARM_GCC_493\Debug\car.a(LED_UP_LOW.o)
                                0x1f4 (size before relaxing)
 .debug_str     0x00002afd       0x72 .\CortexM3\ARM_GCC_493\Debug\car.a(LED_RIGHT_LOW.o)
                                0x203 (size before relaxing)
 .debug_str     0x00002b6f       0x6a .\CortexM3\ARM_GCC_493\Debug\car.a(LED_UP_HIGH.o)
                                0x1f9 (size before relaxing)
 .debug_str     0x00002bd9       0x72 .\CortexM3\ARM_GCC_493\Debug\car.a(LED_DOWN_HIGH.o)
                                0x203 (size before relaxing)
 .debug_str     0x00002c4b       0x72 .\CortexM3\ARM_GCC_493\Debug\car.a(LED_LEFT_HIGH.o)
                                0x203 (size before relaxing)
 .debug_str     0x00002cbd       0x76 .\CortexM3\ARM_GCC_493\Debug\car.a(LED_RIGHT_HIGH.o)
                                0x208 (size before relaxing)
 .debug_str     0x00002d33      0x19e .\CortexM3\ARM_GCC_493\Debug\car.a(CyFlash.o)
                                0x38e (size before relaxing)
 .debug_str     0x00002ed1       0xae .\CortexM3\ARM_GCC_493\Debug\car.a(CySpc.o)
                                0x317 (size before relaxing)

.debug_loc      0x00000000     0x367c
 *(.debug_loc)
 .debug_loc     0x00000000     0x10b5 .\CortexM3\ARM_GCC_493\Debug\Transfer.o
 .debug_loc     0x000010b5      0x1ef .\CortexM3\ARM_GCC_493\Debug\key.o
 .debug_loc     0x000012a4      0x17a .\CortexM3\ARM_GCC_493\Debug\buzzer.o
 .debug_loc     0x0000141e      0x144 .\CortexM3\ARM_GCC_493\Debug\Cm3Start.o
 .debug_loc     0x00001562      0x25a .\CortexM3\ARM_GCC_493\Debug\car.a(cyfitter_cfg.o)
 .debug_loc     0x000017bc      0xa11 .\CortexM3\ARM_GCC_493\Debug\car.a(CyLib.o)
 .debug_loc     0x000021cd      0x1e4 .\CortexM3\ARM_GCC_493\Debug\car.a(cyPm.o)
 .debug_loc     0x000023b1      0x258 .\CortexM3\ARM_GCC_493\Debug\car.a(UART_net.o)
 .debug_loc     0x00002609      0x12c .\CortexM3\ARM_GCC_493\Debug\car.a(UART_net_IntClock.o)
 .debug_loc     0x00002735       0x69 .\CortexM3\ARM_GCC_493\Debug\car.a(isr_rx_net.o)
 .debug_loc     0x0000279e       0x42 .\CortexM3\ARM_GCC_493\Debug\car.a(KEY_UP.o)
 .debug_loc     0x000027e0       0x42 .\CortexM3\ARM_GCC_493\Debug\car.a(KEY_DOWN.o)
 .debug_loc     0x00002822       0x42 .\CortexM3\ARM_GCC_493\Debug\car.a(KEY_LEFT.o)
 .debug_loc     0x00002864       0x42 .\CortexM3\ARM_GCC_493\Debug\car.a(KEY_RIGHT.o)
 .debug_loc     0x000028a6       0x56 .\CortexM3\ARM_GCC_493\Debug\car.a(isr_timer.o)
 .debug_loc     0x000028fc       0x42 .\CortexM3\ARM_GCC_493\Debug\car.a(Beep.o)
 .debug_loc     0x0000293e       0x42 .\CortexM3\ARM_GCC_493\Debug\car.a(KEY_SPEED_LOW.o)
 .debug_loc     0x00002980       0x42 .\CortexM3\ARM_GCC_493\Debug\car.a(PTZ_UP.o)
 .debug_loc     0x000029c2       0x42 .\CortexM3\ARM_GCC_493\Debug\car.a(PTZ_DOWN.o)
 .debug_loc     0x00002a04       0x42 .\CortexM3\ARM_GCC_493\Debug\car.a(PTZ_LEFT.o)
 .debug_loc     0x00002a46       0x42 .\CortexM3\ARM_GCC_493\Debug\car.a(PTZ_RIGHT.o)
 .debug_loc     0x00002a88       0x42 .\CortexM3\ARM_GCC_493\Debug\car.a(KEY_SPEED_HIGH.o)
 .debug_loc     0x00002aca       0x42 .\CortexM3\ARM_GCC_493\Debug\car.a(LED_START.o)
 .debug_loc     0x00002b0c       0x42 .\CortexM3\ARM_GCC_493\Debug\car.a(LED_LEFT_LOW.o)
 .debug_loc     0x00002b4e       0x55 .\CortexM3\ARM_GCC_493\Debug\car.a(LED_DOWN_LOW.o)
 .debug_loc     0x00002ba3       0x42 .\CortexM3\ARM_GCC_493\Debug\car.a(LED_UP_LOW.o)
 .debug_loc     0x00002be5       0x42 .\CortexM3\ARM_GCC_493\Debug\car.a(LED_RIGHT_LOW.o)
 .debug_loc     0x00002c27       0x42 .\CortexM3\ARM_GCC_493\Debug\car.a(LED_UP_HIGH.o)
 .debug_loc     0x00002c69       0x42 .\CortexM3\ARM_GCC_493\Debug\car.a(LED_DOWN_HIGH.o)
 .debug_loc     0x00002cab       0x42 .\CortexM3\ARM_GCC_493\Debug\car.a(LED_LEFT_HIGH.o)
 .debug_loc     0x00002ced       0x42 .\CortexM3\ARM_GCC_493\Debug\car.a(LED_RIGHT_HIGH.o)
 .debug_loc     0x00002d2f      0x300 .\CortexM3\ARM_GCC_493\Debug\car.a(CyFlash.o)
 .debug_loc     0x0000302f      0x64d .\CortexM3\ARM_GCC_493\Debug\car.a(CySpc.o)

.debug_macinfo
 *(.debug_macinfo)

.debug_ranges   0x00000000      0xc40
 *(.debug_ranges)
 .debug_ranges  0x00000000       0x10 .\CortexM3\ARM_GCC_493\Debug\main.o
 .debug_ranges  0x00000010       0x78 .\CortexM3\ARM_GCC_493\Debug\Transfer.o
 .debug_ranges  0x00000088      0x170 .\CortexM3\ARM_GCC_493\Debug\key.o
 .debug_ranges  0x000001f8       0x28 .\CortexM3\ARM_GCC_493\Debug\buzzer.o
 .debug_ranges  0x00000220       0x38 .\CortexM3\ARM_GCC_493\Debug\Cm3Start.o
 .debug_ranges  0x00000258       0x48 .\CortexM3\ARM_GCC_493\Debug\car.a(cyfitter_cfg.o)
 .debug_ranges  0x000002a0      0x288 .\CortexM3\ARM_GCC_493\Debug\car.a(CyLib.o)
 .debug_ranges  0x00000528       0x88 .\CortexM3\ARM_GCC_493\Debug\car.a(cyPm.o)
 .debug_ranges  0x000005b0       0xe0 .\CortexM3\ARM_GCC_493\Debug\car.a(UART_net.o)
 .debug_ranges  0x00000690       0x60 .\CortexM3\ARM_GCC_493\Debug\car.a(UART_net_IntClock.o)
 .debug_ranges  0x000006f0       0x70 .\CortexM3\ARM_GCC_493\Debug\car.a(isr_rx_net.o)
 .debug_ranges  0x00000760       0x28 .\CortexM3\ARM_GCC_493\Debug\car.a(KEY_UP.o)
 .debug_ranges  0x00000788       0x28 .\CortexM3\ARM_GCC_493\Debug\car.a(KEY_DOWN.o)
 .debug_ranges  0x000007b0       0x28 .\CortexM3\ARM_GCC_493\Debug\car.a(KEY_LEFT.o)
 .debug_ranges  0x000007d8       0x28 .\CortexM3\ARM_GCC_493\Debug\car.a(KEY_RIGHT.o)
 .debug_ranges  0x00000800       0x78 .\CortexM3\ARM_GCC_493\Debug\car.a(Timer_1.o)
 .debug_ranges  0x00000878       0x70 .\CortexM3\ARM_GCC_493\Debug\car.a(isr_timer.o)
 .debug_ranges  0x000008e8       0x28 .\CortexM3\ARM_GCC_493\Debug\car.a(Beep.o)
 .debug_ranges  0x00000910       0x28 .\CortexM3\ARM_GCC_493\Debug\car.a(KEY_SPEED_LOW.o)
 .debug_ranges  0x00000938       0x28 .\CortexM3\ARM_GCC_493\Debug\car.a(PTZ_UP.o)
 .debug_ranges  0x00000960       0x28 .\CortexM3\ARM_GCC_493\Debug\car.a(PTZ_DOWN.o)
 .debug_ranges  0x00000988       0x28 .\CortexM3\ARM_GCC_493\Debug\car.a(PTZ_LEFT.o)
 .debug_ranges  0x000009b0       0x28 .\CortexM3\ARM_GCC_493\Debug\car.a(PTZ_RIGHT.o)
 .debug_ranges  0x000009d8       0x28 .\CortexM3\ARM_GCC_493\Debug\car.a(KEY_SPEED_HIGH.o)
 .debug_ranges  0x00000a00       0x28 .\CortexM3\ARM_GCC_493\Debug\car.a(LED_START.o)
 .debug_ranges  0x00000a28       0x28 .\CortexM3\ARM_GCC_493\Debug\car.a(LED_LEFT_LOW.o)
 .debug_ranges  0x00000a50       0x28 .\CortexM3\ARM_GCC_493\Debug\car.a(LED_DOWN_LOW.o)
 .debug_ranges  0x00000a78       0x28 .\CortexM3\ARM_GCC_493\Debug\car.a(LED_UP_LOW.o)
 .debug_ranges  0x00000aa0       0x28 .\CortexM3\ARM_GCC_493\Debug\car.a(LED_RIGHT_LOW.o)
 .debug_ranges  0x00000ac8       0x28 .\CortexM3\ARM_GCC_493\Debug\car.a(LED_UP_HIGH.o)
 .debug_ranges  0x00000af0       0x28 .\CortexM3\ARM_GCC_493\Debug\car.a(LED_DOWN_HIGH.o)
 .debug_ranges  0x00000b18       0x28 .\CortexM3\ARM_GCC_493\Debug\car.a(LED_LEFT_HIGH.o)
 .debug_ranges  0x00000b40       0x28 .\CortexM3\ARM_GCC_493\Debug\car.a(LED_RIGHT_HIGH.o)
 .debug_ranges  0x00000b68       0x70 .\CortexM3\ARM_GCC_493\Debug\car.a(CyFlash.o)
 .debug_ranges  0x00000bd8       0x68 .\CortexM3\ARM_GCC_493\Debug\car.a(CySpc.o)

.comment        0x00000000       0x70
 .comment       0x00000000       0x70 .\CortexM3\ARM_GCC_493\Debug\main.o
                                 0x71 (size before relaxing)
 .comment       0x00000000       0x71 .\CortexM3\ARM_GCC_493\Debug\Transfer.o
 .comment       0x00000000       0x71 .\CortexM3\ARM_GCC_493\Debug\car.o
 .comment       0x00000000       0x71 .\CortexM3\ARM_GCC_493\Debug\key.o
 .comment       0x00000000       0x71 .\CortexM3\ARM_GCC_493\Debug\buzzer.o
 .comment       0x00000000       0x71 .\CortexM3\ARM_GCC_493\Debug\cymetadata.o
 .comment       0x00000000       0x71 .\CortexM3\ARM_GCC_493\Debug\Cm3Start.o
 .comment       0x00000000       0x71 .\CortexM3\ARM_GCC_493\Debug\car.a(cyfitter_cfg.o)
 .comment       0x00000000       0x71 .\CortexM3\ARM_GCC_493\Debug\car.a(CyLib.o)
 .comment       0x00000000       0x71 .\CortexM3\ARM_GCC_493\Debug\car.a(cyPm.o)
 .comment       0x00000000       0x71 .\CortexM3\ARM_GCC_493\Debug\car.a(UART_net.o)
 .comment       0x00000000       0x71 .\CortexM3\ARM_GCC_493\Debug\car.a(UART_net_IntClock.o)
 .comment       0x00000000       0x71 .\CortexM3\ARM_GCC_493\Debug\car.a(isr_rx_net.o)
 .comment       0x00000000       0x71 .\CortexM3\ARM_GCC_493\Debug\car.a(KEY_UP.o)
 .comment       0x00000000       0x71 .\CortexM3\ARM_GCC_493\Debug\car.a(KEY_DOWN.o)
 .comment       0x00000000       0x71 .\CortexM3\ARM_GCC_493\Debug\car.a(KEY_LEFT.o)
 .comment       0x00000000       0x71 .\CortexM3\ARM_GCC_493\Debug\car.a(KEY_RIGHT.o)
 .comment       0x00000000       0x71 .\CortexM3\ARM_GCC_493\Debug\car.a(Timer_1.o)
 .comment       0x00000000       0x71 .\CortexM3\ARM_GCC_493\Debug\car.a(isr_timer.o)
 .comment       0x00000000       0x71 .\CortexM3\ARM_GCC_493\Debug\car.a(Beep.o)
 .comment       0x00000000       0x71 .\CortexM3\ARM_GCC_493\Debug\car.a(KEY_SPEED_LOW.o)
 .comment       0x00000000       0x71 .\CortexM3\ARM_GCC_493\Debug\car.a(PTZ_UP.o)
 .comment       0x00000000       0x71 .\CortexM3\ARM_GCC_493\Debug\car.a(PTZ_DOWN.o)
 .comment       0x00000000       0x71 .\CortexM3\ARM_GCC_493\Debug\car.a(PTZ_LEFT.o)
 .comment       0x00000000       0x71 .\CortexM3\ARM_GCC_493\Debug\car.a(PTZ_RIGHT.o)
 .comment       0x00000000       0x71 .\CortexM3\ARM_GCC_493\Debug\car.a(KEY_SPEED_HIGH.o)
 .comment       0x00000000       0x71 .\CortexM3\ARM_GCC_493\Debug\car.a(LED_START.o)
 .comment       0x00000000       0x71 .\CortexM3\ARM_GCC_493\Debug\car.a(LED_LEFT_LOW.o)
 .comment       0x00000000       0x71 .\CortexM3\ARM_GCC_493\Debug\car.a(LED_DOWN_LOW.o)
 .comment       0x00000000       0x71 .\CortexM3\ARM_GCC_493\Debug\car.a(LED_UP_LOW.o)
 .comment       0x00000000       0x71 .\CortexM3\ARM_GCC_493\Debug\car.a(LED_RIGHT_LOW.o)
 .comment       0x00000000       0x71 .\CortexM3\ARM_GCC_493\Debug\car.a(LED_UP_HIGH.o)
 .comment       0x00000000       0x71 .\CortexM3\ARM_GCC_493\Debug\car.a(LED_DOWN_HIGH.o)
 .comment       0x00000000       0x71 .\CortexM3\ARM_GCC_493\Debug\car.a(LED_LEFT_HIGH.o)
 .comment       0x00000000       0x71 .\CortexM3\ARM_GCC_493\Debug\car.a(LED_RIGHT_HIGH.o)
 .comment       0x00000000       0x71 .\CortexM3\ARM_GCC_493\Debug\car.a(CyFlash.o)
 .comment       0x00000000       0x71 .\CortexM3\ARM_GCC_493\Debug\car.a(CySpc.o)

.debug_weaknames
 *(.debug_weaknames)

.debug_funcnames
 *(.debug_funcnames)

.debug_typenames
 *(.debug_typenames)

.debug_varnames
 *(.debug_varnames)

.note.gnu.arm.ident
 *(.note.gnu.arm.ident)

.ARM.attributes
                0x00000000       0x29
 *(.ARM.attributes)
 .ARM.attributes
                0x00000000       0x1d c:/program files (x86)/cypress/psoc creator/3.3/psoc creator/import/gnu/arm/4.9.3/bin/../lib/gcc/arm-none-eabi/4.9.3/armv7-m/crti.o
 .ARM.attributes
                0x0000001d       0x2d c:/program files (x86)/cypress/psoc creator/3.3/psoc creator/import/gnu/arm/4.9.3/bin/../lib/gcc/arm-none-eabi/4.9.3/armv7-m/crtbegin.o
 .ARM.attributes
                0x0000004a       0x1b c:/program files (x86)/cypress/psoc creator/3.3/psoc creator/import/gnu/arm/4.9.3/bin/../lib/gcc/arm-none-eabi/4.9.3/../../../../arm-none-eabi/lib/armv7-m/crt0.o
 .ARM.attributes
                0x00000065       0x33 .\CortexM3\ARM_GCC_493\Debug\main.o
 .ARM.attributes
                0x00000098       0x33 .\CortexM3\ARM_GCC_493\Debug\Transfer.o
 .ARM.attributes
                0x000000cb       0x33 .\CortexM3\ARM_GCC_493\Debug\car.o
 .ARM.attributes
                0x000000fe       0x33 .\CortexM3\ARM_GCC_493\Debug\key.o
 .ARM.attributes
                0x00000131       0x33 .\CortexM3\ARM_GCC_493\Debug\buzzer.o
 .ARM.attributes
                0x00000164       0x33 .\CortexM3\ARM_GCC_493\Debug\cymetadata.o
 .ARM.attributes
                0x00000197       0x33 .\CortexM3\ARM_GCC_493\Debug\Cm3Start.o
 .ARM.attributes
                0x000001ca       0x33 .\CortexM3\ARM_GCC_493\Debug\car.a(cyfitter_cfg.o)
 .ARM.attributes
                0x000001fd       0x21 .\CortexM3\ARM_GCC_493\Debug\car.a(CyBootAsmGnu.o)
 .ARM.attributes
                0x0000021e       0x33 .\CortexM3\ARM_GCC_493\Debug\car.a(CyLib.o)
 .ARM.attributes
                0x00000251       0x33 .\CortexM3\ARM_GCC_493\Debug\car.a(cyPm.o)
 .ARM.attributes
                0x00000284       0x33 .\CortexM3\ARM_GCC_493\Debug\car.a(UART_net.o)
 .ARM.attributes
                0x000002b7       0x33 .\CortexM3\ARM_GCC_493\Debug\car.a(UART_net_IntClock.o)
 .ARM.attributes
                0x000002ea       0x33 .\CortexM3\ARM_GCC_493\Debug\car.a(isr_rx_net.o)
 .ARM.attributes
                0x0000031d       0x33 .\CortexM3\ARM_GCC_493\Debug\car.a(KEY_UP.o)
 .ARM.attributes
                0x00000350       0x33 .\CortexM3\ARM_GCC_493\Debug\car.a(KEY_DOWN.o)
 .ARM.attributes
                0x00000383       0x33 .\CortexM3\ARM_GCC_493\Debug\car.a(KEY_LEFT.o)
 .ARM.attributes
                0x000003b6       0x33 .\CortexM3\ARM_GCC_493\Debug\car.a(KEY_RIGHT.o)
 .ARM.attributes
                0x000003e9       0x33 .\CortexM3\ARM_GCC_493\Debug\car.a(Timer_1.o)
 .ARM.attributes
                0x0000041c       0x33 .\CortexM3\ARM_GCC_493\Debug\car.a(isr_timer.o)
 .ARM.attributes
                0x0000044f       0x33 .\CortexM3\ARM_GCC_493\Debug\car.a(Beep.o)
 .ARM.attributes
                0x00000482       0x33 .\CortexM3\ARM_GCC_493\Debug\car.a(KEY_SPEED_LOW.o)
 .ARM.attributes
                0x000004b5       0x33 .\CortexM3\ARM_GCC_493\Debug\car.a(PTZ_UP.o)
 .ARM.attributes
                0x000004e8       0x33 .\CortexM3\ARM_GCC_493\Debug\car.a(PTZ_DOWN.o)
 .ARM.attributes
                0x0000051b       0x33 .\CortexM3\ARM_GCC_493\Debug\car.a(PTZ_LEFT.o)
 .ARM.attributes
                0x0000054e       0x33 .\CortexM3\ARM_GCC_493\Debug\car.a(PTZ_RIGHT.o)
 .ARM.attributes
                0x00000581       0x33 .\CortexM3\ARM_GCC_493\Debug\car.a(KEY_SPEED_HIGH.o)
 .ARM.attributes
                0x000005b4       0x33 .\CortexM3\ARM_GCC_493\Debug\car.a(LED_START.o)
 .ARM.attributes
                0x000005e7       0x33 .\CortexM3\ARM_GCC_493\Debug\car.a(LED_LEFT_LOW.o)
 .ARM.attributes
                0x0000061a       0x33 .\CortexM3\ARM_GCC_493\Debug\car.a(LED_DOWN_LOW.o)
 .ARM.attributes
                0x0000064d       0x33 .\CortexM3\ARM_GCC_493\Debug\car.a(LED_UP_LOW.o)
 .ARM.attributes
                0x00000680       0x33 .\CortexM3\ARM_GCC_493\Debug\car.a(LED_RIGHT_LOW.o)
 .ARM.attributes
                0x000006b3       0x33 .\CortexM3\ARM_GCC_493\Debug\car.a(LED_UP_HIGH.o)
 .ARM.attributes
                0x000006e6       0x33 .\CortexM3\ARM_GCC_493\Debug\car.a(LED_DOWN_HIGH.o)
 .ARM.attributes
                0x00000719       0x33 .\CortexM3\ARM_GCC_493\Debug\car.a(LED_LEFT_HIGH.o)
 .ARM.attributes
                0x0000074c       0x33 .\CortexM3\ARM_GCC_493\Debug\car.a(LED_RIGHT_HIGH.o)
 .ARM.attributes
                0x0000077f       0x33 .\CortexM3\ARM_GCC_493\Debug\car.a(CyFlash.o)
 .ARM.attributes
                0x000007b2       0x33 .\CortexM3\ARM_GCC_493\Debug\car.a(CySpc.o)
 .ARM.attributes
                0x000007e5       0x2d c:/program files (x86)/cypress/psoc creator/3.3/psoc creator/import/gnu/arm/4.9.3/bin/../lib/gcc/arm-none-eabi/4.9.3/../../../../arm-none-eabi/lib/armv7-m\libg_nano.a(lib_a-errno.o)
 .ARM.attributes
                0x00000812       0x2d c:/program files (x86)/cypress/psoc creator/3.3/psoc creator/import/gnu/arm/4.9.3/bin/../lib/gcc/arm-none-eabi/4.9.3/../../../../arm-none-eabi/lib/armv7-m\libg_nano.a(lib_a-exit.o)
 .ARM.attributes
                0x0000083f       0x2d c:/program files (x86)/cypress/psoc creator/3.3/psoc creator/import/gnu/arm/4.9.3/bin/../lib/gcc/arm-none-eabi/4.9.3/../../../../arm-none-eabi/lib/armv7-m\libg_nano.a(lib_a-impure.o)
 .ARM.attributes
                0x0000086c       0x2d c:/program files (x86)/cypress/psoc creator/3.3/psoc creator/import/gnu/arm/4.9.3/bin/../lib/gcc/arm-none-eabi/4.9.3/../../../../arm-none-eabi/lib/armv7-m\libg_nano.a(lib_a-init.o)
 .ARM.attributes
                0x00000899       0x2d c:/program files (x86)/cypress/psoc creator/3.3/psoc creator/import/gnu/arm/4.9.3/bin/../lib/gcc/arm-none-eabi/4.9.3/../../../../arm-none-eabi/lib/armv7-m\libg_nano.a(lib_a-memcpy.o)
 .ARM.attributes
                0x000008c6       0x2d c:/program files (x86)/cypress/psoc creator/3.3/psoc creator/import/gnu/arm/4.9.3/bin/../lib/gcc/arm-none-eabi/4.9.3/../../../../arm-none-eabi/lib/armv7-m\libg_nano.a(lib_a-memset.o)
 .ARM.attributes
                0x000008f3       0x2d c:/program files (x86)/cypress/psoc creator/3.3/psoc creator/import/gnu/arm/4.9.3/bin/../lib/gcc/arm-none-eabi/4.9.3/armv7-m/crtend.o
 .ARM.attributes
                0x00000920       0x1d c:/program files (x86)/cypress/psoc creator/3.3/psoc creator/import/gnu/arm/4.9.3/bin/../lib/gcc/arm-none-eabi/4.9.3/armv7-m/crtn.o

/DISCARD/
 *(.note.GNU-stack)
OUTPUT(.\CortexM3\ARM_GCC_493\Debug\car.elf elf32-littlearm)
