Archive member included because of file (symbol)

.\CortexM3\ARM_GCC_493\Debug\raoxianpan.a(cyfitter_cfg.o)
                              .\CortexM3\ARM_GCC_493\Debug\Cm3Start.o (cyfitter_cfg)
.\CortexM3\ARM_GCC_493\Debug\raoxianpan.a(CyBootAsmGnu.o)
                              .\CortexM3\ARM_GCC_493\Debug\raoxianpan.a(cyfitter_cfg.o) (CyDelayCycles)
.\CortexM3\ARM_GCC_493\Debug\raoxianpan.a(CyLib.o)
                              .\CortexM3\ARM_GCC_493\Debug\Cm3Start.o (CyHalt)
.\CortexM3\ARM_GCC_493\Debug\raoxianpan.a(cyPm.o)
                              .\CortexM3\ARM_GCC_493\Debug\raoxianpan.a(CyLib.o) (CyPmReadStatus)
.\CortexM3\ARM_GCC_493\Debug\raoxianpan.a(UART_net.o)
                              .\CortexM3\ARM_GCC_493\Debug\main.o (UART_net_Start)
.\CortexM3\ARM_GCC_493\Debug\raoxianpan.a(UART_net_IntClock.o)
                              .\CortexM3\ARM_GCC_493\Debug\raoxianpan.a(UART_net.o) (UART_net_IntClock_Start)
.\CortexM3\ARM_GCC_493\Debug\raoxianpan.a(isr_rx_net.o)
                              .\CortexM3\ARM_GCC_493\Debug\main.o (isr_rx_net_Start)
.\CortexM3\ARM_GCC_493\Debug\raoxianpan.a(PWM_1.o)
                              .\CortexM3\ARM_GCC_493\Debug\main.o (PWM_1_Stop)
.\CortexM3\ARM_GCC_493\Debug\raoxianpan.a(Timer_1.o)
                              .\CortexM3\ARM_GCC_493\Debug\main.o (Timer_1_Start)
.\CortexM3\ARM_GCC_493\Debug\raoxianpan.a(isr_timer.o)
                              .\CortexM3\ARM_GCC_493\Debug\main.o (isr_timer_Start)
.\CortexM3\ARM_GCC_493\Debug\raoxianpan.a(ENA.o)
                              .\CortexM3\ARM_GCC_493\Debug\main.o (ENA_Write)
.\CortexM3\ARM_GCC_493\Debug\raoxianpan.a(DIR.o)
                              .\CortexM3\ARM_GCC_493\Debug\main.o (DIR_Write)
.\CortexM3\ARM_GCC_493\Debug\raoxianpan.a(ADC.o)
                              .\CortexM3\ARM_GCC_493\Debug\V_battery.o (ADC_Start)
.\CortexM3\ARM_GCC_493\Debug\raoxianpan.a(ADC_INT.o)
                              .\CortexM3\ARM_GCC_493\Debug\raoxianpan.a(ADC.o) (ADC_ISR)
.\CortexM3\ARM_GCC_493\Debug\raoxianpan.a(ADC_theACLK.o)
                              .\CortexM3\ARM_GCC_493\Debug\raoxianpan.a(ADC.o) (ADC_theACLK_SetModeRegister)
.\CortexM3\ARM_GCC_493\Debug\raoxianpan.a(PWM_P.o)
                              .\CortexM3\ARM_GCC_493\Debug\main.o (PWM_P_Start)
.\CortexM3\ARM_GCC_493\Debug\raoxianpan.a(CyFlash.o)
                              .\CortexM3\ARM_GCC_493\Debug\raoxianpan.a(cyPm.o) (CyFlash_SetWaitCycles)
.\CortexM3\ARM_GCC_493\Debug\raoxianpan.a(CySpc.o)
                              .\CortexM3\ARM_GCC_493\Debug\raoxianpan.a(CyFlash.o) (CySpcStart)
c:/program files (x86)/cypress/psoc creator/3.3/psoc creator/import/gnu/arm/4.9.3/bin/../lib/gcc/arm-none-eabi/4.9.3/armv7-m\libgcc.a(_arm_addsubsf3.o)
                              .\CortexM3\ARM_GCC_493\Debug\raoxianpan.a(ADC.o) (__aeabi_i2f)
c:/program files (x86)/cypress/psoc creator/3.3/psoc creator/import/gnu/arm/4.9.3/bin/../lib/gcc/arm-none-eabi/4.9.3/armv7-m\libgcc.a(_arm_muldivsf3.o)
                              .\CortexM3\ARM_GCC_493\Debug\raoxianpan.a(ADC.o) (__aeabi_fmul)
c:/program files (x86)/cypress/psoc creator/3.3/psoc creator/import/gnu/arm/4.9.3/bin/../lib/gcc/arm-none-eabi/4.9.3/armv7-m\libgcc.a(_aeabi_ldivmod.o)
                              .\CortexM3\ARM_GCC_493\Debug\raoxianpan.a(ADC.o) (__aeabi_ldivmod)
c:/program files (x86)/cypress/psoc creator/3.3/psoc creator/import/gnu/arm/4.9.3/bin/../lib/gcc/arm-none-eabi/4.9.3/armv7-m\libgcc.a(bpabi.o)
                              c:/program files (x86)/cypress/psoc creator/3.3/psoc creator/import/gnu/arm/4.9.3/bin/../lib/gcc/arm-none-eabi/4.9.3/armv7-m\libgcc.a(_aeabi_ldivmod.o) (__gnu_ldivmod_helper)
c:/program files (x86)/cypress/psoc creator/3.3/psoc creator/import/gnu/arm/4.9.3/bin/../lib/gcc/arm-none-eabi/4.9.3/armv7-m\libgcc.a(_dvmd_tls.o)
                              c:/program files (x86)/cypress/psoc creator/3.3/psoc creator/import/gnu/arm/4.9.3/bin/../lib/gcc/arm-none-eabi/4.9.3/armv7-m\libgcc.a(_aeabi_ldivmod.o) (__aeabi_ldiv0)
c:/program files (x86)/cypress/psoc creator/3.3/psoc creator/import/gnu/arm/4.9.3/bin/../lib/gcc/arm-none-eabi/4.9.3/armv7-m\libgcc.a(_divdi3.o)
                              c:/program files (x86)/cypress/psoc creator/3.3/psoc creator/import/gnu/arm/4.9.3/bin/../lib/gcc/arm-none-eabi/4.9.3/armv7-m\libgcc.a(bpabi.o) (__divdi3)
c:/program files (x86)/cypress/psoc creator/3.3/psoc creator/import/gnu/arm/4.9.3/bin/../lib/gcc/arm-none-eabi/4.9.3/armv7-m\libgcc.a(_udivdi3.o)
                              c:/program files (x86)/cypress/psoc creator/3.3/psoc creator/import/gnu/arm/4.9.3/bin/../lib/gcc/arm-none-eabi/4.9.3/armv7-m\libgcc.a(bpabi.o) (__udivdi3)
c:/program files (x86)/cypress/psoc creator/3.3/psoc creator/import/gnu/arm/4.9.3/bin/../lib/gcc/arm-none-eabi/4.9.3/../../../../arm-none-eabi/lib/armv7-m\libg_nano.a(lib_a-errno.o)
                              .\CortexM3\ARM_GCC_493\Debug\Cm3Start.o (__errno)
[...]
Memory Configuration

Name             Origin             Length             Attributes
rom              0x00000000         0x00020000         xr
ram              0x1fffc000         0x00008000         xrw
*default*        0x00000000         0xffffffff

Linker script and memory map

LOAD c:/program files (x86)/cypress/psoc creator/3.3/psoc creator/import/gnu/arm/4.9.3/bin/../lib/gcc/arm-none-eabi/4.9.3/armv7-m/crti.o
LOAD c:/program files (x86)/cypress/psoc creator/3.3/psoc creator/import/gnu/arm/4.9.3/bin/../lib/gcc/arm-none-eabi/4.9.3/armv7-m/crtbegin.o
LOAD c:/program files (x86)/cypress/psoc creator/3.3/psoc creator/import/gnu/arm/4.9.3/bin/../lib/gcc/arm-none-eabi/4.9.3/../../../../arm-none-eabi/lib/armv7-m/crt0.o
START GROUP
LOAD .\CortexM3\ARM_GCC_493\Debug\main.o
LOAD .\CortexM3\ARM_GCC_493\Debug\Transfer.o
LOAD .\CortexM3\ARM_GCC_493\Debug\WireReel.o
LOAD .\CortexM3\ARM_GCC_493\Debug\key.o
LOAD .\CortexM3\ARM_GCC_493\Debug\buzzer.o
LOAD .\CortexM3\ARM_GCC_493\Debug\V_battery.o
LOAD .\CortexM3\ARM_GCC_493\Debug\multi_timer.o
LOAD .\CortexM3\ARM_GCC_493\Debug\cymetadata.o
LOAD .\CortexM3\ARM_GCC_493\Debug\Cm3Start.o
LOAD .\CortexM3\ARM_GCC_493\Debug\raoxianpan.a
LOAD C:\Program Files (x86)\Cypress\PSoC Creator\3.3\PSoC Creator\psoc\content\cycomponentlibrary\CyComponentLibrary.cylib\CortexM3\ARM_GCC_493\Debug\CyComponentLibrary.a
END GROUP
START GROUP
LOAD c:/program files (x86)/cypress/psoc creator/3.3/psoc creator/import/gnu/arm/4.9.3/bin/../lib/gcc/arm-none-eabi/4.9.3/armv7-m\libgcc.a
LOAD c:/program files (x86)/cypress/psoc creator/3.3/psoc creator/import/gnu/arm/4.9.3/bin/../lib/gcc/arm-none-eabi/4.9.3/../../../../arm-none-eabi/lib/armv7-m\libg_nano.a
LOAD c:/program files (x86)/cypress/psoc creator/3.3/psoc creator/import/gnu/arm/4.9.3/bin/../lib/gcc/arm-none-eabi/4.9.3/../../../../arm-none-eabi/lib/armv7-m\libc_nano.a
END GROUP
START GROUP
LOAD c:/program files (x86)/cypress/psoc creator/3.3/psoc creator/import/gnu/arm/4.9.3/bin/../lib/gcc/arm-none-eabi/4.9.3/armv7-m\libgcc.a
LOAD c:/program files (x86)/cypress/psoc creator/3.3/psoc creator/import/gnu/arm/4.9.3/bin/../lib/gcc/arm-none-eabi/4.9.3/../../../../arm-none-eabi/lib/armv7-m\libc_nano.a
END GROUP
LOAD c:/program files (x86)/cypress/psoc creator/3.3/psoc creator/import/gnu/arm/4.9.3/bin/../lib/gcc/arm-none-eabi/4.9.3/armv7-m/crtend.o
LOAD c:/program files (x86)/cypress/psoc creator/3.3/psoc creator/import/gnu/arm/4.9.3/bin/../lib/gcc/arm-none-eabi/4.9.3/armv7-m/crtn.o
START GROUP
LOAD c:/program files (x86)/cypress/psoc creator/3.3/psoc creator/import/gnu/arm/4.9.3/bin/../lib/gcc/arm-none-eabi/4.9.3/armv7-m\libgcc.a
LOAD c:/program files (x86)/cypress/psoc creator/3.3/psoc creator/import/gnu/arm/4.9.3/bin/../lib/gcc/arm-none-eabi/4.9.3/../../../../arm-none-eabi/lib/armv7-m\libc.a
LOAD c:/program files (x86)/cypress/psoc creator/3.3/psoc creator/import/gnu/arm/4.9.3/bin/../lib/gcc/arm-none-eabi/4.9.3/../../../../arm-none-eabi/lib/armv7-m\libnosys.a
END GROUP
                0x00000000                CY_APPL_ORIGIN = 0x0
                0x00000100                CY_FLASH_ROW_SIZE = 0x100
                0x00000020                CY_ECC_ROW_SIZE = 0x20
                0x00000000                CY_EE_IN_BTLDR = 0x0
                0x00000000                CY_APPL_LOADABLE = 0x0
                0x00000800                CY_EE_SIZE = 0x800
                0x00000001                CY_APPL_NUM = 0x1
                0x00000001                CY_APPL_MAX = 0x1
                0x00000040                CY_METADATA_SIZE = 0x40
                0x00000000                CY_APPL_LOADABLE = 0x0
                0x00000000                CY_CHECKSUM_EXCLUDE_SIZE = ALIGN (0x0, CY_FLASH_ROW_SIZE)
                0x1fffc3e0                PROVIDE (__cy_heap_start, _end)
                0x00000001                PROVIDE (__cy_region_num, ((__cy_regions_end - __cy_regions) / 0x10))
                0x20004000                PROVIDE (__cy_stack, (ORIGIN (ram) + 0x8000))
                0x20003800                PROVIDE (__cy_heap_end, (__cy_stack - 0x800))

.cybootloader   0x00000000        0x0
 *(.cybootloader)
                0x00000000                appl1_start = CY_APPL_ORIGIN?CY_APPL_ORIGIN:ALIGN (CY_FLASH_ROW_SIZE)
                0x0000ff00                appl2_start = (appl1_start + ALIGN ((((0x20000 - appl1_start) - (0x2 * CY_FLASH_ROW_SIZE)) / 0x2), CY_FLASH_ROW_SIZE))
                0x00000000                appl_start = (CY_APPL_NUM == 0x1)?appl1_start:appl2_start
                0x00000000                ecc_offset = ((appl_start / CY_FLASH_ROW_SIZE) * CY_ECC_ROW_SIZE)
                0x00000000                ee_offset = (CY_APPL_LOADABLE && ! (CY_EE_IN_BTLDR))?((CY_EE_SIZE / CY_APPL_MAX) * (CY_APPL_NUM - 0x1)):0x0
                0x00000800                ee_size = (CY_APPL_LOADABLE && ! (CY_EE_IN_BTLDR))?(CY_EE_SIZE / CY_APPL_MAX):CY_EE_SIZE
                0x00000000                PROVIDE (CY_ECC_OFFSET, ecc_offset)

.text           0x00000000     0x11a2
 CREATE_OBJECT_SYMBOLS
                0x00000000                PROVIDE (__cy_interrupt_vector, RomVectors)
 *(.romvectors)
 .romvectors    0x00000000       0x10 .\CortexM3\ARM_GCC_493\Debug\Cm3Start.o
                0x00000000                RomVectors
                0x00000001                ASSERT ((. != __cy_interrupt_vector), No interrupt vector)
                0x00000001                ASSERT (CY_APPL_ORIGIN?(SIZEOF (.cybootloader) <= CY_APPL_ORIGIN):0x1, Wrong image location)
                0x00000010                PROVIDE (__cy_reset, Reset)
 *(.text.Reset)
 .text.Reset    0x00000010       0x18 .\CortexM3\ARM_GCC_493\Debug\Cm3Start.o
                0x00000010                Reset
                0x00000001                ASSERT ((. != __cy_reset), No reset code)
 *(.dma_init)
                0x00000001                ASSERT ((((appl_start + .) <= 0x10000) || 0x1), DMA Init must be within the first 64k of flash)
 *(.text .text.* .gnu.linkonce.t.*)
 .text          0x00000028       0x5c c:/program files (x86)/cypress/psoc creator/3.3/psoc creator/import/gnu/arm/4.9.3/bin/../lib/gcc/arm-none-eabi/4.9.3/armv7-m/crtbegin.o
 .text.main     0x00000084       0xf0 .\CortexM3\ARM_GCC_493\Debug\main.o
                0x00000084                main
 .text.DT_Send_Data
                0x00000174        0x8 .\CortexM3\ARM_GCC_493\Debug\Transfer.o
                0x00000174                DT_Send_Data
 .text.DT_Send_Check
                0x0000017c       0x3c .\CortexM3\ARM_GCC_493\Debug\Transfer.o
 .text.DT_Data_Receive_Anl
                0x000001b8       0xd0 .\CortexM3\ARM_GCC_493\Debug\Transfer.o
                0x000001b8                DT_Data_Receive_Anl
 .text.DT_Data_Receive_Prepare
                0x00000288       0xb0 .\CortexM3\ARM_GCC_493\Debug\Transfer.o
                0x00000288                DT_Data_Receive_Prepare
 .text.DT_Send_Status
                0x00000338       0x4c .\CortexM3\ARM_GCC_493\Debug\Transfer.o
                0x00000338                DT_Send_Status
 .text.DT_Data_Exchange
                0x00000384       0xd0 .\CortexM3\ARM_GCC_493\Debug\Transfer.o
                0x00000384                DT_Data_Exchange
 .text.WireReel_init
                0x00000454        0xc .\CortexM3\ARM_GCC_493\Debug\WireReel.o
                0x00000454                WireReel_init
 .text.WireReel_Hearting_Loop
                0x00000460       0x20 .\CortexM3\ARM_GCC_493\Debug\WireReel.o
                0x00000460                WireReel_Hearting_Loop
 .text.WireReel_control_Loop
                0x00000480      0x114 .\CortexM3\ARM_GCC_493\Debug\WireReel.o
                0x00000480                WireReel_control_Loop
 .text.Monitor_Battery_Init
                0x00000594        0xc .\CortexM3\ARM_GCC_493\Debug\V_battery.o
                0x00000594                Monitor_Battery_Init
 .text.Get_Battery_ADvalue
                0x000005a0       0x48 .\CortexM3\ARM_GCC_493\Debug\V_battery.o
                0x000005a0                Get_Battery_ADvalue
 .text.Cal_Battery_loop
                0x000005e8       0x10 .\CortexM3\ARM_GCC_493\Debug\V_battery.o
                0x000005e8                Cal_Battery_loop
 .text.timer_init
                0x000005f8       0x14 .\CortexM3\ARM_GCC_493\Debug\multi_timer.o
                0x000005f8                timer_init
 .text.timer_start
                0x0000060c       0x28 .\CortexM3\ARM_GCC_493\Debug\multi_timer.o
                0x0000060c                timer_start
 .text.timer_ticks
                0x00000634       0x10 .\CortexM3\ARM_GCC_493\Debug\multi_timer.o
                0x00000634                timer_ticks
 .text.IntDefaultHandler
                0x00000644        0x4 .\CortexM3\ARM_GCC_493\Debug\Cm3Start.o
                0x00000644                IntDefaultHandler
 .text.Start_c  0x00000648       0x4c .\CortexM3\ARM_GCC_493\Debug\Cm3Start.o
                0x00000648                Start_c
 .text.initialize_psoc
                0x00000694       0x74 .\CortexM3\ARM_GCC_493\Debug\Cm3Start.o
                0x00000694                initialize_psoc
 .text.CyClockStartupError
                0x00000708        0x4 .\CortexM3\ARM_GCC_493\Debug\raoxianpan.a(cyfitter_cfg.o)
 .text.cfg_write_bytes32
                0x0000070c       0x34 .\CortexM3\ARM_GCC_493\Debug\raoxianpan.a(cyfitter_cfg.o)
 .text.AnalogSetDefault
                0x00000740       0x74 .\CortexM3\ARM_GCC_493\Debug\raoxianpan.a(cyfitter_cfg.o)
 .text.CYMEMZERO
                0x000007b4        0xc .\CortexM3\ARM_GCC_493\Debug\raoxianpan.a(cyfitter_cfg.o)
 .text.ClockSetup
                0x000007c0       0xd0 .\CortexM3\ARM_GCC_493\Debug\raoxianpan.a(cyfitter_cfg.o)
 .text.CYCONFIGCPY
                0x00000890        0x8 .\CortexM3\ARM_GCC_493\Debug\raoxianpan.a(cyfitter_cfg.o)
 .text.cyfitter_cfg
                0x00000898      0x10c .\CortexM3\ARM_GCC_493\Debug\raoxianpan.a(cyfitter_cfg.o)
                0x00000898                cyfitter_cfg
 *fill*         0x000009a4        0x4 
 .text          0x000009a8       0x20 .\CortexM3\ARM_GCC_493\Debug\raoxianpan.a(CyBootAsmGnu.o)
                0x000009a8                CyDelayCycles
                0x000009b8                CyEnterCriticalSection
                0x000009c0                CyExitCriticalSection
 .text.CyHalt   0x000009c8        0x4 .\CortexM3\ARM_GCC_493\Debug\raoxianpan.a(CyLib.o)
                0x000009c8                CyHalt
 .text.CyDelay  0x000009cc       0x2c .\CortexM3\ARM_GCC_493\Debug\raoxianpan.a(CyLib.o)
                0x000009cc                CyDelay
 .text.CyDelayUs
                0x000009f8       0x14 .\CortexM3\ARM_GCC_493\Debug\raoxianpan.a(CyLib.o)
                0x000009f8                CyDelayUs
 .text.CyIntSetVector
                0x00000a0c       0x28 .\CortexM3\ARM_GCC_493\Debug\raoxianpan.a(CyLib.o)
                0x00000a0c                CyIntSetVector
 .text.CyIntSetPriority
                0x00000a34       0x30 .\CortexM3\ARM_GCC_493\Debug\raoxianpan.a(CyLib.o)
                0x00000a34                CyIntSetPriority
 .text.UART_net_Init
                0x00000a64       0x28 .\CortexM3\ARM_GCC_493\Debug\raoxianpan.a(UART_net.o)
                0x00000a64                UART_net_Init
 .text.UART_net_Enable
                0x00000a8c       0x38 .\CortexM3\ARM_GCC_493\Debug\raoxianpan.a(UART_net.o)
                0x00000a8c                UART_net_Enable
 .text.UART_net_Start
                0x00000ac4       0x1c .\CortexM3\ARM_GCC_493\Debug\raoxianpan.a(UART_net.o)
                0x00000ac4                UART_net_Start
 .text.UART_net_GetChar
                0x00000ae0       0x2c .\CortexM3\ARM_GCC_493\Debug\raoxianpan.a(UART_net.o)
                0x00000ae0                UART_net_GetChar
 .text.UART_net_PutChar
                0x00000b0c       0x18 .\CortexM3\ARM_GCC_493\Debug\raoxianpan.a(UART_net.o)
                0x00000b0c                UART_net_PutChar
 .text.UART_net_PutArray
                0x00000b24       0x28 .\CortexM3\ARM_GCC_493\Debug\raoxianpan.a(UART_net.o)
                0x00000b24                UART_net_PutArray
 .text.UART_net_IntClock_Start
                0x00000b4c       0x1c .\CortexM3\ARM_GCC_493\Debug\raoxianpan.a(UART_net_IntClock.o)
                0x00000b4c                UART_net_IntClock_Start
 .text.isr_rx_net_Interrupt
                0x00000b68        0xc .\CortexM3\ARM_GCC_493\Debug\raoxianpan.a(isr_rx_net.o)
                0x00000b68                isr_rx_net_Interrupt
 .text.isr_rx_net_SetVector
                0x00000b74        0xc .\CortexM3\ARM_GCC_493\Debug\raoxianpan.a(isr_rx_net.o)
                0x00000b74                isr_rx_net_SetVector
 .text.isr_rx_net_SetPriority
                0x00000b80       0x10 .\CortexM3\ARM_GCC_493\Debug\raoxianpan.a(isr_rx_net.o)
                0x00000b80                isr_rx_net_SetPriority
 .text.isr_rx_net_Enable
                0x00000b90        0xc .\CortexM3\ARM_GCC_493\Debug\raoxianpan.a(isr_rx_net.o)
                0x00000b90                isr_rx_net_Enable
 .text.isr_rx_net_Disable
                0x00000b9c        0xc .\CortexM3\ARM_GCC_493\Debug\raoxianpan.a(isr_rx_net.o)
                0x00000b9c                isr_rx_net_Disable
 .text.isr_rx_net_Start
                0x00000ba8       0x1c .\CortexM3\ARM_GCC_493\Debug\raoxianpan.a(isr_rx_net.o)
                0x00000ba8                isr_rx_net_Start
 .text.PWM_1_Enable
                0x00000bc4       0x10 .\CortexM3\ARM_GCC_493\Debug\raoxianpan.a(PWM_1.o)
                0x00000bc4                PWM_1_Enable
 .text.PWM_1_Stop
                0x00000bd4       0x10 .\CortexM3\ARM_GCC_493\Debug\raoxianpan.a(PWM_1.o)
                0x00000bd4                PWM_1_Stop
 .text.PWM_1_WriteCounter
                0x00000be4        0xc .\CortexM3\ARM_GCC_493\Debug\raoxianpan.a(PWM_1.o)
                0x00000be4                PWM_1_WriteCounter
 .text.PWM_1_WritePeriod
                0x00000bf0        0xc .\CortexM3\ARM_GCC_493\Debug\raoxianpan.a(PWM_1.o)
                0x00000bf0                PWM_1_WritePeriod
 .text.PWM_1_WriteCompare1
                0x00000bfc        0xc .\CortexM3\ARM_GCC_493\Debug\raoxianpan.a(PWM_1.o)
                0x00000bfc                PWM_1_WriteCompare1
 .text.PWM_1_WriteCompare2
                0x00000c08        0xc .\CortexM3\ARM_GCC_493\Debug\raoxianpan.a(PWM_1.o)
                0x00000c08                PWM_1_WriteCompare2
 .text.PWM_1_SetInterruptMode
                0x00000c14        0xc .\CortexM3\ARM_GCC_493\Debug\raoxianpan.a(PWM_1.o)
                0x00000c14                PWM_1_SetInterruptMode
 .text.PWM_1_ReadStatusRegister
                0x00000c20        0xc .\CortexM3\ARM_GCC_493\Debug\raoxianpan.a(PWM_1.o)
                0x00000c20                PWM_1_ReadStatusRegister
 .text.PWM_1_ReadCapture
                0x00000c2c        0xc .\CortexM3\ARM_GCC_493\Debug\raoxianpan.a(PWM_1.o)
                0x00000c2c                PWM_1_ReadCapture
 .text.PWM_1_ClearFIFO
                0x00000c38       0x14 .\CortexM3\ARM_GCC_493\Debug\raoxianpan.a(PWM_1.o)
                0x00000c38                PWM_1_ClearFIFO
 .text.PWM_1_Init
                0x00000c4c       0x64 .\CortexM3\ARM_GCC_493\Debug\raoxianpan.a(PWM_1.o)
                0x00000c4c                PWM_1_Init
 .text.PWM_1_Start
                0x00000cb0       0x1c .\CortexM3\ARM_GCC_493\Debug\raoxianpan.a(PWM_1.o)
                0x00000cb0                PWM_1_Start
 .text.Timer_1_Enable
                0x00000ccc       0x28 .\CortexM3\ARM_GCC_493\Debug\raoxianpan.a(Timer_1.o)
                0x00000ccc                Timer_1_Enable
 .text.Timer_1_SetInterruptMode
                0x00000cf4        0xc .\CortexM3\ARM_GCC_493\Debug\raoxianpan.a(Timer_1.o)
                0x00000cf4                Timer_1_SetInterruptMode
 .text.Timer_1_WritePeriod
                0x00000d00        0xc .\CortexM3\ARM_GCC_493\Debug\raoxianpan.a(Timer_1.o)
                0x00000d00                Timer_1_WritePeriod
 .text.Timer_1_WriteCounter
                0x00000d0c        0xc .\CortexM3\ARM_GCC_493\Debug\raoxianpan.a(Timer_1.o)
                0x00000d0c                Timer_1_WriteCounter
 .text.Timer_1_Init
                0x00000d18       0x68 .\CortexM3\ARM_GCC_493\Debug\raoxianpan.a(Timer_1.o)
                0x00000d18                Timer_1_Init
 .text.Timer_1_Start
                0x00000d80       0x1c .\CortexM3\ARM_GCC_493\Debug\raoxianpan.a(Timer_1.o)
                0x00000d80                Timer_1_Start
 .text.isr_timer_Interrupt
                0x00000d9c       0x50 .\CortexM3\ARM_GCC_493\Debug\raoxianpan.a(isr_timer.o)
                0x00000d9c                isr_timer_Interrupt
 .text.isr_timer_SetVector
                0x00000dec        0xc .\CortexM3\ARM_GCC_493\Debug\raoxianpan.a(isr_timer.o)
                0x00000dec                isr_timer_SetVector
 .text.isr_timer_SetPriority
                0x00000df8       0x10 .\CortexM3\ARM_GCC_493\Debug\raoxianpan.a(isr_timer.o)
                0x00000df8                isr_timer_SetPriority
 .text.isr_timer_Enable
                0x00000e08        0xc .\CortexM3\ARM_GCC_493\Debug\raoxianpan.a(isr_timer.o)
                0x00000e08                isr_timer_Enable
 .text.isr_timer_Disable
                0x00000e14        0xc .\CortexM3\ARM_GCC_493\Debug\raoxianpan.a(isr_timer.o)
                0x00000e14                isr_timer_Disable
 .text.isr_timer_Start
                0x00000e20       0x1c .\CortexM3\ARM_GCC_493\Debug\raoxianpan.a(isr_timer.o)
                0x00000e20                isr_timer_Start
 .text.ENA_Write
                0x00000e3c       0x18 .\CortexM3\ARM_GCC_493\Debug\raoxianpan.a(ENA.o)
                0x00000e3c                ENA_Write
 .text.DIR_Write
                0x00000e54       0x18 .\CortexM3\ARM_GCC_493\Debug\raoxianpan.a(DIR.o)
                0x00000e54                DIR_Write
 .text.ADC_CalcGain
                0x00000e6c       0x64 .\CortexM3\ARM_GCC_493\Debug\raoxianpan.a(ADC.o)
 .text.ADC_Enable
                0x00000ed0       0x94 .\CortexM3\ARM_GCC_493\Debug\raoxianpan.a(ADC.o)
                0x00000ed0                ADC_Enable
 .text.ADC_SetResolution
                0x00000f64       0x38 .\CortexM3\ARM_GCC_493\Debug\raoxianpan.a(ADC.o)
                0x00000f64                ADC_SetResolution
 .text.ADC_Init
                0x00000f9c       0x3c .\CortexM3\ARM_GCC_493\Debug\raoxianpan.a(ADC.o)
                0x00000f9c                ADC_Init
 .text.ADC_Start
                0x00000fd8       0x1c .\CortexM3\ARM_GCC_493\Debug\raoxianpan.a(ADC.o)
                0x00000fd8                ADC_Start
 .text.ADC_StartConvert
                0x00000ff4       0x10 .\CortexM3\ARM_GCC_493\Debug\raoxianpan.a(ADC.o)
                0x00000ff4                ADC_StartConvert
 .text.ADC_GetResult16
                0x00001004       0x18 .\CortexM3\ARM_GCC_493\Debug\raoxianpan.a(ADC.o)
                0x00001004                ADC_GetResult16
 .text.ADC_ISR  0x0000101c        0x4 .\CortexM3\ARM_GCC_493\Debug\raoxianpan.a(ADC_INT.o)
                0x0000101c                ADC_ISR
 .text.ADC_theACLK_SetModeRegister
                0x00001020       0x14 .\CortexM3\ARM_GCC_493\Debug\raoxianpan.a(ADC_theACLK.o)
                0x00001020                ADC_theACLK_SetModeRegister
 .text.PWM_P_Enable
                0x00001034       0x10 .\CortexM3\ARM_GCC_493\Debug\raoxianpan.a(PWM_P.o)
                0x00001034                PWM_P_Enable
 .text.PWM_P_WriteCounter
                0x00001044        0xc .\CortexM3\ARM_GCC_493\Debug\raoxianpan.a(PWM_P.o)
                0x00001044                PWM_P_WriteCounter
 .text.PWM_P_WritePeriod
                0x00001050        0xc .\CortexM3\ARM_GCC_493\Debug\raoxianpan.a(PWM_P.o)
                0x00001050                PWM_P_WritePeriod
 .text.PWM_P_WriteCompare1
                0x0000105c        0xc .\CortexM3\ARM_GCC_493\Debug\raoxianpan.a(PWM_P.o)
                0x0000105c                PWM_P_WriteCompare1
 .text.PWM_P_WriteCompare2
                0x00001068        0xc .\CortexM3\ARM_GCC_493\Debug\raoxianpan.a(PWM_P.o)
                0x00001068                PWM_P_WriteCompare2
 .text.PWM_P_SetInterruptMode
                0x00001074        0xc .\CortexM3\ARM_GCC_493\Debug\raoxianpan.a(PWM_P.o)
                0x00001074                PWM_P_SetInterruptMode
 .text.PWM_P_ReadStatusRegister
                0x00001080        0xc .\CortexM3\ARM_GCC_493\Debug\raoxianpan.a(PWM_P.o)
                0x00001080                PWM_P_ReadStatusRegister
 .text.PWM_P_ReadCapture
                0x0000108c        0xc .\CortexM3\ARM_GCC_493\Debug\raoxianpan.a(PWM_P.o)
                0x0000108c                PWM_P_ReadCapture
 .text.PWM_P_ClearFIFO
                0x00001098       0x14 .\CortexM3\ARM_GCC_493\Debug\raoxianpan.a(PWM_P.o)
                0x00001098                PWM_P_ClearFIFO
 .text.PWM_P_Init
                0x000010ac       0x68 .\CortexM3\ARM_GCC_493\Debug\raoxianpan.a(PWM_P.o)
                0x000010ac                PWM_P_Init
 .text.PWM_P_Start
                0x00001114       0x1c .\CortexM3\ARM_GCC_493\Debug\raoxianpan.a(PWM_P.o)
                0x00001114                PWM_P_Start
 .text.__libc_init_array
                0x00001130       0x4c c:/program files (x86)/cypress/psoc creator/3.3/psoc creator/import/gnu/arm/4.9.3/bin/../lib/gcc/arm-none-eabi/4.9.3/../../../../arm-none-eabi/lib/armv7-m\libg_nano.a(lib_a-init.o)
                0x00001130                __libc_init_array
 .text.memcpy   0x0000117c       0x16 c:/program files (x86)/cypress/psoc creator/3.3/psoc creator/import/gnu/arm/4.9.3/bin/../lib/gcc/arm-none-eabi/4.9.3/../../../../arm-none-eabi/lib/armv7-m\libg_nano.a(lib_a-memcpy.o)
                0x0000117c                memcpy
 .text.memset   0x00001192       0x10 c:/program files (x86)/cypress/psoc creator/3.3/psoc creator/import/gnu/arm/4.9.3/bin/../lib/gcc/arm-none-eabi/4.9.3/../../../../arm-none-eabi/lib/armv7-m\libg_nano.a(lib_a-memset.o)
                0x00001192                memset
 *(.plt)
 *(.gnu.warning)
 *(.glue_7t)
 .glue_7t       0x00000000        0x0 linker stubs
 *(.glue_7)
 .glue_7        0x00000000        0x0 linker stubs
 *(.vfp11_veneer)
 .vfp11_veneer  0x00000000        0x0 linker stubs
 *(.bootloader)
 *(.ARM.extab* .gnu.linkonce.armextab.*)
 *(.gcc_except_table)

.v4_bx          0x000011a4        0x0
 .v4_bx         0x00000000        0x0 linker stubs

.iplt           0x000011a4        0x0
 .iplt          0x00000000        0x0 c:/program files (x86)/cypress/psoc creator/3.3/psoc creator/import/gnu/arm/4.9.3/bin/../lib/gcc/arm-none-eabi/4.9.3/armv7-m/crtbegin.o

.eh_frame_hdr
 *(.eh_frame_hdr)

.eh_frame       0x000011a4        0x4
 *(.eh_frame)
 .eh_frame      0x000011a4        0x0 c:/program files (x86)/cypress/psoc creator/3.3/psoc creator/import/gnu/arm/4.9.3/bin/../lib/gcc/arm-none-eabi/4.9.3/armv7-m/crtbegin.o
 .eh_frame      0x000011a4        0x4 c:/program files (x86)/cypress/psoc creator/3.3/psoc creator/import/gnu/arm/4.9.3/bin/../lib/gcc/arm-none-eabi/4.9.3/armv7-m/crtend.o
                0x000011a8                PROVIDE (__exidx_start, .)

.ARM.exidx
 *(.ARM.exidx* .gnu.linkonce.armexidx.*)
                0x000011a8                __exidx_end = .

.rodata         0x000011a8       0x80
 *(.rodata .rodata.* .gnu.linkonce.r.*)
 .rodata        0x000011a8       0x48 .\CortexM3\ARM_GCC_493\Debug\raoxianpan.a(cyfitter_cfg.o)
                0x000011f0                . = ALIGN (0x4)
 *(.init)
 .init          0x000011f0        0x4 c:/program files (x86)/cypress/psoc creator/3.3/psoc creator/import/gnu/arm/4.9.3/bin/../lib/gcc/arm-none-eabi/4.9.3/armv7-m/crti.o
                0x000011f0                _init
 .init          0x000011f4        0x8 c:/program files (x86)/cypress/psoc creator/3.3/psoc creator/import/gnu/arm/4.9.3/bin/../lib/gcc/arm-none-eabi/4.9.3/armv7-m/crtn.o
                0x000011fc                . = ALIGN (0x4)
                0x000011fc                __preinit_array_start = .
 *(.preinit_array)
                0x000011fc                __preinit_array_end = .
                0x000011fc                . = ALIGN (0x4)
                0x000011fc                __init_array_start = .
 *(SORT(.init_array.*))
 *(.init_array)
 .init_array    0x000011fc        0x4 c:/program files (x86)/cypress/psoc creator/3.3/psoc creator/import/gnu/arm/4.9.3/bin/../lib/gcc/arm-none-eabi/4.9.3/armv7-m/crtbegin.o
 .init_array    0x00001200        0x4 .\CortexM3\ARM_GCC_493\Debug\Cm3Start.o
                0x00001204                __init_array_end = .
                0x00001204                . = ALIGN (0x4)
 *(.fini)
 .fini          0x00001204        0x4 c:/program files (x86)/cypress/psoc creator/3.3/psoc creator/import/gnu/arm/4.9.3/bin/../lib/gcc/arm-none-eabi/4.9.3/armv7-m/crti.o
                0x00001204                _fini
 .fini          0x00001208        0x8 c:/program files (x86)/cypress/psoc creator/3.3/psoc creator/import/gnu/arm/4.9.3/bin/../lib/gcc/arm-none-eabi/4.9.3/armv7-m/crtn.o
                0x00001210                . = ALIGN (0x4)
                0x00001210                __fini_array_start = .
 *(.fini_array)
 .fini_array    0x00001210        0x4 c:/program files (x86)/cypress/psoc creator/3.3/psoc creator/import/gnu/arm/4.9.3/bin/../lib/gcc/arm-none-eabi/4.9.3/armv7-m/crtbegin.o
 *(SORT(.fini_array.*))
                0x00001214                __fini_array_end = .
                0x00001214                . = ALIGN (0x4)
 *crtbegin.o(.ctors)
 *(EXCLUDE_FILE(*crtend.o) .ctors)
 *(SORT(.ctors.*))
 *crtend.o(.ctors)
                0x00001214                . = ALIGN (0x4)
 *crtbegin.o(.dtors)
 *(EXCLUDE_FILE(*crtend.o) .dtors)
 *(SORT(.dtors.*))
 *crtend.o(.dtors)
                0x00001214                . = ALIGN (0x4)
                0x00001214                __cy_regions = .
                0x00001214        0x4 LONG 0x1228 __cy_region_init_ram
                0x00001218        0x4 LONG 0x1fffc108 __cy_region_start_data
                0x0000121c        0x4 LONG 0x18 __cy_region_init_size_ram
                0x00001220        0x4 LONG 0x2c0 __cy_region_zero_size_ram
                0x00001224                __cy_regions_end = .
                0x00001228                . = ALIGN (0x8)
 *fill*         0x00001224        0x4 
                0x00001228                _etext = .

.cy_checksum_exclude
                0x00001228        0x0
 *(.cy_checksum_exclude)

.ramvectors     0x1fffc000      0x100
                0x1fffc000                __cy_region_start_ram = .
 *(.ramvectors)
 .ramvectors    0x1fffc000      0x100 .\CortexM3\ARM_GCC_493\Debug\Cm3Start.o
                0x1fffc000                CyRamVectors

.noinit         0x1fffc100        0x5
 *(.noinit)
 .noinit        0x1fffc100        0x4 .\CortexM3\ARM_GCC_493\Debug\Cm3Start.o
 .noinit        0x1fffc104        0x1 .\CortexM3\ARM_GCC_493\Debug\raoxianpan.a(CyLib.o)
                0x1fffc104                CyResetStatus

.data           0x1fffc108       0x18 load address 0x00001228
                0x1fffc108                __cy_region_start_data = .
 *(.jcr)
 .jcr           0x1fffc108        0x0 c:/program files (x86)/cypress/psoc creator/3.3/psoc creator/import/gnu/arm/4.9.3/bin/../lib/gcc/arm-none-eabi/4.9.3/armv7-m/crtbegin.o
 .jcr           0x1fffc108        0x4 c:/program files (x86)/cypress/psoc creator/3.3/psoc creator/import/gnu/arm/4.9.3/bin/../lib/gcc/arm-none-eabi/4.9.3/armv7-m/crtend.o
 *(.got.plt)
 *(.got)
 *(.shdata)
 *(.data .data.* .gnu.linkonce.d.*)
 .data          0x1fffc10c       0x10 .\CortexM3\ARM_GCC_493\Debug\raoxianpan.a(CyLib.o)
                0x1fffc10c                cydelay_32k_ms
                0x1fffc110                cydelay_freq_khz
                0x1fffc114                cydelay_freq_mhz
                0x1fffc118                cydelay_freq_hz
                0x1fffc120                . = ALIGN (0x8)
 *fill*         0x1fffc11c        0x4 
 *(.ram)
                0x1fffc120                _edata = .

.igot.plt       0x1fffc120        0x0 load address 0x00001240
 .igot.plt      0x00000000        0x0 c:/program files (x86)/cypress/psoc creator/3.3/psoc creator/import/gnu/arm/4.9.3/bin/../lib/gcc/arm-none-eabi/4.9.3/armv7-m/crtbegin.o

.bss            0x1fffc120      0x2c0 load address 0x00001240
                0x1fffc120                PROVIDE (__bss_start__, .)
 *(.shbss)
 *(.bss .bss.* .gnu.linkonce.b.*)
 .bss           0x1fffc120       0x1c c:/program files (x86)/cypress/psoc creator/3.3/psoc creator/import/gnu/arm/4.9.3/bin/../lib/gcc/arm-none-eabi/4.9.3/armv7-m/crtbegin.o
 .bss           0x1fffc13c       0x3c .\CortexM3\ARM_GCC_493\Debug\Transfer.o
 .bss           0x1fffc178        0x1 .\CortexM3\ARM_GCC_493\Debug\WireReel.o
 *fill*         0x1fffc179        0x3 
 .bss           0x1fffc17c      0x190 .\CortexM3\ARM_GCC_493\Debug\V_battery.o
                0x1fffc17c                retADCValue2
                0x1fffc244                retADCValue1
 .bss           0x1fffc30c        0x8 .\CortexM3\ARM_GCC_493\Debug\multi_timer.o
 .bss           0x1fffc314        0x2 .\CortexM3\ARM_GCC_493\Debug\raoxianpan.a(UART_net.o)
                0x1fffc314                UART_net_initVar
 .bss           0x1fffc316        0x1 .\CortexM3\ARM_GCC_493\Debug\raoxianpan.a(PWM_1.o)
                0x1fffc316                PWM_1_initVar
 .bss           0x1fffc317        0x1 .\CortexM3\ARM_GCC_493\Debug\raoxianpan.a(Timer_1.o)
                0x1fffc317                Timer_1_initVar
 .bss           0x1fffc318        0x1 .\CortexM3\ARM_GCC_493\Debug\raoxianpan.a(ADC.o)
                0x1fffc318                ADC_initVar
 .bss           0x1fffc319        0x1 .\CortexM3\ARM_GCC_493\Debug\raoxianpan.a(PWM_P.o)
                0x1fffc319                PWM_P_initVar
 *(COMMON)
 *fill*         0x1fffc31a        0x2 
 COMMON         0x1fffc31c       0x6a .\CortexM3\ARM_GCC_493\Debug\main.o
                0x1fffc31c                g_Car
                0x1fffc33c                Data_exchange_timer
                0x1fffc34c                Cal_battery_timer
                0x1fffc35c                WireReel_hearting_timer
                0x1fffc36c                count
                0x1fffc36e                B_V
                0x1fffc370                WireReel_control_timer
                0x1fffc380                g_WireReel
 *fill*         0x1fffc386        0x2 
 COMMON         0x1fffc388       0x41 .\CortexM3\ARM_GCC_493\Debug\Transfer.o
                0x1fffc388                data_to_send
                0x1fffc3bc                f
 *fill*         0x1fffc3c9        0x1 
 COMMON         0x1fffc3ca        0x9 .\CortexM3\ARM_GCC_493\Debug\raoxianpan.a(isr_timer.o)
                0x1fffc3ca                time_1s_state
                0x1fffc3cc                time_1s
                0x1fffc3ce                time_5ms
                0x1fffc3d0                time_1ms
                0x1fffc3d2                time_5ms_state
 *fill*         0x1fffc3d3        0x1 
 COMMON         0x1fffc3d4        0xa .\CortexM3\ARM_GCC_493\Debug\raoxianpan.a(ADC.o)
                0x1fffc3d4                ADC_countsPer10Volt
                0x1fffc3d8                ADC_shift
                0x1fffc3da                ADC_countsPerVolt
                0x1fffc3dc                ADC_offset
                0x1fffc3e0                . = ALIGN (0x8)
 *fill*         0x1fffc3de        0x2 
 *(.ram.b)
                0x1fffc3e0                _end = .
                0x1fffc3e0                __end = .
                0x1fffc3e0                PROVIDE (end, .)
                0x1fffc3e0                PROVIDE (__bss_end__, .)
                0x00001228                __cy_region_init_ram = LOADADDR (.data)
                0x00000018                __cy_region_init_size_ram = (_edata - ADDR (.data))
                0x000002c0                __cy_region_zero_size_ram = (_end - _edata)

.heap           0x1fffc3e0       0x80 load address 0x00001240
                0x1fffc3e0                . = _end
                0x1fffc460                . = (. + 0x80)
 *fill*         0x1fffc3e0       0x80 
                0x1fffc460                __cy_heap_limit = .

.stack          0x20003800      0x800
                0x20003800                __cy_stack_limit = .
                0x20004000                . = (. + 0x800)
 *fill*         0x20003800      0x800 
                0x00000001                ASSERT ((__cy_stack_limit >= __cy_heap_limit), region RAM overflowed with stack)
                0x00000000                cy_checksum_exclude_size = (CY_APPL_LOADABLE == 0x1)?SIZEOF (.cy_checksum_exclude):0x0
                0x00000001                ASSERT ((cy_checksum_exclude_size <= CY_CHECKSUM_EXCLUDE_SIZE), CY_BOOT: Section .cy_checksum_exclude size exceedes specified limit.)

.cyloadermeta
 *(.cyloadermeta)

.cyloadablemeta
 *(.cyloadablemeta)

.cyconfigecc    0x80000000      0x608
 *(.cyconfigecc)
 .cyconfigecc   0x80000000      0x608 .\CortexM3\ARM_GCC_493\Debug\cymetadata.o
                0x80000000                cy_meta_configecc

.cycustnvl      0x90000000        0x4
 *(.cycustnvl)
 .cycustnvl     0x90000000        0x4 .\CortexM3\ARM_GCC_493\Debug\cymetadata.o
                0x90000000                cy_meta_custnvl

.cywolatch      0x90100000        0x4
 *(.cywolatch)
 .cywolatch     0x90100000        0x4 .\CortexM3\ARM_GCC_493\Debug\cymetadata.o
                0x90100000                cy_meta_wonvl

.cyeeprom       0x90200000        0x0
 *(.cyeeprom)
                0x00000001                ASSERT ((. <= ((0x90200000 + ee_offset) + ee_size)), .cyeeprom data will not fit in EEPROM)

.cyflashprotect
                0x90400000       0x80
 *(.cyflashprotect)
 .cyflashprotect
                0x90400000       0x80 .\CortexM3\ARM_GCC_493\Debug\cymetadata.o
                0x90400000                cy_meta_flashprotect

.cymeta         0x90500000        0xc
 *(.cymeta)
 .cymeta        0x90500000        0xc .\CortexM3\ARM_GCC_493\Debug\cymetadata.o
                0x90500000                cy_metadata

.rel.dyn        0x00001240        0x0 load address 0x9050000c
 .rel.iplt      0x00000000        0x0 c:/program files (x86)/cypress/psoc creator/3.3/psoc creator/import/gnu/arm/4.9.3/bin/../lib/gcc/arm-none-eabi/4.9.3/armv7-m/crtbegin.o

.stab
 *(.stab)

.stabstr
 *(.stabstr)

.debug
 *(.debug)

.line
 *(.line)

.debug_srcinfo
 *(.debug_srcinfo)

.debug_sfnames
 *(.debug_sfnames)

.debug_aranges  0x00000000      0xc60
 *(.debug_aranges)
 .debug_aranges
                0x00000000       0x20 .\CortexM3\ARM_GCC_493\Debug\main.o
 .debug_aranges
                0x00000020       0x88 .\CortexM3\ARM_GCC_493\Debug\Transfer.o
 .debug_aranges
                0x000000a8       0x30 .\CortexM3\ARM_GCC_493\Debug\WireReel.o
 .debug_aranges
                0x000000d8       0x38 .\CortexM3\ARM_GCC_493\Debug\buzzer.o
 .debug_aranges
                0x00000110       0x30 .\CortexM3\ARM_GCC_493\Debug\V_battery.o
 .debug_aranges
                0x00000140       0x40 .\CortexM3\ARM_GCC_493\Debug\multi_timer.o
 .debug_aranges
                0x00000180       0x18 .\CortexM3\ARM_GCC_493\Debug\cymetadata.o
 .debug_aranges
                0x00000198       0x48 .\CortexM3\ARM_GCC_493\Debug\Cm3Start.o
 .debug_aranges
                0x000001e0       0x58 .\CortexM3\ARM_GCC_493\Debug\raoxianpan.a(cyfitter_cfg.o)
 .debug_aranges
                0x00000238       0x20 .\CortexM3\ARM_GCC_493\Debug\raoxianpan.a(CyBootAsmGnu.o)
 .debug_aranges
                0x00000258      0x298 .\CortexM3\ARM_GCC_493\Debug\raoxianpan.a(CyLib.o)
 .debug_aranges
                0x000004f0       0x98 .\CortexM3\ARM_GCC_493\Debug\raoxianpan.a(cyPm.o)
 .debug_aranges
                0x00000588       0xf0 .\CortexM3\ARM_GCC_493\Debug\raoxianpan.a(UART_net.o)
 .debug_aranges
                0x00000678       0x70 .\CortexM3\ARM_GCC_493\Debug\raoxianpan.a(UART_net_IntClock.o)
 .debug_aranges
                0x000006e8       0x80 .\CortexM3\ARM_GCC_493\Debug\raoxianpan.a(isr_rx_net.o)
 .debug_aranges
                0x00000768       0xa8 .\CortexM3\ARM_GCC_493\Debug\raoxianpan.a(PWM_1.o)
 .debug_aranges
                0x00000810       0x88 .\CortexM3\ARM_GCC_493\Debug\raoxianpan.a(Timer_1.o)
 .debug_aranges
                0x00000898       0x80 .\CortexM3\ARM_GCC_493\Debug\raoxianpan.a(isr_timer.o)
 .debug_aranges
                0x00000918       0x38 .\CortexM3\ARM_GCC_493\Debug\raoxianpan.a(ENA.o)
 .debug_aranges
                0x00000950       0x38 .\CortexM3\ARM_GCC_493\Debug\raoxianpan.a(DIR.o)
 .debug_aranges
                0x00000988       0xa8 .\CortexM3\ARM_GCC_493\Debug\raoxianpan.a(ADC.o)
 .debug_aranges
                0x00000a30       0x20 .\CortexM3\ARM_GCC_493\Debug\raoxianpan.a(ADC_INT.o)
 .debug_aranges
                0x00000a50       0x70 .\CortexM3\ARM_GCC_493\Debug\raoxianpan.a(ADC_theACLK.o)
 .debug_aranges
                0x00000ac0       0xa8 .\CortexM3\ARM_GCC_493\Debug\raoxianpan.a(PWM_P.o)
 .debug_aranges
                0x00000b68       0x80 .\CortexM3\ARM_GCC_493\Debug\raoxianpan.a(CyFlash.o)
 .debug_aranges
                0x00000be8       0x78 .\CortexM3\ARM_GCC_493\Debug\raoxianpan.a(CySpc.o)

.debug_pubnames
 *(.debug_pubnames)

.debug_info     0x00000000     0x79c3
 *(.debug_info .gnu.linkonce.wi.*)
 .debug_info    0x00000000      0x63c .\CortexM3\ARM_GCC_493\Debug\main.o
 .debug_info    0x0000063c      0xbc5 .\CortexM3\ARM_GCC_493\Debug\Transfer.o
 .debug_info    0x00001201      0x4ae .\CortexM3\ARM_GCC_493\Debug\WireReel.o
 .debug_info    0x000016af      0x383 .\CortexM3\ARM_GCC_493\Debug\buzzer.o
 .debug_info    0x00001a32      0x37b .\CortexM3\ARM_GCC_493\Debug\V_battery.o
 .debug_info    0x00001dad      0x25b .\CortexM3\ARM_GCC_493\Debug\multi_timer.o
 .debug_info    0x00002008      0x13b .\CortexM3\ARM_GCC_493\Debug\cymetadata.o
 .debug_info    0x00002143      0x3a3 .\CortexM3\ARM_GCC_493\Debug\Cm3Start.o
 .debug_info    0x000024e6      0x5ba .\CortexM3\ARM_GCC_493\Debug\raoxianpan.a(cyfitter_cfg.o)
 .debug_info    0x00002aa0       0x7b .\CortexM3\ARM_GCC_493\Debug\raoxianpan.a(CyBootAsmGnu.o)
 .debug_info    0x00002b1b     0x136c .\CortexM3\ARM_GCC_493\Debug\raoxianpan.a(CyLib.o)
 .debug_info    0x00003e87      0xa55 .\CortexM3\ARM_GCC_493\Debug\raoxianpan.a(cyPm.o)
 .debug_info    0x000048dc      0x600 .\CortexM3\ARM_GCC_493\Debug\raoxianpan.a(UART_net.o)
 .debug_info    0x00004edc      0x281 .\CortexM3\ARM_GCC_493\Debug\raoxianpan.a(UART_net_IntClock.o)
 .debug_info    0x0000515d      0x50a .\CortexM3\ARM_GCC_493\Debug\raoxianpan.a(isr_rx_net.o)
 .debug_info    0x00005667      0x39b .\CortexM3\ARM_GCC_493\Debug\raoxianpan.a(PWM_1.o)
 .debug_info    0x00005a02      0x28c .\CortexM3\ARM_GCC_493\Debug\raoxianpan.a(Timer_1.o)
 .debug_info    0x00005c8e      0x365 .\CortexM3\ARM_GCC_493\Debug\raoxianpan.a(isr_timer.o)
 .debug_info    0x00005ff3      0x11e .\CortexM3\ARM_GCC_493\Debug\raoxianpan.a(ENA.o)
 .debug_info    0x00006111      0x11e .\CortexM3\ARM_GCC_493\Debug\raoxianpan.a(DIR.o)
 .debug_info    0x0000622f      0x5f0 .\CortexM3\ARM_GCC_493\Debug\raoxianpan.a(ADC.o)
 .debug_info    0x0000681f       0x92 .\CortexM3\ARM_GCC_493\Debug\raoxianpan.a(ADC_INT.o)
 .debug_info    0x000068b1      0x281 .\CortexM3\ARM_GCC_493\Debug\raoxianpan.a(ADC_theACLK.o)
 .debug_info    0x00006b32      0x39c .\CortexM3\ARM_GCC_493\Debug\raoxianpan.a(PWM_P.o)
 .debug_info    0x00006ece      0x608 .\CortexM3\ARM_GCC_493\Debug\raoxianpan.a(CyFlash.o)
 .debug_info    0x000074d6      0x4ed .\CortexM3\ARM_GCC_493\Debug\raoxianpan.a(CySpc.o)

.debug_abbrev   0x00000000     0x2538
 *(.debug_abbrev)
 .debug_abbrev  0x00000000      0x1a6 .\CortexM3\ARM_GCC_493\Debug\main.o
 .debug_abbrev  0x000001a6      0x239 .\CortexM3\ARM_GCC_493\Debug\Transfer.o
 .debug_abbrev  0x000003df      0x138 .\CortexM3\ARM_GCC_493\Debug\WireReel.o
 .debug_abbrev  0x00000517      0x15a .\CortexM3\ARM_GCC_493\Debug\buzzer.o
 .debug_abbrev  0x00000671      0x14e .\CortexM3\ARM_GCC_493\Debug\V_battery.o
 .debug_abbrev  0x000007bf      0x14d .\CortexM3\ARM_GCC_493\Debug\multi_timer.o
 .debug_abbrev  0x0000090c       0x77 .\CortexM3\ARM_GCC_493\Debug\cymetadata.o
 .debug_abbrev  0x00000983      0x20f .\CortexM3\ARM_GCC_493\Debug\Cm3Start.o
 .debug_abbrev  0x00000b92      0x221 .\CortexM3\ARM_GCC_493\Debug\raoxianpan.a(cyfitter_cfg.o)
 .debug_abbrev  0x00000db3       0x14 .\CortexM3\ARM_GCC_493\Debug\raoxianpan.a(CyBootAsmGnu.o)
 .debug_abbrev  0x00000dc7      0x296 .\CortexM3\ARM_GCC_493\Debug\raoxianpan.a(CyLib.o)
 .debug_abbrev  0x0000105d      0x1fa .\CortexM3\ARM_GCC_493\Debug\raoxianpan.a(cyPm.o)
 .debug_abbrev  0x00001257      0x1af .\CortexM3\ARM_GCC_493\Debug\raoxianpan.a(UART_net.o)
 .debug_abbrev  0x00001406      0x146 .\CortexM3\ARM_GCC_493\Debug\raoxianpan.a(UART_net_IntClock.o)
 .debug_abbrev  0x0000154c      0x210 .\CortexM3\ARM_GCC_493\Debug\raoxianpan.a(isr_rx_net.o)
 .debug_abbrev  0x0000175c      0x15a .\CortexM3\ARM_GCC_493\Debug\raoxianpan.a(PWM_1.o)
 .debug_abbrev  0x000018b6      0x127 .\CortexM3\ARM_GCC_493\Debug\raoxianpan.a(Timer_1.o)
 .debug_abbrev  0x000019dd      0x19b .\CortexM3\ARM_GCC_493\Debug\raoxianpan.a(isr_timer.o)
 .debug_abbrev  0x00001b78       0x9d .\CortexM3\ARM_GCC_493\Debug\raoxianpan.a(ENA.o)
 .debug_abbrev  0x00001c15       0x9d .\CortexM3\ARM_GCC_493\Debug\raoxianpan.a(DIR.o)
 .debug_abbrev  0x00001cb2      0x1f8 .\CortexM3\ARM_GCC_493\Debug\raoxianpan.a(ADC.o)
 .debug_abbrev  0x00001eaa       0x42 .\CortexM3\ARM_GCC_493\Debug\raoxianpan.a(ADC_INT.o)
 .debug_abbrev  0x00001eec      0x146 .\CortexM3\ARM_GCC_493\Debug\raoxianpan.a(ADC_theACLK.o)
 .debug_abbrev  0x00002032      0x15a .\CortexM3\ARM_GCC_493\Debug\raoxianpan.a(PWM_P.o)
 .debug_abbrev  0x0000218c      0x1de .\CortexM3\ARM_GCC_493\Debug\raoxianpan.a(CyFlash.o)
 .debug_abbrev  0x0000236a      0x1ce .\CortexM3\ARM_GCC_493\Debug\raoxianpan.a(CySpc.o)

.debug_line     0x00000000     0x360a
 *(.debug_line)
 .debug_line    0x00000000      0x231 .\CortexM3\ARM_GCC_493\Debug\main.o
 .debug_line    0x00000231      0x453 .\CortexM3\ARM_GCC_493\Debug\Transfer.o
 .debug_line    0x00000684      0x1f9 .\CortexM3\ARM_GCC_493\Debug\WireReel.o
 .debug_line    0x0000087d        0x0 .\CortexM3\ARM_GCC_493\Debug\key.o
 .debug_line    0x0000087d      0x207 .\CortexM3\ARM_GCC_493\Debug\buzzer.o
 .debug_line    0x00000a84      0x1d8 .\CortexM3\ARM_GCC_493\Debug\V_battery.o
 .debug_line    0x00000c5c      0x1de .\CortexM3\ARM_GCC_493\Debug\multi_timer.o
 .debug_line    0x00000e3a       0x53 .\CortexM3\ARM_GCC_493\Debug\cymetadata.o
 .debug_line    0x00000e8d      0x249 .\CortexM3\ARM_GCC_493\Debug\Cm3Start.o
 .debug_line    0x000010d6      0x20b .\CortexM3\ARM_GCC_493\Debug\raoxianpan.a(cyfitter_cfg.o)
 .debug_line    0x000012e1       0x68 .\CortexM3\ARM_GCC_493\Debug\raoxianpan.a(CyBootAsmGnu.o)
 .debug_line    0x00001349      0x806 .\CortexM3\ARM_GCC_493\Debug\raoxianpan.a(CyLib.o)
 .debug_line    0x00001b4f      0x366 .\CortexM3\ARM_GCC_493\Debug\raoxianpan.a(cyPm.o)
 .debug_line    0x00001eb5      0x2c6 .\CortexM3\ARM_GCC_493\Debug\raoxianpan.a(UART_net.o)
 .debug_line    0x0000217b      0x199 .\CortexM3\ARM_GCC_493\Debug\raoxianpan.a(UART_net_IntClock.o)
 .debug_line    0x00002314      0x287 .\CortexM3\ARM_GCC_493\Debug\raoxianpan.a(isr_rx_net.o)
 .debug_line    0x0000259b      0x1ae .\CortexM3\ARM_GCC_493\Debug\raoxianpan.a(PWM_1.o)
 .debug_line    0x00002749      0x157 .\CortexM3\ARM_GCC_493\Debug\raoxianpan.a(Timer_1.o)
 .debug_line    0x000028a0      0x272 .\CortexM3\ARM_GCC_493\Debug\raoxianpan.a(isr_timer.o)
 .debug_line    0x00002b12       0x92 .\CortexM3\ARM_GCC_493\Debug\raoxianpan.a(ENA.o)
 .debug_line    0x00002ba4       0x92 .\CortexM3\ARM_GCC_493\Debug\raoxianpan.a(DIR.o)
 .debug_line    0x00002c36      0x217 .\CortexM3\ARM_GCC_493\Debug\raoxianpan.a(ADC.o)
 .debug_line    0x00002e4d       0x52 .\CortexM3\ARM_GCC_493\Debug\raoxianpan.a(ADC_INT.o)
 .debug_line    0x00002e9f      0x193 .\CortexM3\ARM_GCC_493\Debug\raoxianpan.a(ADC_theACLK.o)
 .debug_line    0x00003032      0x1ae .\CortexM3\ARM_GCC_493\Debug\raoxianpan.a(PWM_P.o)
 .debug_line    0x000031e0      0x1ec .\CortexM3\ARM_GCC_493\Debug\raoxianpan.a(CyFlash.o)
 .debug_line    0x000033cc      0x23e .\CortexM3\ARM_GCC_493\Debug\raoxianpan.a(CySpc.o)

.debug_frame    0x00000000     0x1f10
 *(.debug_frame)
 .debug_frame   0x00000000       0x2c .\CortexM3\ARM_GCC_493\Debug\main.o
 .debug_frame   0x0000002c      0x1d0 .\CortexM3\ARM_GCC_493\Debug\Transfer.o
 .debug_frame   0x000001fc       0x4c .\CortexM3\ARM_GCC_493\Debug\WireReel.o
 .debug_frame   0x00000248       0x78 .\CortexM3\ARM_GCC_493\Debug\buzzer.o
 .debug_frame   0x000002c0       0x64 .\CortexM3\ARM_GCC_493\Debug\V_battery.o
 .debug_frame   0x00000324       0x6c .\CortexM3\ARM_GCC_493\Debug\multi_timer.o
 .debug_frame   0x00000390       0xac .\CortexM3\ARM_GCC_493\Debug\Cm3Start.o
 .debug_frame   0x0000043c       0xfc .\CortexM3\ARM_GCC_493\Debug\raoxianpan.a(cyfitter_cfg.o)
 .debug_frame   0x00000538      0x728 .\CortexM3\ARM_GCC_493\Debug\raoxianpan.a(CyLib.o)
 .debug_frame   0x00000c60      0x1f8 .\CortexM3\ARM_GCC_493\Debug\raoxianpan.a(cyPm.o)
 .debug_frame   0x00000e58      0x250 .\CortexM3\ARM_GCC_493\Debug\raoxianpan.a(UART_net.o)
 .debug_frame   0x000010a8       0xe0 .\CortexM3\ARM_GCC_493\Debug\raoxianpan.a(UART_net_IntClock.o)
 .debug_frame   0x00001188      0x110 .\CortexM3\ARM_GCC_493\Debug\raoxianpan.a(isr_rx_net.o)
 .debug_frame   0x00001298      0x154 .\CortexM3\ARM_GCC_493\Debug\raoxianpan.a(PWM_1.o)
 .debug_frame   0x000013ec      0x108 .\CortexM3\ARM_GCC_493\Debug\raoxianpan.a(Timer_1.o)
 .debug_frame   0x000014f4      0x110 .\CortexM3\ARM_GCC_493\Debug\raoxianpan.a(isr_timer.o)
 .debug_frame   0x00001604       0x50 .\CortexM3\ARM_GCC_493\Debug\raoxianpan.a(ENA.o)
 .debug_frame   0x00001654       0x50 .\CortexM3\ARM_GCC_493\Debug\raoxianpan.a(DIR.o)
 .debug_frame   0x000016a4      0x1a4 .\CortexM3\ARM_GCC_493\Debug\raoxianpan.a(ADC.o)
 .debug_frame   0x00001848       0x20 .\CortexM3\ARM_GCC_493\Debug\raoxianpan.a(ADC_INT.o)
 .debug_frame   0x00001868       0xe0 .\CortexM3\ARM_GCC_493\Debug\raoxianpan.a(ADC_theACLK.o)
 .debug_frame   0x00001948      0x154 .\CortexM3\ARM_GCC_493\Debug\raoxianpan.a(PWM_P.o)
 .debug_frame   0x00001a9c      0x174 .\CortexM3\ARM_GCC_493\Debug\raoxianpan.a(CyFlash.o)
 .debug_frame   0x00001c10      0x160 .\CortexM3\ARM_GCC_493\Debug\raoxianpan.a(CySpc.o)
 .debug_frame   0x00001d70       0x28 c:/program files (x86)/cypress/psoc creator/3.3/psoc creator/import/gnu/arm/4.9.3/bin/../lib/gcc/arm-none-eabi/4.9.3/armv7-m\libgcc.a(_aeabi_ldivmod.o)
 .debug_frame   0x00001d98       0x54 c:/program files (x86)/cypress/psoc creator/3.3/psoc creator/import/gnu/arm/4.9.3/bin/../lib/gcc/arm-none-eabi/4.9.3/armv7-m\libgcc.a(bpabi.o)
 .debug_frame   0x00001dec       0x34 c:/program files (x86)/cypress/psoc creator/3.3/psoc creator/import/gnu/arm/4.9.3/bin/../lib/gcc/arm-none-eabi/4.9.3/armv7-m\libgcc.a(_divdi3.o)
 .debug_frame   0x00001e20       0x34 c:/program files (x86)/cypress/psoc creator/3.3/psoc creator/import/gnu/arm/4.9.3/bin/../lib/gcc/arm-none-eabi/4.9.3/armv7-m\libgcc.a(_udivdi3.o)
 .debug_frame   0x00001e54       0x20 c:/program files (x86)/cypress/psoc creator/3.3/psoc creator/import/gnu/arm/4.9.3/bin/../lib/gcc/arm-none-eabi/4.9.3/../../../../arm-none-eabi/lib/armv7-m\libg_nano.a(lib_a-errno.o)
 .debug_frame   0x00001e74       0x28 c:/program files (x86)/cypress/psoc creator/3.3/psoc creator/import/gnu/arm/4.9.3/bin/../lib/gcc/arm-none-eabi/4.9.3/../../../../arm-none-eabi/lib/armv7-m\libg_nano.a(lib_a-exit.o)
 .debug_frame   0x00001e9c       0x2c c:/program files (x86)/cypress/psoc creator/3.3/psoc creator/import/gnu/arm/4.9.3/bin/../lib/gcc/arm-none-eabi/4.9.3/../../../../arm-none-eabi/lib/armv7-m\libg_nano.a(lib_a-init.o)
 .debug_frame   0x00001ec8       0x28 c:/program files (x86)/cypress/psoc creator/3.3/psoc creator/import/gnu/arm/4.9.3/bin/../lib/gcc/arm-none-eabi/4.9.3/../../../../arm-none-eabi/lib/armv7-m\libg_nano.a(lib_a-memcpy.o)
 .debug_frame   0x00001ef0       0x20 c:/program files (x86)/cypress/psoc creator/3.3/psoc creator/import/gnu/arm/4.9.3/bin/../lib/gcc/arm-none-eabi/4.9.3/../../../../arm-none-eabi/lib/armv7-m\libg_nano.a(lib_a-memset.o)

.debug_str      0x00000000     0x290a
 *(.debug_str)
 .debug_str     0x00000000      0x485 .\CortexM3\ARM_GCC_493\Debug\main.o
                                0x4e4 (size before relaxing)
 .debug_str     0x00000485      0x2b5 .\CortexM3\ARM_GCC_493\Debug\Transfer.o
                                0x5e3 (size before relaxing)
 .debug_str     0x0000073a       0x40 .\CortexM3\ARM_GCC_493\Debug\WireReel.o
                                0x365 (size before relaxing)
 .debug_str     0x0000077a       0x3e .\CortexM3\ARM_GCC_493\Debug\key.o
                                 0xcc (size before relaxing)
 .debug_str     0x000007b8       0x79 .\CortexM3\ARM_GCC_493\Debug\buzzer.o
                                0x212 (size before relaxing)
 .debug_str     0x00000831       0x7f .\CortexM3\ARM_GCC_493\Debug\V_battery.o
                                0x382 (size before relaxing)
 .debug_str     0x000008b0       0x51 .\CortexM3\ARM_GCC_493\Debug\multi_timer.o
                                0x22b (size before relaxing)
 .debug_str     0x00000901       0x77 .\CortexM3\ARM_GCC_493\Debug\cymetadata.o
                                0x1d5 (size before relaxing)
 .debug_str     0x00000978      0x15a .\CortexM3\ARM_GCC_493\Debug\Cm3Start.o
                                0x2e9 (size before relaxing)
 .debug_str     0x00000ad2      0x176 .\CortexM3\ARM_GCC_493\Debug\raoxianpan.a(cyfitter_cfg.o)
                                0x323 (size before relaxing)
 .debug_str     0x00000c48      0x809 .\CortexM3\ARM_GCC_493\Debug\raoxianpan.a(CyLib.o)
                                0xa0e (size before relaxing)
 .debug_str     0x00001451      0x35b .\CortexM3\ARM_GCC_493\Debug\raoxianpan.a(cyPm.o)
                                0x706 (size before relaxing)
 .debug_str     0x000017ac      0x304 .\CortexM3\ARM_GCC_493\Debug\raoxianpan.a(UART_net.o)
                                0x4d0 (size before relaxing)
 .debug_str     0x00001ab0      0x1ad .\CortexM3\ARM_GCC_493\Debug\raoxianpan.a(UART_net_IntClock.o)
                                0x351 (size before relaxing)
 .debug_str     0x00001c5d      0x123 .\CortexM3\ARM_GCC_493\Debug\raoxianpan.a(isr_rx_net.o)
                                0x483 (size before relaxing)
 .debug_str     0x00001d80      0x198 .\CortexM3\ARM_GCC_493\Debug\raoxianpan.a(PWM_1.o)
                                0x366 (size before relaxing)
 .debug_str     0x00001f18      0x151 .\CortexM3\ARM_GCC_493\Debug\raoxianpan.a(Timer_1.o)
                                0x2f4 (size before relaxing)
 .debug_str     0x00002069      0x138 .\CortexM3\ARM_GCC_493\Debug\raoxianpan.a(isr_timer.o)
                                0x326 (size before relaxing)
 .debug_str     0x000021a1       0x54 .\CortexM3\ARM_GCC_493\Debug\raoxianpan.a(ENA.o)
                                0x1c3 (size before relaxing)
 .debug_str     0x000021f5       0x49 .\CortexM3\ARM_GCC_493\Debug\raoxianpan.a(DIR.o)
                                0x1c3 (size before relaxing)
 .debug_str     0x0000223e      0x1a4 .\CortexM3\ARM_GCC_493\Debug\raoxianpan.a(ADC.o)
                                0x413 (size before relaxing)
 .debug_str     0x000023e2       0x2b .\CortexM3\ARM_GCC_493\Debug\raoxianpan.a(ADC_INT.o)
                                0x17a (size before relaxing)
 .debug_str     0x0000240d      0x12d .\CortexM3\ARM_GCC_493\Debug\raoxianpan.a(ADC_theACLK.o)
                                0x309 (size before relaxing)
 .debug_str     0x0000253a      0x184 .\CortexM3\ARM_GCC_493\Debug\raoxianpan.a(PWM_P.o)
                                0x366 (size before relaxing)
 .debug_str     0x000026be      0x19e .\CortexM3\ARM_GCC_493\Debug\raoxianpan.a(CyFlash.o)
                                0x380 (size before relaxing)
 .debug_str     0x0000285c       0xae .\CortexM3\ARM_GCC_493\Debug\raoxianpan.a(CySpc.o)
                                0x309 (size before relaxing)

.debug_loc      0x00000000     0x35ae
 *(.debug_loc)
 .debug_loc     0x00000000     0x1105 .\CortexM3\ARM_GCC_493\Debug\Transfer.o
 .debug_loc     0x00001105      0x17a .\CortexM3\ARM_GCC_493\Debug\buzzer.o
 .debug_loc     0x0000127f       0x7e .\CortexM3\ARM_GCC_493\Debug\V_battery.o
 .debug_loc     0x000012fd      0x104 .\CortexM3\ARM_GCC_493\Debug\multi_timer.o
 .debug_loc     0x00001401      0x144 .\CortexM3\ARM_GCC_493\Debug\Cm3Start.o
 .debug_loc     0x00001545      0x279 .\CortexM3\ARM_GCC_493\Debug\raoxianpan.a(cyfitter_cfg.o)
 .debug_loc     0x000017be      0xa11 .\CortexM3\ARM_GCC_493\Debug\raoxianpan.a(CyLib.o)
 .debug_loc     0x000021cf      0x1e4 .\CortexM3\ARM_GCC_493\Debug\raoxianpan.a(cyPm.o)
 .debug_loc     0x000023b3      0x258 .\CortexM3\ARM_GCC_493\Debug\raoxianpan.a(UART_net.o)
 .debug_loc     0x0000260b      0x128 .\CortexM3\ARM_GCC_493\Debug\raoxianpan.a(UART_net_IntClock.o)
 .debug_loc     0x00002733       0x69 .\CortexM3\ARM_GCC_493\Debug\raoxianpan.a(isr_rx_net.o)
 .debug_loc     0x0000279c       0x26 .\CortexM3\ARM_GCC_493\Debug\raoxianpan.a(PWM_1.o)
 .debug_loc     0x000027c2       0x56 .\CortexM3\ARM_GCC_493\Debug\raoxianpan.a(isr_timer.o)
 .debug_loc     0x00002818       0x42 .\CortexM3\ARM_GCC_493\Debug\raoxianpan.a(ENA.o)
 .debug_loc     0x0000285a       0x42 .\CortexM3\ARM_GCC_493\Debug\raoxianpan.a(DIR.o)
 .debug_loc     0x0000289c      0x273 .\CortexM3\ARM_GCC_493\Debug\raoxianpan.a(ADC.o)
 .debug_loc     0x00002b0f      0x12c .\CortexM3\ARM_GCC_493\Debug\raoxianpan.a(ADC_theACLK.o)
 .debug_loc     0x00002c3b       0x26 .\CortexM3\ARM_GCC_493\Debug\raoxianpan.a(PWM_P.o)
 .debug_loc     0x00002c61      0x300 .\CortexM3\ARM_GCC_493\Debug\raoxianpan.a(CyFlash.o)
 .debug_loc     0x00002f61      0x64d .\CortexM3\ARM_GCC_493\Debug\raoxianpan.a(CySpc.o)

.debug_macinfo
 *(.debug_macinfo)

.debug_ranges   0x00000000      0xaa8
 *(.debug_ranges)
 .debug_ranges  0x00000000       0x10 .\CortexM3\ARM_GCC_493\Debug\main.o
 .debug_ranges  0x00000010       0x78 .\CortexM3\ARM_GCC_493\Debug\Transfer.o
 .debug_ranges  0x00000088       0x20 .\CortexM3\ARM_GCC_493\Debug\WireReel.o
 .debug_ranges  0x000000a8       0x28 .\CortexM3\ARM_GCC_493\Debug\buzzer.o
 .debug_ranges  0x000000d0       0x20 .\CortexM3\ARM_GCC_493\Debug\V_battery.o
 .debug_ranges  0x000000f0       0x30 .\CortexM3\ARM_GCC_493\Debug\multi_timer.o
 .debug_ranges  0x00000120       0x38 .\CortexM3\ARM_GCC_493\Debug\Cm3Start.o
 .debug_ranges  0x00000158       0x48 .\CortexM3\ARM_GCC_493\Debug\raoxianpan.a(cyfitter_cfg.o)
 .debug_ranges  0x000001a0      0x288 .\CortexM3\ARM_GCC_493\Debug\raoxianpan.a(CyLib.o)
 .debug_ranges  0x00000428       0x88 .\CortexM3\ARM_GCC_493\Debug\raoxianpan.a(cyPm.o)
 .debug_ranges  0x000004b0       0xe0 .\CortexM3\ARM_GCC_493\Debug\raoxianpan.a(UART_net.o)
 .debug_ranges  0x00000590       0x60 .\CortexM3\ARM_GCC_493\Debug\raoxianpan.a(UART_net_IntClock.o)
 .debug_ranges  0x000005f0       0x70 .\CortexM3\ARM_GCC_493\Debug\raoxianpan.a(isr_rx_net.o)
 .debug_ranges  0x00000660       0x98 .\CortexM3\ARM_GCC_493\Debug\raoxianpan.a(PWM_1.o)
 .debug_ranges  0x000006f8       0x78 .\CortexM3\ARM_GCC_493\Debug\raoxianpan.a(Timer_1.o)
 .debug_ranges  0x00000770       0x70 .\CortexM3\ARM_GCC_493\Debug\raoxianpan.a(isr_timer.o)
 .debug_ranges  0x000007e0       0x28 .\CortexM3\ARM_GCC_493\Debug\raoxianpan.a(ENA.o)
 .debug_ranges  0x00000808       0x28 .\CortexM3\ARM_GCC_493\Debug\raoxianpan.a(DIR.o)
 .debug_ranges  0x00000830       0x98 .\CortexM3\ARM_GCC_493\Debug\raoxianpan.a(ADC.o)
 .debug_ranges  0x000008c8       0x10 .\CortexM3\ARM_GCC_493\Debug\raoxianpan.a(ADC_INT.o)
 .debug_ranges  0x000008d8       0x60 .\CortexM3\ARM_GCC_493\Debug\raoxianpan.a(ADC_theACLK.o)
 .debug_ranges  0x00000938       0x98 .\CortexM3\ARM_GCC_493\Debug\raoxianpan.a(PWM_P.o)
 .debug_ranges  0x000009d0       0x70 .\CortexM3\ARM_GCC_493\Debug\raoxianpan.a(CyFlash.o)
 .debug_ranges  0x00000a40       0x68 .\CortexM3\ARM_GCC_493\Debug\raoxianpan.a(CySpc.o)

.comment        0x00000000       0x70
 .comment       0x00000000       0x70 .\CortexM3\ARM_GCC_493\Debug\main.o
                                 0x71 (size before relaxing)
 .comment       0x00000000       0x71 .\CortexM3\ARM_GCC_493\Debug\Transfer.o
 .comment       0x00000000       0x71 .\CortexM3\ARM_GCC_493\Debug\WireReel.o
 .comment       0x00000000       0x71 .\CortexM3\ARM_GCC_493\Debug\key.o
 .comment       0x00000000       0x71 .\CortexM3\ARM_GCC_493\Debug\buzzer.o
 .comment       0x00000000       0x71 .\CortexM3\ARM_GCC_493\Debug\V_battery.o
 .comment       0x00000000       0x71 .\CortexM3\ARM_GCC_493\Debug\multi_timer.o
 .comment       0x00000000       0x71 .\CortexM3\ARM_GCC_493\Debug\cymetadata.o
 .comment       0x00000000       0x71 .\CortexM3\ARM_GCC_493\Debug\Cm3Start.o
 .comment       0x00000000       0x71 .\CortexM3\ARM_GCC_493\Debug\raoxianpan.a(cyfitter_cfg.o)
 .comment       0x00000000       0x71 .\CortexM3\ARM_GCC_493\Debug\raoxianpan.a(CyLib.o)
 .comment       0x00000000       0x71 .\CortexM3\ARM_GCC_493\Debug\raoxianpan.a(cyPm.o)
 .comment       0x00000000       0x71 .\CortexM3\ARM_GCC_493\Debug\raoxianpan.a(UART_net.o)
 .comment       0x00000000       0x71 .\CortexM3\ARM_GCC_493\Debug\raoxianpan.a(UART_net_IntClock.o)
 .comment       0x00000000       0x71 .\CortexM3\ARM_GCC_493\Debug\raoxianpan.a(isr_rx_net.o)
 .comment       0x00000000       0x71 .\CortexM3\ARM_GCC_493\Debug\raoxianpan.a(PWM_1.o)
 .comment       0x00000000       0x71 .\CortexM3\ARM_GCC_493\Debug\raoxianpan.a(Timer_1.o)
 .comment       0x00000000       0x71 .\CortexM3\ARM_GCC_493\Debug\raoxianpan.a(isr_timer.o)
 .comment       0x00000000       0x71 .\CortexM3\ARM_GCC_493\Debug\raoxianpan.a(ENA.o)
 .comment       0x00000000       0x71 .\CortexM3\ARM_GCC_493\Debug\raoxianpan.a(DIR.o)
 .comment       0x00000000       0x71 .\CortexM3\ARM_GCC_493\Debug\raoxianpan.a(ADC.o)
 .comment       0x00000000       0x71 .\CortexM3\ARM_GCC_493\Debug\raoxianpan.a(ADC_INT.o)
 .comment       0x00000000       0x71 .\CortexM3\ARM_GCC_493\Debug\raoxianpan.a(ADC_theACLK.o)
 .comment       0x00000000       0x71 .\CortexM3\ARM_GCC_493\Debug\raoxianpan.a(PWM_P.o)
 .comment       0x00000000       0x71 .\CortexM3\ARM_GCC_493\Debug\raoxianpan.a(CyFlash.o)
 .comment       0x00000000       0x71 .\CortexM3\ARM_GCC_493\Debug\raoxianpan.a(CySpc.o)

.debug_weaknames
 *(.debug_weaknames)

.debug_funcnames
 *(.debug_funcnames)

.debug_typenames
 *(.debug_typenames)

.debug_varnames
 *(.debug_varnames)

.note.gnu.arm.ident
 *(.note.gnu.arm.ident)

.ARM.attributes
                0x00000000       0x29
 *(.ARM.attributes)
 .ARM.attributes
                0x00000000       0x1d c:/program files (x86)/cypress/psoc creator/3.3/psoc creator/import/gnu/arm/4.9.3/bin/../lib/gcc/arm-none-eabi/4.9.3/armv7-m/crti.o
 .ARM.attributes
                0x0000001d       0x2d c:/program files (x86)/cypress/psoc creator/3.3/psoc creator/import/gnu/arm/4.9.3/bin/../lib/gcc/arm-none-eabi/4.9.3/armv7-m/crtbegin.o
 .ARM.attributes
                0x0000004a       0x1b c:/program files (x86)/cypress/psoc creator/3.3/psoc creator/import/gnu/arm/4.9.3/bin/../lib/gcc/arm-none-eabi/4.9.3/../../../../arm-none-eabi/lib/armv7-m/crt0.o
 .ARM.attributes
                0x00000065       0x33 .\CortexM3\ARM_GCC_493\Debug\main.o
 .ARM.attributes
                0x00000098       0x33 .\CortexM3\ARM_GCC_493\Debug\Transfer.o
 .ARM.attributes
                0x000000cb       0x33 .\CortexM3\ARM_GCC_493\Debug\WireReel.o
 .ARM.attributes
                0x000000fe       0x33 .\CortexM3\ARM_GCC_493\Debug\key.o
 .ARM.attributes
                0x00000131       0x33 .\CortexM3\ARM_GCC_493\Debug\buzzer.o
 .ARM.attributes
                0x00000164       0x33 .\CortexM3\ARM_GCC_493\Debug\V_battery.o
 .ARM.attributes
                0x00000197       0x33 .\CortexM3\ARM_GCC_493\Debug\multi_timer.o
 .ARM.attributes
                0x000001ca       0x33 .\CortexM3\ARM_GCC_493\Debug\cymetadata.o
 .ARM.attributes
                0x000001fd       0x33 .\CortexM3\ARM_GCC_493\Debug\Cm3Start.o
 .ARM.attributes
                0x00000230       0x33 .\CortexM3\ARM_GCC_493\Debug\raoxianpan.a(cyfitter_cfg.o)
 .ARM.attributes
                0x00000263       0x21 .\CortexM3\ARM_GCC_493\Debug\raoxianpan.a(CyBootAsmGnu.o)
 .ARM.attributes
                0x00000284       0x33 .\CortexM3\ARM_GCC_493\Debug\raoxianpan.a(CyLib.o)
 .ARM.attributes
                0x000002b7       0x33 .\CortexM3\ARM_GCC_493\Debug\raoxianpan.a(cyPm.o)
 .ARM.attributes
                0x000002ea       0x33 .\CortexM3\ARM_GCC_493\Debug\raoxianpan.a(UART_net.o)
 .ARM.attributes
                0x0000031d       0x33 .\CortexM3\ARM_GCC_493\Debug\raoxianpan.a(UART_net_IntClock.o)
 .ARM.attributes
                0x00000350       0x33 .\CortexM3\ARM_GCC_493\Debug\raoxianpan.a(isr_rx_net.o)
 .ARM.attributes
                0x00000383       0x33 .\CortexM3\ARM_GCC_493\Debug\raoxianpan.a(PWM_1.o)
 .ARM.attributes
                0x000003b6       0x33 .\CortexM3\ARM_GCC_493\Debug\raoxianpan.a(Timer_1.o)
 .ARM.attributes
                0x000003e9       0x33 .\CortexM3\ARM_GCC_493\Debug\raoxianpan.a(isr_timer.o)
 .ARM.attributes
                0x0000041c       0x33 .\CortexM3\ARM_GCC_493\Debug\raoxianpan.a(ENA.o)
 .ARM.attributes
                0x0000044f       0x33 .\CortexM3\ARM_GCC_493\Debug\raoxianpan.a(DIR.o)
 .ARM.attributes
                0x00000482       0x33 .\CortexM3\ARM_GCC_493\Debug\raoxianpan.a(ADC.o)
 .ARM.attributes
                0x000004b5       0x33 .\CortexM3\ARM_GCC_493\Debug\raoxianpan.a(ADC_INT.o)
 .ARM.attributes
                0x000004e8       0x33 .\CortexM3\ARM_GCC_493\Debug\raoxianpan.a(ADC_theACLK.o)
 .ARM.attributes
                0x0000051b       0x33 .\CortexM3\ARM_GCC_493\Debug\raoxianpan.a(PWM_P.o)
 .ARM.attributes
                0x0000054e       0x33 .\CortexM3\ARM_GCC_493\Debug\raoxianpan.a(CyFlash.o)
 .ARM.attributes
                0x00000581       0x33 .\CortexM3\ARM_GCC_493\Debug\raoxianpan.a(CySpc.o)
 .ARM.attributes
                0x000005b4       0x1d c:/program files (x86)/cypress/psoc creator/3.3/psoc creator/import/gnu/arm/4.9.3/bin/../lib/gcc/arm-none-eabi/4.9.3/armv7-m\libgcc.a(_arm_addsubsf3.o)
 .ARM.attributes
                0x000005d1       0x1d c:/program files (x86)/cypress/psoc creator/3.3/psoc creator/import/gnu/arm/4.9.3/bin/../lib/gcc/arm-none-eabi/4.9.3/armv7-m\libgcc.a(_arm_muldivsf3.o)
 .ARM.attributes
                0x000005ee       0x1d c:/program files (x86)/cypress/psoc creator/3.3/psoc creator/import/gnu/arm/4.9.3/bin/../lib/gcc/arm-none-eabi/4.9.3/armv7-m\libgcc.a(_aeabi_ldivmod.o)
 .ARM.attributes
                0x0000060b       0x2d c:/program files (x86)/cypress/psoc creator/3.3/psoc creator/import/gnu/arm/4.9.3/bin/../lib/gcc/arm-none-eabi/4.9.3/armv7-m\libgcc.a(bpabi.o)
 .ARM.attributes
                0x00000638       0x1d c:/program files (x86)/cypress/psoc creator/3.3/psoc creator/import/gnu/arm/4.9.3/bin/../lib/gcc/arm-none-eabi/4.9.3/armv7-m\libgcc.a(_dvmd_tls.o)
 .ARM.attributes
                0x00000655       0x2d c:/program files (x86)/cypress/psoc creator/3.3/psoc creator/import/gnu/arm/4.9.3/bin/../lib/gcc/arm-none-eabi/4.9.3/armv7-m\libgcc.a(_divdi3.o)
 .ARM.attributes
                0x00000682       0x2d c:/program files (x86)/cypress/psoc creator/3.3/psoc creator/import/gnu/arm/4.9.3/bin/../lib/gcc/arm-none-eabi/4.9.3/armv7-m\libgcc.a(_udivdi3.o)
 .ARM.attributes
                0x000006af       0x2d c:/program files (x86)/cypress/psoc creator/3.3/psoc creator/import/gnu/arm/4.9.3/bin/../lib/gcc/arm-none-eabi/4.9.3/../../../../arm-none-eabi/lib/armv7-m\libg_nano.a(lib_a-errno.o)
 .ARM.attributes
                0x000006dc       0x2d c:/program files (x86)/cypress/psoc creator/3.3/psoc creator/import/gnu/arm/4.9.3/bin/../lib/gcc/arm-none-eabi/4.9.3/../../../../arm-none-eabi/lib/armv7-m\libg_nano.a(lib_a-exit.o)
 .ARM.attributes
                0x00000709       0x2d c:/program files (x86)/cypress/psoc creator/3.3/psoc creator/import/gnu/arm/4.9.3/bin/../lib/gcc/arm-none-eabi/4.9.3/../../../../arm-none-eabi/lib/armv7-m\libg_nano.a(lib_a-impure.o)
 .ARM.attributes
                0x00000736       0x2d c:/program files (x86)/cypress/psoc creator/3.3/psoc creator/import/gnu/arm/4.9.3/bin/../lib/gcc/arm-none-eabi/4.9.3/../../../../arm-none-eabi/lib/armv7-m\libg_nano.a(lib_a-init.o)
 .ARM.attributes
                0x00000763       0x2d c:/program files (x86)/cypress/psoc creator/3.3/psoc creator/import/gnu/arm/4.9.3/bin/../lib/gcc/arm-none-eabi/4.9.3/../../../../arm-none-eabi/lib/armv7-m\libg_nano.a(lib_a-memcpy.o)
 .ARM.attributes
                0x00000790       0x2d c:/program files (x86)/cypress/psoc creator/3.3/psoc creator/import/gnu/arm/4.9.3/bin/../lib/gcc/arm-none-eabi/4.9.3/../../../../arm-none-eabi/lib/armv7-m\libg_nano.a(lib_a-memset.o)
 .ARM.attributes
                0x000007bd       0x2d c:/program files (x86)/cypress/psoc creator/3.3/psoc creator/import/gnu/arm/4.9.3/bin/../lib/gcc/arm-none-eabi/4.9.3/armv7-m/crtend.o
 .ARM.attributes
                0x000007ea       0x1d c:/program files (x86)/cypress/psoc creator/3.3/psoc creator/import/gnu/arm/4.9.3/bin/../lib/gcc/arm-none-eabi/4.9.3/armv7-m/crtn.o

/DISCARD/
 *(.note.GNU-stack)
OUTPUT(.\CortexM3\ARM_GCC_493\Debug\raoxianpan.elf elf32-littlearm)
