Archive member included because of file (symbol)

.\CortexM3\ARM_GCC_493\Debug\raoxianpan.a(cyfitter_cfg.o)
                              .\CortexM3\ARM_GCC_493\Debug\Cm3Start.o (cyfitter_cfg)
.\CortexM3\ARM_GCC_493\Debug\raoxianpan.a(CyBootAsmGnu.o)
                              .\CortexM3\ARM_GCC_493\Debug\raoxianpan.a(cyfitter_cfg.o) (CyDelayCycles)
.\CortexM3\ARM_GCC_493\Debug\raoxianpan.a(CyLib.o)
                              .\CortexM3\ARM_GCC_493\Debug\Cm3Start.o (CyHalt)
.\CortexM3\ARM_GCC_493\Debug\raoxianpan.a(cyPm.o)
                              .\CortexM3\ARM_GCC_493\Debug\raoxianpan.a(CyLib.o) (CyPmReadStatus)
.\CortexM3\ARM_GCC_493\Debug\raoxianpan.a(UART_net.o)
                              .\CortexM3\ARM_GCC_493\Debug\main.o (UART_net_Start)
.\CortexM3\ARM_GCC_493\Debug\raoxianpan.a(UART_net_IntClock.o)
                              .\CortexM3\ARM_GCC_493\Debug\raoxianpan.a(UART_net.o) (UART_net_IntClock_Start)
.\CortexM3\ARM_GCC_493\Debug\raoxianpan.a(isr_rx_net.o)
                              .\CortexM3\ARM_GCC_493\Debug\main.o (isr_rx_net_Start)
.\CortexM3\ARM_GCC_493\Debug\raoxianpan.a(PWM_1.o)
                              .\CortexM3\ARM_GCC_493\Debug\main.o (PWM_1_Stop)
.\CortexM3\ARM_GCC_493\Debug\raoxianpan.a(Timer_1.o)
                              .\CortexM3\ARM_GCC_493\Debug\main.o (Timer_1_Start)
.\CortexM3\ARM_GCC_493\Debug\raoxianpan.a(isr_timer.o)
                              .\CortexM3\ARM_GCC_493\Debug\main.o (time_1s_state)
.\CortexM3\ARM_GCC_493\Debug\raoxianpan.a(ENA.o)
                              .\CortexM3\ARM_GCC_493\Debug\main.o (ENA_Write)
.\CortexM3\ARM_GCC_493\Debug\raoxianpan.a(DIR.o)
                              .\CortexM3\ARM_GCC_493\Debug\main.o (DIR_Write)
.\CortexM3\ARM_GCC_493\Debug\raoxianpan.a(ADC.o)
                              .\CortexM3\ARM_GCC_493\Debug\V_battery.o (ADC_Start)
.\CortexM3\ARM_GCC_493\Debug\raoxianpan.a(ADC_INT.o)
                              .\CortexM3\ARM_GCC_493\Debug\raoxianpan.a(ADC.o) (ADC_ISR)
.\CortexM3\ARM_GCC_493\Debug\raoxianpan.a(ADC_theACLK.o)
                              .\CortexM3\ARM_GCC_493\Debug\raoxianpan.a(ADC.o) (ADC_theACLK_SetModeRegister)
.\CortexM3\ARM_GCC_493\Debug\raoxianpan.a(CyFlash.o)
                              .\CortexM3\ARM_GCC_493\Debug\raoxianpan.a(cyPm.o) (CyFlash_SetWaitCycles)
.\CortexM3\ARM_GCC_493\Debug\raoxianpan.a(CySpc.o)
                              .\CortexM3\ARM_GCC_493\Debug\raoxianpan.a(CyFlash.o) (CySpcStart)
c:/program files (x86)/cypress/psoc creator/3.3/psoc creator/import/gnu/arm/4.9.3/bin/../lib/gcc/arm-none-eabi/4.9.3/armv7-m\libgcc.a(_arm_addsubsf3.o)
                              .\CortexM3\ARM_GCC_493\Debug\raoxianpan.a(ADC.o) (__aeabi_i2f)
c:/program files (x86)/cypress/psoc creator/3.3/psoc creator/import/gnu/arm/4.9.3/bin/../lib/gcc/arm-none-eabi/4.9.3/armv7-m\libgcc.a(_arm_muldivsf3.o)
                              .\CortexM3\ARM_GCC_493\Debug\raoxianpan.a(ADC.o) (__aeabi_fmul)
c:/program files (x86)/cypress/psoc creator/3.3/psoc creator/import/gnu/arm/4.9.3/bin/../lib/gcc/arm-none-eabi/4.9.3/armv7-m\libgcc.a(_aeabi_ldivmod.o)
                              .\CortexM3\ARM_GCC_493\Debug\raoxianpan.a(ADC.o) (__aeabi_ldivmod)
c:/program files (x86)/cypress/psoc creator/3.3/psoc creator/import/gnu/arm/4.9.3/bin/../lib/gcc/arm-none-eabi/4.9.3/armv7-m\libgcc.a(bpabi.o)
                              c:/program files (x86)/cypress/psoc creator/3.3/psoc creator/import/gnu/arm/4.9.3/bin/../lib/gcc/arm-none-eabi/4.9.3/armv7-m\libgcc.a(_aeabi_ldivmod.o) (__gnu_ldivmod_helper)
c:/program files (x86)/cypress/psoc creator/3.3/psoc creator/import/gnu/arm/4.9.3/bin/../lib/gcc/arm-none-eabi/4.9.3/armv7-m\libgcc.a(_dvmd_tls.o)
                              c:/program files (x86)/cypress/psoc creator/3.3/psoc creator/import/gnu/arm/4.9.3/bin/../lib/gcc/arm-none-eabi/4.9.3/armv7-m\libgcc.a(_aeabi_ldivmod.o) (__aeabi_ldiv0)
c:/program files (x86)/cypress/psoc creator/3.3/psoc creator/import/gnu/arm/4.9.3/bin/../lib/gcc/arm-none-eabi/4.9.3/armv7-m\libgcc.a(_divdi3.o)
                              c:/program files (x86)/cypress/psoc creator/3.3/psoc creator/import/gnu/arm/4.9.3/bin/../lib/gcc/arm-none-eabi/4.9.3/armv7-m\libgcc.a(bpabi.o) (__divdi3)
c:/program files (x86)/cypress/psoc creator/3.3/psoc creator/import/gnu/arm/4.9.3/bin/../lib/gcc/arm-none-eabi/4.9.3/armv7-m\libgcc.a(_udivdi3.o)
                              c:/program files (x86)/cypress/psoc creator/3.3/psoc creator/import/gnu/arm/4.9.3/bin/../lib/gcc/arm-none-eabi/4.9.3/armv7-m\libgcc.a(bpabi.o) (__udivdi3)
c:/program files (x86)/cypress/psoc creator/3.3/psoc creator/import/gnu/arm/4.9.3/bin/../lib/gcc/arm-none-eabi/4.9.3/../../../../arm-none-eabi/lib/armv7-m\libg_nano.a(lib_a-errno.o)
                              .\CortexM3\ARM_GCC_493\Debug\Cm3Start.o (__errno)
[...]
Memory Configuration

Name             Origin             Length             Attributes
rom              0x00000000         0x00020000         xr
ram              0x1fffc000         0x00008000         xrw
*default*        0x00000000         0xffffffff

Linker script and memory map

LOAD c:/program files (x86)/cypress/psoc creator/3.3/psoc creator/import/gnu/arm/4.9.3/bin/../lib/gcc/arm-none-eabi/4.9.3/armv7-m/crti.o
LOAD c:/program files (x86)/cypress/psoc creator/3.3/psoc creator/import/gnu/arm/4.9.3/bin/../lib/gcc/arm-none-eabi/4.9.3/armv7-m/crtbegin.o
LOAD c:/program files (x86)/cypress/psoc creator/3.3/psoc creator/import/gnu/arm/4.9.3/bin/../lib/gcc/arm-none-eabi/4.9.3/../../../../arm-none-eabi/lib/armv7-m/crt0.o
START GROUP
LOAD .\CortexM3\ARM_GCC_493\Debug\main.o
LOAD .\CortexM3\ARM_GCC_493\Debug\Transfer.o
LOAD .\CortexM3\ARM_GCC_493\Debug\car.o
LOAD .\CortexM3\ARM_GCC_493\Debug\key.o
LOAD .\CortexM3\ARM_GCC_493\Debug\buzzer.o
LOAD .\CortexM3\ARM_GCC_493\Debug\V_battery.o
LOAD .\CortexM3\ARM_GCC_493\Debug\multi_timer.o
LOAD .\CortexM3\ARM_GCC_493\Debug\cymetadata.o
LOAD .\CortexM3\ARM_GCC_493\Debug\Cm3Start.o
LOAD .\CortexM3\ARM_GCC_493\Debug\raoxianpan.a
LOAD C:\Program Files (x86)\Cypress\PSoC Creator\3.3\PSoC Creator\psoc\content\cycomponentlibrary\CyComponentLibrary.cylib\CortexM3\ARM_GCC_493\Debug\CyComponentLibrary.a
END GROUP
START GROUP
LOAD c:/program files (x86)/cypress/psoc creator/3.3/psoc creator/import/gnu/arm/4.9.3/bin/../lib/gcc/arm-none-eabi/4.9.3/armv7-m\libgcc.a
LOAD c:/program files (x86)/cypress/psoc creator/3.3/psoc creator/import/gnu/arm/4.9.3/bin/../lib/gcc/arm-none-eabi/4.9.3/../../../../arm-none-eabi/lib/armv7-m\libg_nano.a
LOAD c:/program files (x86)/cypress/psoc creator/3.3/psoc creator/import/gnu/arm/4.9.3/bin/../lib/gcc/arm-none-eabi/4.9.3/../../../../arm-none-eabi/lib/armv7-m\libc_nano.a
END GROUP
START GROUP
LOAD c:/program files (x86)/cypress/psoc creator/3.3/psoc creator/import/gnu/arm/4.9.3/bin/../lib/gcc/arm-none-eabi/4.9.3/armv7-m\libgcc.a
LOAD c:/program files (x86)/cypress/psoc creator/3.3/psoc creator/import/gnu/arm/4.9.3/bin/../lib/gcc/arm-none-eabi/4.9.3/../../../../arm-none-eabi/lib/armv7-m\libc_nano.a
END GROUP
LOAD c:/program files (x86)/cypress/psoc creator/3.3/psoc creator/import/gnu/arm/4.9.3/bin/../lib/gcc/arm-none-eabi/4.9.3/armv7-m/crtend.o
LOAD c:/program files (x86)/cypress/psoc creator/3.3/psoc creator/import/gnu/arm/4.9.3/bin/../lib/gcc/arm-none-eabi/4.9.3/armv7-m/crtn.o
START GROUP
LOAD c:/program files (x86)/cypress/psoc creator/3.3/psoc creator/import/gnu/arm/4.9.3/bin/../lib/gcc/arm-none-eabi/4.9.3/armv7-m\libgcc.a
LOAD c:/program files (x86)/cypress/psoc creator/3.3/psoc creator/import/gnu/arm/4.9.3/bin/../lib/gcc/arm-none-eabi/4.9.3/../../../../arm-none-eabi/lib/armv7-m\libc.a
LOAD c:/program files (x86)/cypress/psoc creator/3.3/psoc creator/import/gnu/arm/4.9.3/bin/../lib/gcc/arm-none-eabi/4.9.3/../../../../arm-none-eabi/lib/armv7-m\libnosys.a
END GROUP
                0x00000000                CY_APPL_ORIGIN = 0x0
                0x00000100                CY_FLASH_ROW_SIZE = 0x100
                0x00000020                CY_ECC_ROW_SIZE = 0x20
                0x00000000                CY_EE_IN_BTLDR = 0x0
                0x00000000                CY_APPL_LOADABLE = 0x0
                0x00000800                CY_EE_SIZE = 0x800
                0x00000001                CY_APPL_NUM = 0x1
                0x00000001                CY_APPL_MAX = 0x1
                0x00000040                CY_METADATA_SIZE = 0x40
                0x00000000                CY_APPL_LOADABLE = 0x0
                0x00000000                CY_CHECKSUM_EXCLUDE_SIZE = ALIGN (0x0, CY_FLASH_ROW_SIZE)
                0x1fffc3c8                PROVIDE (__cy_heap_start, _end)
                0x00000001                PROVIDE (__cy_region_num, ((__cy_regions_end - __cy_regions) / 0x10))
                0x20004000                PROVIDE (__cy_stack, (ORIGIN (ram) + 0x8000))
                0x20003800                PROVIDE (__cy_heap_end, (__cy_stack - 0x800))

.cybootloader   0x00000000        0x0
 *(.cybootloader)
                0x00000000                appl1_start = CY_APPL_ORIGIN?CY_APPL_ORIGIN:ALIGN (CY_FLASH_ROW_SIZE)
                0x0000ff00                appl2_start = (appl1_start + ALIGN ((((0x20000 - appl1_start) - (0x2 * CY_FLASH_ROW_SIZE)) / 0x2), CY_FLASH_ROW_SIZE))
                0x00000000                appl_start = (CY_APPL_NUM == 0x1)?appl1_start:appl2_start
                0x00000000                ecc_offset = ((appl_start / CY_FLASH_ROW_SIZE) * CY_ECC_ROW_SIZE)
                0x00000000                ee_offset = (CY_APPL_LOADABLE && ! (CY_EE_IN_BTLDR))?((CY_EE_SIZE / CY_APPL_MAX) * (CY_APPL_NUM - 0x1)):0x0
                0x00000800                ee_size = (CY_APPL_LOADABLE && ! (CY_EE_IN_BTLDR))?(CY_EE_SIZE / CY_APPL_MAX):CY_EE_SIZE
                0x00000000                PROVIDE (CY_ECC_OFFSET, ecc_offset)

.text           0x00000000     0x10ca
 CREATE_OBJECT_SYMBOLS
                0x00000000                PROVIDE (__cy_interrupt_vector, RomVectors)
 *(.romvectors)
 .romvectors    0x00000000       0x10 .\CortexM3\ARM_GCC_493\Debug\Cm3Start.o
                0x00000000                RomVectors
                0x00000001                ASSERT ((. != __cy_interrupt_vector), No interrupt vector)
                0x00000001                ASSERT (CY_APPL_ORIGIN?(SIZEOF (.cybootloader) <= CY_APPL_ORIGIN):0x1, Wrong image location)
                0x00000010                PROVIDE (__cy_reset, Reset)
 *(.text.Reset)
 .text.Reset    0x00000010       0x18 .\CortexM3\ARM_GCC_493\Debug\Cm3Start.o
                0x00000010                Reset
                0x00000001                ASSERT ((. != __cy_reset), No reset code)
 *(.dma_init)
                0x00000001                ASSERT ((((appl_start + .) <= 0x10000) || 0x1), DMA Init must be within the first 64k of flash)
 *(.text .text.* .gnu.linkonce.t.*)
 .text          0x00000028       0x5c c:/program files (x86)/cypress/psoc creator/3.3/psoc creator/import/gnu/arm/4.9.3/bin/../lib/gcc/arm-none-eabi/4.9.3/armv7-m/crtbegin.o
 .text.main     0x00000084      0x1e0 .\CortexM3\ARM_GCC_493\Debug\main.o
                0x00000084                main
 .text.DT_Send_Data
                0x00000264        0x8 .\CortexM3\ARM_GCC_493\Debug\Transfer.o
                0x00000264                DT_Send_Data
 .text.DT_Send_Check
                0x0000026c       0x3c .\CortexM3\ARM_GCC_493\Debug\Transfer.o
 .text.DT_Data_Receive_Anl
                0x000002a8       0xcc .\CortexM3\ARM_GCC_493\Debug\Transfer.o
                0x000002a8                DT_Data_Receive_Anl
 .text.DT_Data_Receive_Prepare
                0x00000374       0xb0 .\CortexM3\ARM_GCC_493\Debug\Transfer.o
                0x00000374                DT_Data_Receive_Prepare
 .text.DT_Send_Status
                0x00000424       0x4c .\CortexM3\ARM_GCC_493\Debug\Transfer.o
                0x00000424                DT_Send_Status
 .text.DT_Data_Exchange
                0x00000470       0xd0 .\CortexM3\ARM_GCC_493\Debug\Transfer.o
                0x00000470                DT_Data_Exchange
 .text.WireReel_init
                0x00000540        0xc .\CortexM3\ARM_GCC_493\Debug\car.o
                0x00000540                WireReel_init
 .text.Monitor_Battery_Init
                0x0000054c        0xc .\CortexM3\ARM_GCC_493\Debug\V_battery.o
                0x0000054c                Monitor_Battery_Init
 .text.Get_Battery_ADvalue
                0x00000558       0x48 .\CortexM3\ARM_GCC_493\Debug\V_battery.o
                0x00000558                Get_Battery_ADvalue
 .text.Cal_Battery_loop
                0x000005a0       0x10 .\CortexM3\ARM_GCC_493\Debug\V_battery.o
                0x000005a0                Cal_Battery_loop
 .text.timer_init
                0x000005b0       0x14 .\CortexM3\ARM_GCC_493\Debug\multi_timer.o
                0x000005b0                timer_init
 .text.timer_start
                0x000005c4       0x28 .\CortexM3\ARM_GCC_493\Debug\multi_timer.o
                0x000005c4                timer_start
 .text.timer_stop
                0x000005ec       0x20 .\CortexM3\ARM_GCC_493\Debug\multi_timer.o
                0x000005ec                timer_stop
 .text.timer_loop
                0x0000060c       0x34 .\CortexM3\ARM_GCC_493\Debug\multi_timer.o
                0x0000060c                timer_loop
 .text.timer_ticks
                0x00000640       0x10 .\CortexM3\ARM_GCC_493\Debug\multi_timer.o
                0x00000640                timer_ticks
 .text.IntDefaultHandler
                0x00000650        0x4 .\CortexM3\ARM_GCC_493\Debug\Cm3Start.o
                0x00000650                IntDefaultHandler
 .text.Start_c  0x00000654       0x4c .\CortexM3\ARM_GCC_493\Debug\Cm3Start.o
                0x00000654                Start_c
 .text.initialize_psoc
                0x000006a0       0x74 .\CortexM3\ARM_GCC_493\Debug\Cm3Start.o
                0x000006a0                initialize_psoc
 .text.CyClockStartupError
                0x00000714        0x4 .\CortexM3\ARM_GCC_493\Debug\raoxianpan.a(cyfitter_cfg.o)
 .text.cfg_write_bytes32
                0x00000718       0x34 .\CortexM3\ARM_GCC_493\Debug\raoxianpan.a(cyfitter_cfg.o)
 .text.AnalogSetDefault
                0x0000074c       0x74 .\CortexM3\ARM_GCC_493\Debug\raoxianpan.a(cyfitter_cfg.o)
 .text.CYMEMZERO
                0x000007c0        0xc .\CortexM3\ARM_GCC_493\Debug\raoxianpan.a(cyfitter_cfg.o)
 .text.ClockSetup
                0x000007cc       0xd0 .\CortexM3\ARM_GCC_493\Debug\raoxianpan.a(cyfitter_cfg.o)
 .text.CYCONFIGCPY
                0x0000089c        0x8 .\CortexM3\ARM_GCC_493\Debug\raoxianpan.a(cyfitter_cfg.o)
 .text.cyfitter_cfg
                0x000008a4      0x120 .\CortexM3\ARM_GCC_493\Debug\raoxianpan.a(cyfitter_cfg.o)
                0x000008a4                cyfitter_cfg
 *fill*         0x000009c4        0x4 
 .text          0x000009c8       0x20 .\CortexM3\ARM_GCC_493\Debug\raoxianpan.a(CyBootAsmGnu.o)
                0x000009c8                CyDelayCycles
                0x000009d8                CyEnterCriticalSection
                0x000009e0                CyExitCriticalSection
 .text.CyHalt   0x000009e8        0x4 .\CortexM3\ARM_GCC_493\Debug\raoxianpan.a(CyLib.o)
                0x000009e8                CyHalt
 .text.CyDelay  0x000009ec       0x2c .\CortexM3\ARM_GCC_493\Debug\raoxianpan.a(CyLib.o)
                0x000009ec                CyDelay
 .text.CyDelayUs
                0x00000a18       0x14 .\CortexM3\ARM_GCC_493\Debug\raoxianpan.a(CyLib.o)
                0x00000a18                CyDelayUs
 .text.CyIntSetVector
                0x00000a2c       0x28 .\CortexM3\ARM_GCC_493\Debug\raoxianpan.a(CyLib.o)
                0x00000a2c                CyIntSetVector
 .text.CyIntSetPriority
                0x00000a54       0x30 .\CortexM3\ARM_GCC_493\Debug\raoxianpan.a(CyLib.o)
                0x00000a54                CyIntSetPriority
 .text.UART_net_Init
                0x00000a84       0x28 .\CortexM3\ARM_GCC_493\Debug\raoxianpan.a(UART_net.o)
                0x00000a84                UART_net_Init
 .text.UART_net_Enable
                0x00000aac       0x38 .\CortexM3\ARM_GCC_493\Debug\raoxianpan.a(UART_net.o)
                0x00000aac                UART_net_Enable
 .text.UART_net_Start
                0x00000ae4       0x1c .\CortexM3\ARM_GCC_493\Debug\raoxianpan.a(UART_net.o)
                0x00000ae4                UART_net_Start
 .text.UART_net_GetChar
                0x00000b00       0x2c .\CortexM3\ARM_GCC_493\Debug\raoxianpan.a(UART_net.o)
                0x00000b00                UART_net_GetChar
 .text.UART_net_PutChar
                0x00000b2c       0x18 .\CortexM3\ARM_GCC_493\Debug\raoxianpan.a(UART_net.o)
                0x00000b2c                UART_net_PutChar
 .text.UART_net_PutArray
                0x00000b44       0x28 .\CortexM3\ARM_GCC_493\Debug\raoxianpan.a(UART_net.o)
                0x00000b44                UART_net_PutArray
 .text.UART_net_IntClock_Start
                0x00000b6c       0x1c .\CortexM3\ARM_GCC_493\Debug\raoxianpan.a(UART_net_IntClock.o)
                0x00000b6c                UART_net_IntClock_Start
 .text.isr_rx_net_Interrupt
                0x00000b88        0xc .\CortexM3\ARM_GCC_493\Debug\raoxianpan.a(isr_rx_net.o)
                0x00000b88                isr_rx_net_Interrupt
 .text.isr_rx_net_SetVector
                0x00000b94        0xc .\CortexM3\ARM_GCC_493\Debug\raoxianpan.a(isr_rx_net.o)
                0x00000b94                isr_rx_net_SetVector
 .text.isr_rx_net_SetPriority
                0x00000ba0       0x10 .\CortexM3\ARM_GCC_493\Debug\raoxianpan.a(isr_rx_net.o)
                0x00000ba0                isr_rx_net_SetPriority
 .text.isr_rx_net_Enable
                0x00000bb0        0xc .\CortexM3\ARM_GCC_493\Debug\raoxianpan.a(isr_rx_net.o)
                0x00000bb0                isr_rx_net_Enable
 .text.isr_rx_net_Disable
                0x00000bbc        0xc .\CortexM3\ARM_GCC_493\Debug\raoxianpan.a(isr_rx_net.o)
                0x00000bbc                isr_rx_net_Disable
 .text.isr_rx_net_Start
                0x00000bc8       0x1c .\CortexM3\ARM_GCC_493\Debug\raoxianpan.a(isr_rx_net.o)
                0x00000bc8                isr_rx_net_Start
 .text.PWM_1_Enable
                0x00000be4       0x10 .\CortexM3\ARM_GCC_493\Debug\raoxianpan.a(PWM_1.o)
                0x00000be4                PWM_1_Enable
 .text.PWM_1_Stop
                0x00000bf4       0x10 .\CortexM3\ARM_GCC_493\Debug\raoxianpan.a(PWM_1.o)
                0x00000bf4                PWM_1_Stop
 .text.PWM_1_WriteCounter
                0x00000c04        0xc .\CortexM3\ARM_GCC_493\Debug\raoxianpan.a(PWM_1.o)
                0x00000c04                PWM_1_WriteCounter
 .text.PWM_1_WritePeriod
                0x00000c10        0xc .\CortexM3\ARM_GCC_493\Debug\raoxianpan.a(PWM_1.o)
                0x00000c10                PWM_1_WritePeriod
 .text.PWM_1_WriteCompare1
                0x00000c1c        0xc .\CortexM3\ARM_GCC_493\Debug\raoxianpan.a(PWM_1.o)
                0x00000c1c                PWM_1_WriteCompare1
 .text.PWM_1_WriteCompare2
                0x00000c28        0xc .\CortexM3\ARM_GCC_493\Debug\raoxianpan.a(PWM_1.o)
                0x00000c28                PWM_1_WriteCompare2
 .text.PWM_1_SetInterruptMode
                0x00000c34        0xc .\CortexM3\ARM_GCC_493\Debug\raoxianpan.a(PWM_1.o)
                0x00000c34                PWM_1_SetInterruptMode
 .text.PWM_1_ReadStatusRegister
                0x00000c40        0xc .\CortexM3\ARM_GCC_493\Debug\raoxianpan.a(PWM_1.o)
                0x00000c40                PWM_1_ReadStatusRegister
 .text.PWM_1_ReadCapture
                0x00000c4c        0xc .\CortexM3\ARM_GCC_493\Debug\raoxianpan.a(PWM_1.o)
                0x00000c4c                PWM_1_ReadCapture
 .text.PWM_1_ClearFIFO
                0x00000c58       0x14 .\CortexM3\ARM_GCC_493\Debug\raoxianpan.a(PWM_1.o)
                0x00000c58                PWM_1_ClearFIFO
 .text.PWM_1_Init
                0x00000c6c       0x68 .\CortexM3\ARM_GCC_493\Debug\raoxianpan.a(PWM_1.o)
                0x00000c6c                PWM_1_Init
 .text.PWM_1_Start
                0x00000cd4       0x1c .\CortexM3\ARM_GCC_493\Debug\raoxianpan.a(PWM_1.o)
                0x00000cd4                PWM_1_Start
 .text.Timer_1_Enable
                0x00000cf0       0x28 .\CortexM3\ARM_GCC_493\Debug\raoxianpan.a(Timer_1.o)
                0x00000cf0                Timer_1_Enable
 .text.Timer_1_SetInterruptMode
                0x00000d18        0xc .\CortexM3\ARM_GCC_493\Debug\raoxianpan.a(Timer_1.o)
                0x00000d18                Timer_1_SetInterruptMode
 .text.Timer_1_WritePeriod
                0x00000d24        0xc .\CortexM3\ARM_GCC_493\Debug\raoxianpan.a(Timer_1.o)
                0x00000d24                Timer_1_WritePeriod
 .text.Timer_1_WriteCounter
                0x00000d30        0xc .\CortexM3\ARM_GCC_493\Debug\raoxianpan.a(Timer_1.o)
                0x00000d30                Timer_1_WriteCounter
 .text.Timer_1_Init
                0x00000d3c       0x68 .\CortexM3\ARM_GCC_493\Debug\raoxianpan.a(Timer_1.o)
                0x00000d3c                Timer_1_Init
 .text.Timer_1_Start
                0x00000da4       0x1c .\CortexM3\ARM_GCC_493\Debug\raoxianpan.a(Timer_1.o)
                0x00000da4                Timer_1_Start
 .text.isr_timer_Interrupt
                0x00000dc0       0x50 .\CortexM3\ARM_GCC_493\Debug\raoxianpan.a(isr_timer.o)
                0x00000dc0                isr_timer_Interrupt
 .text.isr_timer_SetVector
                0x00000e10        0xc .\CortexM3\ARM_GCC_493\Debug\raoxianpan.a(isr_timer.o)
                0x00000e10                isr_timer_SetVector
 .text.isr_timer_SetPriority
                0x00000e1c       0x10 .\CortexM3\ARM_GCC_493\Debug\raoxianpan.a(isr_timer.o)
                0x00000e1c                isr_timer_SetPriority
 .text.isr_timer_Enable
                0x00000e2c        0xc .\CortexM3\ARM_GCC_493\Debug\raoxianpan.a(isr_timer.o)
                0x00000e2c                isr_timer_Enable
 .text.isr_timer_Disable
                0x00000e38        0xc .\CortexM3\ARM_GCC_493\Debug\raoxianpan.a(isr_timer.o)
                0x00000e38                isr_timer_Disable
 .text.isr_timer_Start
                0x00000e44       0x1c .\CortexM3\ARM_GCC_493\Debug\raoxianpan.a(isr_timer.o)
                0x00000e44                isr_timer_Start
 .text.ENA_Write
                0x00000e60       0x18 .\CortexM3\ARM_GCC_493\Debug\raoxianpan.a(ENA.o)
                0x00000e60                ENA_Write
 .text.DIR_Write
                0x00000e78       0x18 .\CortexM3\ARM_GCC_493\Debug\raoxianpan.a(DIR.o)
                0x00000e78                DIR_Write
 .text.ADC_CalcGain
                0x00000e90       0x64 .\CortexM3\ARM_GCC_493\Debug\raoxianpan.a(ADC.o)
 .text.ADC_Enable
                0x00000ef4       0x94 .\CortexM3\ARM_GCC_493\Debug\raoxianpan.a(ADC.o)
                0x00000ef4                ADC_Enable
 .text.ADC_SetResolution
                0x00000f88       0x38 .\CortexM3\ARM_GCC_493\Debug\raoxianpan.a(ADC.o)
                0x00000f88                ADC_SetResolution
 .text.ADC_Init
                0x00000fc0       0x3c .\CortexM3\ARM_GCC_493\Debug\raoxianpan.a(ADC.o)
                0x00000fc0                ADC_Init
 .text.ADC_Start
                0x00000ffc       0x1c .\CortexM3\ARM_GCC_493\Debug\raoxianpan.a(ADC.o)
                0x00000ffc                ADC_Start
 .text.ADC_StartConvert
                0x00001018       0x10 .\CortexM3\ARM_GCC_493\Debug\raoxianpan.a(ADC.o)
                0x00001018                ADC_StartConvert
 .text.ADC_GetResult16
                0x00001028       0x18 .\CortexM3\ARM_GCC_493\Debug\raoxianpan.a(ADC.o)
                0x00001028                ADC_GetResult16
 .text.ADC_ISR  0x00001040        0x4 .\CortexM3\ARM_GCC_493\Debug\raoxianpan.a(ADC_INT.o)
                0x00001040                ADC_ISR
 .text.ADC_theACLK_SetModeRegister
                0x00001044       0x14 .\CortexM3\ARM_GCC_493\Debug\raoxianpan.a(ADC_theACLK.o)
                0x00001044                ADC_theACLK_SetModeRegister
 .text.__libc_init_array
                0x00001058       0x4c c:/program files (x86)/cypress/psoc creator/3.3/psoc creator/import/gnu/arm/4.9.3/bin/../lib/gcc/arm-none-eabi/4.9.3/../../../../arm-none-eabi/lib/armv7-m\libg_nano.a(lib_a-init.o)
                0x00001058                __libc_init_array
 .text.memcpy   0x000010a4       0x16 c:/program files (x86)/cypress/psoc creator/3.3/psoc creator/import/gnu/arm/4.9.3/bin/../lib/gcc/arm-none-eabi/4.9.3/../../../../arm-none-eabi/lib/armv7-m\libg_nano.a(lib_a-memcpy.o)
                0x000010a4                memcpy
 .text.memset   0x000010ba       0x10 c:/program files (x86)/cypress/psoc creator/3.3/psoc creator/import/gnu/arm/4.9.3/bin/../lib/gcc/arm-none-eabi/4.9.3/../../../../arm-none-eabi/lib/armv7-m\libg_nano.a(lib_a-memset.o)
                0x000010ba                memset
 *(.plt)
 *(.gnu.warning)
 *(.glue_7t)
 .glue_7t       0x00000000        0x0 linker stubs
 *(.glue_7)
 .glue_7        0x00000000        0x0 linker stubs
 *(.vfp11_veneer)
 .vfp11_veneer  0x00000000        0x0 linker stubs
 *(.bootloader)
 *(.ARM.extab* .gnu.linkonce.armextab.*)
 *(.gcc_except_table)

.v4_bx          0x000010cc        0x0
 .v4_bx         0x00000000        0x0 linker stubs

.iplt           0x000010cc        0x0
 .iplt          0x00000000        0x0 c:/program files (x86)/cypress/psoc creator/3.3/psoc creator/import/gnu/arm/4.9.3/bin/../lib/gcc/arm-none-eabi/4.9.3/armv7-m/crtbegin.o

.eh_frame_hdr
 *(.eh_frame_hdr)

.eh_frame       0x000010cc        0x4
 *(.eh_frame)
 .eh_frame      0x000010cc        0x0 c:/program files (x86)/cypress/psoc creator/3.3/psoc creator/import/gnu/arm/4.9.3/bin/../lib/gcc/arm-none-eabi/4.9.3/armv7-m/crtbegin.o
 .eh_frame      0x000010cc        0x4 c:/program files (x86)/cypress/psoc creator/3.3/psoc creator/import/gnu/arm/4.9.3/bin/../lib/gcc/arm-none-eabi/4.9.3/armv7-m/crtend.o
                0x000010d0                PROVIDE (__exidx_start, .)

.ARM.exidx
 *(.ARM.exidx* .gnu.linkonce.armexidx.*)
                0x000010d0                __exidx_end = .

.rodata         0x000010d0       0x78
 *(.rodata .rodata.* .gnu.linkonce.r.*)
 .rodata        0x000010d0       0x44 .\CortexM3\ARM_GCC_493\Debug\raoxianpan.a(cyfitter_cfg.o)
                0x00001114                . = ALIGN (0x4)
 *(.init)
 .init          0x00001114        0x4 c:/program files (x86)/cypress/psoc creator/3.3/psoc creator/import/gnu/arm/4.9.3/bin/../lib/gcc/arm-none-eabi/4.9.3/armv7-m/crti.o
                0x00001114                _init
 .init          0x00001118        0x8 c:/program files (x86)/cypress/psoc creator/3.3/psoc creator/import/gnu/arm/4.9.3/bin/../lib/gcc/arm-none-eabi/4.9.3/armv7-m/crtn.o
                0x00001120                . = ALIGN (0x4)
                0x00001120                __preinit_array_start = .
 *(.preinit_array)
                0x00001120                __preinit_array_end = .
                0x00001120                . = ALIGN (0x4)
                0x00001120                __init_array_start = .
 *(SORT(.init_array.*))
 *(.init_array)
 .init_array    0x00001120        0x4 c:/program files (x86)/cypress/psoc creator/3.3/psoc creator/import/gnu/arm/4.9.3/bin/../lib/gcc/arm-none-eabi/4.9.3/armv7-m/crtbegin.o
 .init_array    0x00001124        0x4 .\CortexM3\ARM_GCC_493\Debug\Cm3Start.o
                0x00001128                __init_array_end = .
                0x00001128                . = ALIGN (0x4)
 *(.fini)
 .fini          0x00001128        0x4 c:/program files (x86)/cypress/psoc creator/3.3/psoc creator/import/gnu/arm/4.9.3/bin/../lib/gcc/arm-none-eabi/4.9.3/armv7-m/crti.o
                0x00001128                _fini
 .fini          0x0000112c        0x8 c:/program files (x86)/cypress/psoc creator/3.3/psoc creator/import/gnu/arm/4.9.3/bin/../lib/gcc/arm-none-eabi/4.9.3/armv7-m/crtn.o
                0x00001134                . = ALIGN (0x4)
                0x00001134                __fini_array_start = .
 *(.fini_array)
 .fini_array    0x00001134        0x4 c:/program files (x86)/cypress/psoc creator/3.3/psoc creator/import/gnu/arm/4.9.3/bin/../lib/gcc/arm-none-eabi/4.9.3/armv7-m/crtbegin.o
 *(SORT(.fini_array.*))
                0x00001138                __fini_array_end = .
                0x00001138                . = ALIGN (0x4)
 *crtbegin.o(.ctors)
 *(EXCLUDE_FILE(*crtend.o) .ctors)
 *(SORT(.ctors.*))
 *crtend.o(.ctors)
                0x00001138                . = ALIGN (0x4)
 *crtbegin.o(.dtors)
 *(EXCLUDE_FILE(*crtend.o) .dtors)
 *(SORT(.dtors.*))
 *crtend.o(.dtors)
                0x00001138                . = ALIGN (0x4)
                0x00001138                __cy_regions = .
                0x00001138        0x4 LONG 0x1148 __cy_region_init_ram
                0x0000113c        0x4 LONG 0x1fffc108 __cy_region_start_data
                0x00001140        0x4 LONG 0x18 __cy_region_init_size_ram
                0x00001144        0x4 LONG 0x2a8 __cy_region_zero_size_ram
                0x00001148                __cy_regions_end = .
                0x00001148                . = ALIGN (0x8)
                0x00001148                _etext = .

.cy_checksum_exclude
                0x00001148        0x0
 *(.cy_checksum_exclude)

.ramvectors     0x1fffc000      0x100
                0x1fffc000                __cy_region_start_ram = .
 *(.ramvectors)
 .ramvectors    0x1fffc000      0x100 .\CortexM3\ARM_GCC_493\Debug\Cm3Start.o
                0x1fffc000                CyRamVectors

.noinit         0x1fffc100        0x5
 *(.noinit)
 .noinit        0x1fffc100        0x4 .\CortexM3\ARM_GCC_493\Debug\Cm3Start.o
 .noinit        0x1fffc104        0x1 .\CortexM3\ARM_GCC_493\Debug\raoxianpan.a(CyLib.o)
                0x1fffc104                CyResetStatus

.data           0x1fffc108       0x18 load address 0x00001148
                0x1fffc108                __cy_region_start_data = .
 *(.jcr)
 .jcr           0x1fffc108        0x0 c:/program files (x86)/cypress/psoc creator/3.3/psoc creator/import/gnu/arm/4.9.3/bin/../lib/gcc/arm-none-eabi/4.9.3/armv7-m/crtbegin.o
 .jcr           0x1fffc108        0x4 c:/program files (x86)/cypress/psoc creator/3.3/psoc creator/import/gnu/arm/4.9.3/bin/../lib/gcc/arm-none-eabi/4.9.3/armv7-m/crtend.o
 *(.got.plt)
 *(.got)
 *(.shdata)
 *(.data .data.* .gnu.linkonce.d.*)
 .data          0x1fffc10c       0x10 .\CortexM3\ARM_GCC_493\Debug\raoxianpan.a(CyLib.o)
                0x1fffc10c                cydelay_32k_ms
                0x1fffc110                cydelay_freq_khz
                0x1fffc114                cydelay_freq_mhz
                0x1fffc118                cydelay_freq_hz
                0x1fffc120                . = ALIGN (0x8)
 *fill*         0x1fffc11c        0x4 
 *(.ram)
                0x1fffc120                _edata = .

.igot.plt       0x1fffc120        0x0 load address 0x00001160
 .igot.plt      0x00000000        0x0 c:/program files (x86)/cypress/psoc creator/3.3/psoc creator/import/gnu/arm/4.9.3/bin/../lib/gcc/arm-none-eabi/4.9.3/armv7-m/crtbegin.o

.bss            0x1fffc120      0x2a8 load address 0x00001160
                0x1fffc120                PROVIDE (__bss_start__, .)
 *(.shbss)
 *(.bss .bss.* .gnu.linkonce.b.*)
 .bss           0x1fffc120       0x1c c:/program files (x86)/cypress/psoc creator/3.3/psoc creator/import/gnu/arm/4.9.3/bin/../lib/gcc/arm-none-eabi/4.9.3/armv7-m/crtbegin.o
 .bss           0x1fffc13c       0x3c .\CortexM3\ARM_GCC_493\Debug\Transfer.o
 .bss           0x1fffc178      0x190 .\CortexM3\ARM_GCC_493\Debug\V_battery.o
                0x1fffc178                retADCValue2
                0x1fffc240                retADCValue1
 .bss           0x1fffc308        0x8 .\CortexM3\ARM_GCC_493\Debug\multi_timer.o
 .bss           0x1fffc310        0x2 .\CortexM3\ARM_GCC_493\Debug\raoxianpan.a(UART_net.o)
                0x1fffc310                UART_net_initVar
 .bss           0x1fffc312        0x1 .\CortexM3\ARM_GCC_493\Debug\raoxianpan.a(PWM_1.o)
                0x1fffc312                PWM_1_initVar
 .bss           0x1fffc313        0x1 .\CortexM3\ARM_GCC_493\Debug\raoxianpan.a(Timer_1.o)
                0x1fffc313                Timer_1_initVar
 .bss           0x1fffc314        0x1 .\CortexM3\ARM_GCC_493\Debug\raoxianpan.a(ADC.o)
                0x1fffc314                ADC_initVar
 *(COMMON)
 *fill*         0x1fffc315        0x3 
 COMMON         0x1fffc318       0x54 .\CortexM3\ARM_GCC_493\Debug\main.o
                0x1fffc318                togle
                0x1fffc31c                g_Car
                0x1fffc340                Data_exchange_timer
                0x1fffc350                hearting_error
                0x1fffc354                Cal_battery_timer
                0x1fffc364                count
                0x1fffc366                B_V
                0x1fffc368                g_WireReel
 COMMON         0x1fffc36c       0x41 .\CortexM3\ARM_GCC_493\Debug\Transfer.o
                0x1fffc36c                data_to_send
                0x1fffc3a0                f
 *fill*         0x1fffc3ad        0x1 
 COMMON         0x1fffc3ae        0x9 .\CortexM3\ARM_GCC_493\Debug\raoxianpan.a(isr_timer.o)
                0x1fffc3ae                time_1s_state
                0x1fffc3b0                time_1s
                0x1fffc3b2                time_5ms
                0x1fffc3b4                time_1ms
                0x1fffc3b6                time_5ms_state
 *fill*         0x1fffc3b7        0x1 
 COMMON         0x1fffc3b8        0xa .\CortexM3\ARM_GCC_493\Debug\raoxianpan.a(ADC.o)
                0x1fffc3b8                ADC_countsPer10Volt
                0x1fffc3bc                ADC_shift
                0x1fffc3be                ADC_countsPerVolt
                0x1fffc3c0                ADC_offset
                0x1fffc3c8                . = ALIGN (0x8)
 *fill*         0x1fffc3c2        0x6 
 *(.ram.b)
                0x1fffc3c8                _end = .
                0x1fffc3c8                __end = .
                0x1fffc3c8                PROVIDE (end, .)
                0x1fffc3c8                PROVIDE (__bss_end__, .)
                0x00001148                __cy_region_init_ram = LOADADDR (.data)
                0x00000018                __cy_region_init_size_ram = (_edata - ADDR (.data))
                0x000002a8                __cy_region_zero_size_ram = (_end - _edata)

.heap           0x1fffc3c8       0x80 load address 0x00001160
                0x1fffc3c8                . = _end
                0x1fffc448                . = (. + 0x80)
 *fill*         0x1fffc3c8       0x80 
                0x1fffc448                __cy_heap_limit = .

.stack          0x20003800      0x800
                0x20003800                __cy_stack_limit = .
                0x20004000                . = (. + 0x800)
 *fill*         0x20003800      0x800 
                0x00000001                ASSERT ((__cy_stack_limit >= __cy_heap_limit), region RAM overflowed with stack)
                0x00000000                cy_checksum_exclude_size = (CY_APPL_LOADABLE == 0x1)?SIZEOF (.cy_checksum_exclude):0x0
                0x00000001                ASSERT ((cy_checksum_exclude_size <= CY_CHECKSUM_EXCLUDE_SIZE), CY_BOOT: Section .cy_checksum_exclude size exceedes specified limit.)

.cyloadermeta
 *(.cyloadermeta)

.cyloadablemeta
 *(.cyloadablemeta)

.cyconfigecc    0x80000000      0x5b8
 *(.cyconfigecc)
 .cyconfigecc   0x80000000      0x5b8 .\CortexM3\ARM_GCC_493\Debug\cymetadata.o
                0x80000000                cy_meta_configecc

.cycustnvl      0x90000000        0x4
 *(.cycustnvl)
 .cycustnvl     0x90000000        0x4 .\CortexM3\ARM_GCC_493\Debug\cymetadata.o
                0x90000000                cy_meta_custnvl

.cywolatch      0x90100000        0x4
 *(.cywolatch)
 .cywolatch     0x90100000        0x4 .\CortexM3\ARM_GCC_493\Debug\cymetadata.o
                0x90100000                cy_meta_wonvl

.cyeeprom       0x90200000        0x0
 *(.cyeeprom)
                0x00000001                ASSERT ((. <= ((0x90200000 + ee_offset) + ee_size)), .cyeeprom data will not fit in EEPROM)

.cyflashprotect
                0x90400000       0x80
 *(.cyflashprotect)
 .cyflashprotect
                0x90400000       0x80 .\CortexM3\ARM_GCC_493\Debug\cymetadata.o
                0x90400000                cy_meta_flashprotect

.cymeta         0x90500000        0xc
 *(.cymeta)
 .cymeta        0x90500000        0xc .\CortexM3\ARM_GCC_493\Debug\cymetadata.o
                0x90500000                cy_metadata

.rel.dyn        0x00001160        0x0 load address 0x9050000c
 .rel.iplt      0x00000000        0x0 c:/program files (x86)/cypress/psoc creator/3.3/psoc creator/import/gnu/arm/4.9.3/bin/../lib/gcc/arm-none-eabi/4.9.3/armv7-m/crtbegin.o

.stab
 *(.stab)

.stabstr
 *(.stabstr)

.debug
 *(.debug)

.line
 *(.line)

.debug_srcinfo
 *(.debug_srcinfo)

.debug_sfnames
 *(.debug_sfnames)

.debug_aranges  0x00000000      0xba8
 *(.debug_aranges)
 .debug_aranges
                0x00000000       0x20 .\CortexM3\ARM_GCC_493\Debug\main.o
 .debug_aranges
                0x00000020       0x88 .\CortexM3\ARM_GCC_493\Debug\Transfer.o
 .debug_aranges
                0x000000a8       0x20 .\CortexM3\ARM_GCC_493\Debug\car.o
 .debug_aranges
                0x000000c8       0x38 .\CortexM3\ARM_GCC_493\Debug\buzzer.o
 .debug_aranges
                0x00000100       0x30 .\CortexM3\ARM_GCC_493\Debug\V_battery.o
 .debug_aranges
                0x00000130       0x40 .\CortexM3\ARM_GCC_493\Debug\multi_timer.o
 .debug_aranges
                0x00000170       0x18 .\CortexM3\ARM_GCC_493\Debug\cymetadata.o
 .debug_aranges
                0x00000188       0x48 .\CortexM3\ARM_GCC_493\Debug\Cm3Start.o
 .debug_aranges
                0x000001d0       0x58 .\CortexM3\ARM_GCC_493\Debug\raoxianpan.a(cyfitter_cfg.o)
 .debug_aranges
                0x00000228       0x20 .\CortexM3\ARM_GCC_493\Debug\raoxianpan.a(CyBootAsmGnu.o)
 .debug_aranges
                0x00000248      0x298 .\CortexM3\ARM_GCC_493\Debug\raoxianpan.a(CyLib.o)
 .debug_aranges
                0x000004e0       0x98 .\CortexM3\ARM_GCC_493\Debug\raoxianpan.a(cyPm.o)
 .debug_aranges
                0x00000578       0xf0 .\CortexM3\ARM_GCC_493\Debug\raoxianpan.a(UART_net.o)
 .debug_aranges
                0x00000668       0x70 .\CortexM3\ARM_GCC_493\Debug\raoxianpan.a(UART_net_IntClock.o)
 .debug_aranges
                0x000006d8       0x80 .\CortexM3\ARM_GCC_493\Debug\raoxianpan.a(isr_rx_net.o)
 .debug_aranges
                0x00000758       0xa8 .\CortexM3\ARM_GCC_493\Debug\raoxianpan.a(PWM_1.o)
 .debug_aranges
                0x00000800       0x88 .\CortexM3\ARM_GCC_493\Debug\raoxianpan.a(Timer_1.o)
 .debug_aranges
                0x00000888       0x80 .\CortexM3\ARM_GCC_493\Debug\raoxianpan.a(isr_timer.o)
 .debug_aranges
                0x00000908       0x38 .\CortexM3\ARM_GCC_493\Debug\raoxianpan.a(ENA.o)
 .debug_aranges
                0x00000940       0x38 .\CortexM3\ARM_GCC_493\Debug\raoxianpan.a(DIR.o)
 .debug_aranges
                0x00000978       0xa8 .\CortexM3\ARM_GCC_493\Debug\raoxianpan.a(ADC.o)
 .debug_aranges
                0x00000a20       0x20 .\CortexM3\ARM_GCC_493\Debug\raoxianpan.a(ADC_INT.o)
 .debug_aranges
                0x00000a40       0x70 .\CortexM3\ARM_GCC_493\Debug\raoxianpan.a(ADC_theACLK.o)
 .debug_aranges
                0x00000ab0       0x80 .\CortexM3\ARM_GCC_493\Debug\raoxianpan.a(CyFlash.o)
 .debug_aranges
                0x00000b30       0x78 .\CortexM3\ARM_GCC_493\Debug\raoxianpan.a(CySpc.o)

.debug_pubnames
 *(.debug_pubnames)

.debug_info     0x00000000     0x74f1
 *(.debug_info .gnu.linkonce.wi.*)
 .debug_info    0x00000000      0x72e .\CortexM3\ARM_GCC_493\Debug\main.o
 .debug_info    0x0000072e      0xbb9 .\CortexM3\ARM_GCC_493\Debug\Transfer.o
 .debug_info    0x000012e7      0x279 .\CortexM3\ARM_GCC_493\Debug\car.o
 .debug_info    0x00001560      0x383 .\CortexM3\ARM_GCC_493\Debug\buzzer.o
 .debug_info    0x000018e3      0x36f .\CortexM3\ARM_GCC_493\Debug\V_battery.o
 .debug_info    0x00001c52      0x25b .\CortexM3\ARM_GCC_493\Debug\multi_timer.o
 .debug_info    0x00001ead      0x13b .\CortexM3\ARM_GCC_493\Debug\cymetadata.o
 .debug_info    0x00001fe8      0x3a3 .\CortexM3\ARM_GCC_493\Debug\Cm3Start.o
 .debug_info    0x0000238b      0x5df .\CortexM3\ARM_GCC_493\Debug\raoxianpan.a(cyfitter_cfg.o)
 .debug_info    0x0000296a       0x86 .\CortexM3\ARM_GCC_493\Debug\raoxianpan.a(CyBootAsmGnu.o)
 .debug_info    0x000029f0     0x136c .\CortexM3\ARM_GCC_493\Debug\raoxianpan.a(CyLib.o)
 .debug_info    0x00003d5c      0xa55 .\CortexM3\ARM_GCC_493\Debug\raoxianpan.a(cyPm.o)
 .debug_info    0x000047b1      0x600 .\CortexM3\ARM_GCC_493\Debug\raoxianpan.a(UART_net.o)
 .debug_info    0x00004db1      0x281 .\CortexM3\ARM_GCC_493\Debug\raoxianpan.a(UART_net_IntClock.o)
 .debug_info    0x00005032      0x4fe .\CortexM3\ARM_GCC_493\Debug\raoxianpan.a(isr_rx_net.o)
 .debug_info    0x00005530      0x39c .\CortexM3\ARM_GCC_493\Debug\raoxianpan.a(PWM_1.o)
 .debug_info    0x000058cc      0x28c .\CortexM3\ARM_GCC_493\Debug\raoxianpan.a(Timer_1.o)
 .debug_info    0x00005b58      0x365 .\CortexM3\ARM_GCC_493\Debug\raoxianpan.a(isr_timer.o)
 .debug_info    0x00005ebd      0x11e .\CortexM3\ARM_GCC_493\Debug\raoxianpan.a(ENA.o)
 .debug_info    0x00005fdb      0x11e .\CortexM3\ARM_GCC_493\Debug\raoxianpan.a(DIR.o)
 .debug_info    0x000060f9      0x5f0 .\CortexM3\ARM_GCC_493\Debug\raoxianpan.a(ADC.o)
 .debug_info    0x000066e9       0x92 .\CortexM3\ARM_GCC_493\Debug\raoxianpan.a(ADC_INT.o)
 .debug_info    0x0000677b      0x281 .\CortexM3\ARM_GCC_493\Debug\raoxianpan.a(ADC_theACLK.o)
 .debug_info    0x000069fc      0x608 .\CortexM3\ARM_GCC_493\Debug\raoxianpan.a(CyFlash.o)
 .debug_info    0x00007004      0x4ed .\CortexM3\ARM_GCC_493\Debug\raoxianpan.a(CySpc.o)

.debug_abbrev   0x00000000     0x2357
 *(.debug_abbrev)
 .debug_abbrev  0x00000000      0x195 .\CortexM3\ARM_GCC_493\Debug\main.o
 .debug_abbrev  0x00000195      0x239 .\CortexM3\ARM_GCC_493\Debug\Transfer.o
 .debug_abbrev  0x000003ce       0xc2 .\CortexM3\ARM_GCC_493\Debug\car.o
 .debug_abbrev  0x00000490      0x15a .\CortexM3\ARM_GCC_493\Debug\buzzer.o
 .debug_abbrev  0x000005ea      0x14e .\CortexM3\ARM_GCC_493\Debug\V_battery.o
 .debug_abbrev  0x00000738      0x14d .\CortexM3\ARM_GCC_493\Debug\multi_timer.o
 .debug_abbrev  0x00000885       0x77 .\CortexM3\ARM_GCC_493\Debug\cymetadata.o
 .debug_abbrev  0x000008fc      0x20f .\CortexM3\ARM_GCC_493\Debug\Cm3Start.o
 .debug_abbrev  0x00000b0b      0x221 .\CortexM3\ARM_GCC_493\Debug\raoxianpan.a(cyfitter_cfg.o)
 .debug_abbrev  0x00000d2c       0x14 .\CortexM3\ARM_GCC_493\Debug\raoxianpan.a(CyBootAsmGnu.o)
 .debug_abbrev  0x00000d40      0x296 .\CortexM3\ARM_GCC_493\Debug\raoxianpan.a(CyLib.o)
 .debug_abbrev  0x00000fd6      0x1fa .\CortexM3\ARM_GCC_493\Debug\raoxianpan.a(cyPm.o)
 .debug_abbrev  0x000011d0      0x1af .\CortexM3\ARM_GCC_493\Debug\raoxianpan.a(UART_net.o)
 .debug_abbrev  0x0000137f      0x146 .\CortexM3\ARM_GCC_493\Debug\raoxianpan.a(UART_net_IntClock.o)
 .debug_abbrev  0x000014c5      0x210 .\CortexM3\ARM_GCC_493\Debug\raoxianpan.a(isr_rx_net.o)
 .debug_abbrev  0x000016d5      0x15a .\CortexM3\ARM_GCC_493\Debug\raoxianpan.a(PWM_1.o)
 .debug_abbrev  0x0000182f      0x127 .\CortexM3\ARM_GCC_493\Debug\raoxianpan.a(Timer_1.o)
 .debug_abbrev  0x00001956      0x19b .\CortexM3\ARM_GCC_493\Debug\raoxianpan.a(isr_timer.o)
 .debug_abbrev  0x00001af1       0x9d .\CortexM3\ARM_GCC_493\Debug\raoxianpan.a(ENA.o)
 .debug_abbrev  0x00001b8e       0x9d .\CortexM3\ARM_GCC_493\Debug\raoxianpan.a(DIR.o)
 .debug_abbrev  0x00001c2b      0x1f8 .\CortexM3\ARM_GCC_493\Debug\raoxianpan.a(ADC.o)
 .debug_abbrev  0x00001e23       0x42 .\CortexM3\ARM_GCC_493\Debug\raoxianpan.a(ADC_INT.o)
 .debug_abbrev  0x00001e65      0x146 .\CortexM3\ARM_GCC_493\Debug\raoxianpan.a(ADC_theACLK.o)
 .debug_abbrev  0x00001fab      0x1de .\CortexM3\ARM_GCC_493\Debug\raoxianpan.a(CyFlash.o)
 .debug_abbrev  0x00002189      0x1ce .\CortexM3\ARM_GCC_493\Debug\raoxianpan.a(CySpc.o)

.debug_line     0x00000000     0x33e5
 *(.debug_line)
 .debug_line    0x00000000      0x254 .\CortexM3\ARM_GCC_493\Debug\main.o
 .debug_line    0x00000254      0x44e .\CortexM3\ARM_GCC_493\Debug\Transfer.o
 .debug_line    0x000006a2      0x16d .\CortexM3\ARM_GCC_493\Debug\car.o
 .debug_line    0x0000080f        0x0 .\CortexM3\ARM_GCC_493\Debug\key.o
 .debug_line    0x0000080f      0x207 .\CortexM3\ARM_GCC_493\Debug\buzzer.o
 .debug_line    0x00000a16      0x1d3 .\CortexM3\ARM_GCC_493\Debug\V_battery.o
 .debug_line    0x00000be9      0x1de .\CortexM3\ARM_GCC_493\Debug\multi_timer.o
 .debug_line    0x00000dc7       0x53 .\CortexM3\ARM_GCC_493\Debug\cymetadata.o
 .debug_line    0x00000e1a      0x249 .\CortexM3\ARM_GCC_493\Debug\Cm3Start.o
 .debug_line    0x00001063      0x20c .\CortexM3\ARM_GCC_493\Debug\raoxianpan.a(cyfitter_cfg.o)
 .debug_line    0x0000126f       0x68 .\CortexM3\ARM_GCC_493\Debug\raoxianpan.a(CyBootAsmGnu.o)
 .debug_line    0x000012d7      0x806 .\CortexM3\ARM_GCC_493\Debug\raoxianpan.a(CyLib.o)
 .debug_line    0x00001add      0x366 .\CortexM3\ARM_GCC_493\Debug\raoxianpan.a(cyPm.o)
 .debug_line    0x00001e43      0x2c6 .\CortexM3\ARM_GCC_493\Debug\raoxianpan.a(UART_net.o)
 .debug_line    0x00002109      0x199 .\CortexM3\ARM_GCC_493\Debug\raoxianpan.a(UART_net_IntClock.o)
 .debug_line    0x000022a2      0x282 .\CortexM3\ARM_GCC_493\Debug\raoxianpan.a(isr_rx_net.o)
 .debug_line    0x00002524      0x1ae .\CortexM3\ARM_GCC_493\Debug\raoxianpan.a(PWM_1.o)
 .debug_line    0x000026d2      0x157 .\CortexM3\ARM_GCC_493\Debug\raoxianpan.a(Timer_1.o)
 .debug_line    0x00002829      0x272 .\CortexM3\ARM_GCC_493\Debug\raoxianpan.a(isr_timer.o)
 .debug_line    0x00002a9b       0x92 .\CortexM3\ARM_GCC_493\Debug\raoxianpan.a(ENA.o)
 .debug_line    0x00002b2d       0x92 .\CortexM3\ARM_GCC_493\Debug\raoxianpan.a(DIR.o)
 .debug_line    0x00002bbf      0x217 .\CortexM3\ARM_GCC_493\Debug\raoxianpan.a(ADC.o)
 .debug_line    0x00002dd6       0x52 .\CortexM3\ARM_GCC_493\Debug\raoxianpan.a(ADC_INT.o)
 .debug_line    0x00002e28      0x193 .\CortexM3\ARM_GCC_493\Debug\raoxianpan.a(ADC_theACLK.o)
 .debug_line    0x00002fbb      0x1ec .\CortexM3\ARM_GCC_493\Debug\raoxianpan.a(CyFlash.o)
 .debug_line    0x000031a7      0x23e .\CortexM3\ARM_GCC_493\Debug\raoxianpan.a(CySpc.o)

.debug_frame    0x00000000     0x1d90
 *(.debug_frame)
 .debug_frame   0x00000000       0x2c .\CortexM3\ARM_GCC_493\Debug\main.o
 .debug_frame   0x0000002c      0x1d0 .\CortexM3\ARM_GCC_493\Debug\Transfer.o
 .debug_frame   0x000001fc       0x20 .\CortexM3\ARM_GCC_493\Debug\car.o
 .debug_frame   0x0000021c       0x78 .\CortexM3\ARM_GCC_493\Debug\buzzer.o
 .debug_frame   0x00000294       0x64 .\CortexM3\ARM_GCC_493\Debug\V_battery.o
 .debug_frame   0x000002f8       0x6c .\CortexM3\ARM_GCC_493\Debug\multi_timer.o
 .debug_frame   0x00000364       0xac .\CortexM3\ARM_GCC_493\Debug\Cm3Start.o
 .debug_frame   0x00000410       0xfc .\CortexM3\ARM_GCC_493\Debug\raoxianpan.a(cyfitter_cfg.o)
 .debug_frame   0x0000050c      0x728 .\CortexM3\ARM_GCC_493\Debug\raoxianpan.a(CyLib.o)
 .debug_frame   0x00000c34      0x1f8 .\CortexM3\ARM_GCC_493\Debug\raoxianpan.a(cyPm.o)
 .debug_frame   0x00000e2c      0x250 .\CortexM3\ARM_GCC_493\Debug\raoxianpan.a(UART_net.o)
 .debug_frame   0x0000107c       0xe0 .\CortexM3\ARM_GCC_493\Debug\raoxianpan.a(UART_net_IntClock.o)
 .debug_frame   0x0000115c      0x110 .\CortexM3\ARM_GCC_493\Debug\raoxianpan.a(isr_rx_net.o)
 .debug_frame   0x0000126c      0x154 .\CortexM3\ARM_GCC_493\Debug\raoxianpan.a(PWM_1.o)
 .debug_frame   0x000013c0      0x108 .\CortexM3\ARM_GCC_493\Debug\raoxianpan.a(Timer_1.o)
 .debug_frame   0x000014c8      0x110 .\CortexM3\ARM_GCC_493\Debug\raoxianpan.a(isr_timer.o)
 .debug_frame   0x000015d8       0x50 .\CortexM3\ARM_GCC_493\Debug\raoxianpan.a(ENA.o)
 .debug_frame   0x00001628       0x50 .\CortexM3\ARM_GCC_493\Debug\raoxianpan.a(DIR.o)
 .debug_frame   0x00001678      0x1a4 .\CortexM3\ARM_GCC_493\Debug\raoxianpan.a(ADC.o)
 .debug_frame   0x0000181c       0x20 .\CortexM3\ARM_GCC_493\Debug\raoxianpan.a(ADC_INT.o)
 .debug_frame   0x0000183c       0xe0 .\CortexM3\ARM_GCC_493\Debug\raoxianpan.a(ADC_theACLK.o)
 .debug_frame   0x0000191c      0x174 .\CortexM3\ARM_GCC_493\Debug\raoxianpan.a(CyFlash.o)
 .debug_frame   0x00001a90      0x160 .\CortexM3\ARM_GCC_493\Debug\raoxianpan.a(CySpc.o)
 .debug_frame   0x00001bf0       0x28 c:/program files (x86)/cypress/psoc creator/3.3/psoc creator/import/gnu/arm/4.9.3/bin/../lib/gcc/arm-none-eabi/4.9.3/armv7-m\libgcc.a(_aeabi_ldivmod.o)
 .debug_frame   0x00001c18       0x54 c:/program files (x86)/cypress/psoc creator/3.3/psoc creator/import/gnu/arm/4.9.3/bin/../lib/gcc/arm-none-eabi/4.9.3/armv7-m\libgcc.a(bpabi.o)
 .debug_frame   0x00001c6c       0x34 c:/program files (x86)/cypress/psoc creator/3.3/psoc creator/import/gnu/arm/4.9.3/bin/../lib/gcc/arm-none-eabi/4.9.3/armv7-m\libgcc.a(_divdi3.o)
 .debug_frame   0x00001ca0       0x34 c:/program files (x86)/cypress/psoc creator/3.3/psoc creator/import/gnu/arm/4.9.3/bin/../lib/gcc/arm-none-eabi/4.9.3/armv7-m\libgcc.a(_udivdi3.o)
 .debug_frame   0x00001cd4       0x20 c:/program files (x86)/cypress/psoc creator/3.3/psoc creator/import/gnu/arm/4.9.3/bin/../lib/gcc/arm-none-eabi/4.9.3/../../../../arm-none-eabi/lib/armv7-m\libg_nano.a(lib_a-errno.o)
 .debug_frame   0x00001cf4       0x28 c:/program files (x86)/cypress/psoc creator/3.3/psoc creator/import/gnu/arm/4.9.3/bin/../lib/gcc/arm-none-eabi/4.9.3/../../../../arm-none-eabi/lib/armv7-m\libg_nano.a(lib_a-exit.o)
 .debug_frame   0x00001d1c       0x2c c:/program files (x86)/cypress/psoc creator/3.3/psoc creator/import/gnu/arm/4.9.3/bin/../lib/gcc/arm-none-eabi/4.9.3/../../../../arm-none-eabi/lib/armv7-m\libg_nano.a(lib_a-init.o)
 .debug_frame   0x00001d48       0x28 c:/program files (x86)/cypress/psoc creator/3.3/psoc creator/import/gnu/arm/4.9.3/bin/../lib/gcc/arm-none-eabi/4.9.3/../../../../arm-none-eabi/lib/armv7-m\libg_nano.a(lib_a-memcpy.o)
 .debug_frame   0x00001d70       0x20 c:/program files (x86)/cypress/psoc creator/3.3/psoc creator/import/gnu/arm/4.9.3/bin/../lib/gcc/arm-none-eabi/4.9.3/../../../../arm-none-eabi/lib/armv7-m\libg_nano.a(lib_a-memset.o)

.debug_str      0x00000000     0x26f7
 *(.debug_str)
 .debug_str     0x00000000      0x47d .\CortexM3\ARM_GCC_493\Debug\main.o
                                0x4dc (size before relaxing)
 .debug_str     0x0000047d      0x2b5 .\CortexM3\ARM_GCC_493\Debug\Transfer.o
                                0x5e8 (size before relaxing)
 .debug_str     0x00000732        0x8 .\CortexM3\ARM_GCC_493\Debug\car.o
                                0x2fd (size before relaxing)
 .debug_str     0x0000073a        0x8 .\CortexM3\ARM_GCC_493\Debug\key.o
                                 0xcc (size before relaxing)
 .debug_str     0x00000742       0x79 .\CortexM3\ARM_GCC_493\Debug\buzzer.o
                                0x21d (size before relaxing)
 .debug_str     0x000007bb       0x7f .\CortexM3\ARM_GCC_493\Debug\V_battery.o
                                0x387 (size before relaxing)
 .debug_str     0x0000083a       0x46 .\CortexM3\ARM_GCC_493\Debug\multi_timer.o
                                0x236 (size before relaxing)
 .debug_str     0x00000880       0x77 .\CortexM3\ARM_GCC_493\Debug\cymetadata.o
                                0x1e0 (size before relaxing)
 .debug_str     0x000008f7      0x15a .\CortexM3\ARM_GCC_493\Debug\Cm3Start.o
                                0x2f4 (size before relaxing)
 .debug_str     0x00000a51      0x176 .\CortexM3\ARM_GCC_493\Debug\raoxianpan.a(cyfitter_cfg.o)
                                0x32e (size before relaxing)
 .debug_str     0x00000bc7      0x809 .\CortexM3\ARM_GCC_493\Debug\raoxianpan.a(CyLib.o)
                                0xa19 (size before relaxing)
 .debug_str     0x000013d0      0x35b .\CortexM3\ARM_GCC_493\Debug\raoxianpan.a(cyPm.o)
                                0x711 (size before relaxing)
 .debug_str     0x0000172b      0x304 .\CortexM3\ARM_GCC_493\Debug\raoxianpan.a(UART_net.o)
                                0x4db (size before relaxing)
 .debug_str     0x00001a2f      0x1ad .\CortexM3\ARM_GCC_493\Debug\raoxianpan.a(UART_net_IntClock.o)
                                0x35c (size before relaxing)
 .debug_str     0x00001bdc      0x123 .\CortexM3\ARM_GCC_493\Debug\raoxianpan.a(isr_rx_net.o)
                                0x488 (size before relaxing)
 .debug_str     0x00001cff      0x198 .\CortexM3\ARM_GCC_493\Debug\raoxianpan.a(PWM_1.o)
                                0x371 (size before relaxing)
 .debug_str     0x00001e97      0x151 .\CortexM3\ARM_GCC_493\Debug\raoxianpan.a(Timer_1.o)
                                0x2ff (size before relaxing)
 .debug_str     0x00001fe8      0x12a .\CortexM3\ARM_GCC_493\Debug\raoxianpan.a(isr_timer.o)
                                0x331 (size before relaxing)
 .debug_str     0x00002112       0x54 .\CortexM3\ARM_GCC_493\Debug\raoxianpan.a(ENA.o)
                                0x1ce (size before relaxing)
 .debug_str     0x00002166       0x49 .\CortexM3\ARM_GCC_493\Debug\raoxianpan.a(DIR.o)
                                0x1ce (size before relaxing)
 .debug_str     0x000021af      0x1a4 .\CortexM3\ARM_GCC_493\Debug\raoxianpan.a(ADC.o)
                                0x41e (size before relaxing)
 .debug_str     0x00002353       0x2b .\CortexM3\ARM_GCC_493\Debug\raoxianpan.a(ADC_INT.o)
                                0x185 (size before relaxing)
 .debug_str     0x0000237e      0x12d .\CortexM3\ARM_GCC_493\Debug\raoxianpan.a(ADC_theACLK.o)
                                0x314 (size before relaxing)
 .debug_str     0x000024ab      0x19e .\CortexM3\ARM_GCC_493\Debug\raoxianpan.a(CyFlash.o)
                                0x38b (size before relaxing)
 .debug_str     0x00002649       0xae .\CortexM3\ARM_GCC_493\Debug\raoxianpan.a(CySpc.o)
                                0x314 (size before relaxing)

.debug_loc      0x00000000     0x3588
 *(.debug_loc)
 .debug_loc     0x00000000     0x1105 .\CortexM3\ARM_GCC_493\Debug\Transfer.o
 .debug_loc     0x00001105      0x17a .\CortexM3\ARM_GCC_493\Debug\buzzer.o
 .debug_loc     0x0000127f       0x7e .\CortexM3\ARM_GCC_493\Debug\V_battery.o
 .debug_loc     0x000012fd      0x104 .\CortexM3\ARM_GCC_493\Debug\multi_timer.o
 .debug_loc     0x00001401      0x144 .\CortexM3\ARM_GCC_493\Debug\Cm3Start.o
 .debug_loc     0x00001545      0x279 .\CortexM3\ARM_GCC_493\Debug\raoxianpan.a(cyfitter_cfg.o)
 .debug_loc     0x000017be      0xa11 .\CortexM3\ARM_GCC_493\Debug\raoxianpan.a(CyLib.o)
 .debug_loc     0x000021cf      0x1e4 .\CortexM3\ARM_GCC_493\Debug\raoxianpan.a(cyPm.o)
 .debug_loc     0x000023b3      0x258 .\CortexM3\ARM_GCC_493\Debug\raoxianpan.a(UART_net.o)
 .debug_loc     0x0000260b      0x128 .\CortexM3\ARM_GCC_493\Debug\raoxianpan.a(UART_net_IntClock.o)
 .debug_loc     0x00002733       0x69 .\CortexM3\ARM_GCC_493\Debug\raoxianpan.a(isr_rx_net.o)
 .debug_loc     0x0000279c       0x26 .\CortexM3\ARM_GCC_493\Debug\raoxianpan.a(PWM_1.o)
 .debug_loc     0x000027c2       0x56 .\CortexM3\ARM_GCC_493\Debug\raoxianpan.a(isr_timer.o)
 .debug_loc     0x00002818       0x42 .\CortexM3\ARM_GCC_493\Debug\raoxianpan.a(ENA.o)
 .debug_loc     0x0000285a       0x42 .\CortexM3\ARM_GCC_493\Debug\raoxianpan.a(DIR.o)
 .debug_loc     0x0000289c      0x273 .\CortexM3\ARM_GCC_493\Debug\raoxianpan.a(ADC.o)
 .debug_loc     0x00002b0f      0x12c .\CortexM3\ARM_GCC_493\Debug\raoxianpan.a(ADC_theACLK.o)
 .debug_loc     0x00002c3b      0x300 .\CortexM3\ARM_GCC_493\Debug\raoxianpan.a(CyFlash.o)
 .debug_loc     0x00002f3b      0x64d .\CortexM3\ARM_GCC_493\Debug\raoxianpan.a(CySpc.o)

.debug_macinfo
 *(.debug_macinfo)

.debug_ranges   0x00000000      0xa00
 *(.debug_ranges)
 .debug_ranges  0x00000000       0x10 .\CortexM3\ARM_GCC_493\Debug\main.o
 .debug_ranges  0x00000010       0x78 .\CortexM3\ARM_GCC_493\Debug\Transfer.o
 .debug_ranges  0x00000088       0x10 .\CortexM3\ARM_GCC_493\Debug\car.o
 .debug_ranges  0x00000098       0x28 .\CortexM3\ARM_GCC_493\Debug\buzzer.o
 .debug_ranges  0x000000c0       0x20 .\CortexM3\ARM_GCC_493\Debug\V_battery.o
 .debug_ranges  0x000000e0       0x30 .\CortexM3\ARM_GCC_493\Debug\multi_timer.o
 .debug_ranges  0x00000110       0x38 .\CortexM3\ARM_GCC_493\Debug\Cm3Start.o
 .debug_ranges  0x00000148       0x48 .\CortexM3\ARM_GCC_493\Debug\raoxianpan.a(cyfitter_cfg.o)
 .debug_ranges  0x00000190      0x288 .\CortexM3\ARM_GCC_493\Debug\raoxianpan.a(CyLib.o)
 .debug_ranges  0x00000418       0x88 .\CortexM3\ARM_GCC_493\Debug\raoxianpan.a(cyPm.o)
 .debug_ranges  0x000004a0       0xe0 .\CortexM3\ARM_GCC_493\Debug\raoxianpan.a(UART_net.o)
 .debug_ranges  0x00000580       0x60 .\CortexM3\ARM_GCC_493\Debug\raoxianpan.a(UART_net_IntClock.o)
 .debug_ranges  0x000005e0       0x70 .\CortexM3\ARM_GCC_493\Debug\raoxianpan.a(isr_rx_net.o)
 .debug_ranges  0x00000650       0x98 .\CortexM3\ARM_GCC_493\Debug\raoxianpan.a(PWM_1.o)
 .debug_ranges  0x000006e8       0x78 .\CortexM3\ARM_GCC_493\Debug\raoxianpan.a(Timer_1.o)
 .debug_ranges  0x00000760       0x70 .\CortexM3\ARM_GCC_493\Debug\raoxianpan.a(isr_timer.o)
 .debug_ranges  0x000007d0       0x28 .\CortexM3\ARM_GCC_493\Debug\raoxianpan.a(ENA.o)
 .debug_ranges  0x000007f8       0x28 .\CortexM3\ARM_GCC_493\Debug\raoxianpan.a(DIR.o)
 .debug_ranges  0x00000820       0x98 .\CortexM3\ARM_GCC_493\Debug\raoxianpan.a(ADC.o)
 .debug_ranges  0x000008b8       0x10 .\CortexM3\ARM_GCC_493\Debug\raoxianpan.a(ADC_INT.o)
 .debug_ranges  0x000008c8       0x60 .\CortexM3\ARM_GCC_493\Debug\raoxianpan.a(ADC_theACLK.o)
 .debug_ranges  0x00000928       0x70 .\CortexM3\ARM_GCC_493\Debug\raoxianpan.a(CyFlash.o)
 .debug_ranges  0x00000998       0x68 .\CortexM3\ARM_GCC_493\Debug\raoxianpan.a(CySpc.o)

.comment        0x00000000       0x70
 .comment       0x00000000       0x70 .\CortexM3\ARM_GCC_493\Debug\main.o
                                 0x71 (size before relaxing)
 .comment       0x00000000       0x71 .\CortexM3\ARM_GCC_493\Debug\Transfer.o
 .comment       0x00000000       0x71 .\CortexM3\ARM_GCC_493\Debug\car.o
 .comment       0x00000000       0x71 .\CortexM3\ARM_GCC_493\Debug\key.o
 .comment       0x00000000       0x71 .\CortexM3\ARM_GCC_493\Debug\buzzer.o
 .comment       0x00000000       0x71 .\CortexM3\ARM_GCC_493\Debug\V_battery.o
 .comment       0x00000000       0x71 .\CortexM3\ARM_GCC_493\Debug\multi_timer.o
 .comment       0x00000000       0x71 .\CortexM3\ARM_GCC_493\Debug\cymetadata.o
 .comment       0x00000000       0x71 .\CortexM3\ARM_GCC_493\Debug\Cm3Start.o
 .comment       0x00000000       0x71 .\CortexM3\ARM_GCC_493\Debug\raoxianpan.a(cyfitter_cfg.o)
 .comment       0x00000000       0x71 .\CortexM3\ARM_GCC_493\Debug\raoxianpan.a(CyLib.o)
 .comment       0x00000000       0x71 .\CortexM3\ARM_GCC_493\Debug\raoxianpan.a(cyPm.o)
 .comment       0x00000000       0x71 .\CortexM3\ARM_GCC_493\Debug\raoxianpan.a(UART_net.o)
 .comment       0x00000000       0x71 .\CortexM3\ARM_GCC_493\Debug\raoxianpan.a(UART_net_IntClock.o)
 .comment       0x00000000       0x71 .\CortexM3\ARM_GCC_493\Debug\raoxianpan.a(isr_rx_net.o)
 .comment       0x00000000       0x71 .\CortexM3\ARM_GCC_493\Debug\raoxianpan.a(PWM_1.o)
 .comment       0x00000000       0x71 .\CortexM3\ARM_GCC_493\Debug\raoxianpan.a(Timer_1.o)
 .comment       0x00000000       0x71 .\CortexM3\ARM_GCC_493\Debug\raoxianpan.a(isr_timer.o)
 .comment       0x00000000       0x71 .\CortexM3\ARM_GCC_493\Debug\raoxianpan.a(ENA.o)
 .comment       0x00000000       0x71 .\CortexM3\ARM_GCC_493\Debug\raoxianpan.a(DIR.o)
 .comment       0x00000000       0x71 .\CortexM3\ARM_GCC_493\Debug\raoxianpan.a(ADC.o)
 .comment       0x00000000       0x71 .\CortexM3\ARM_GCC_493\Debug\raoxianpan.a(ADC_INT.o)
 .comment       0x00000000       0x71 .\CortexM3\ARM_GCC_493\Debug\raoxianpan.a(ADC_theACLK.o)
 .comment       0x00000000       0x71 .\CortexM3\ARM_GCC_493\Debug\raoxianpan.a(CyFlash.o)
 .comment       0x00000000       0x71 .\CortexM3\ARM_GCC_493\Debug\raoxianpan.a(CySpc.o)

.debug_weaknames
 *(.debug_weaknames)

.debug_funcnames
 *(.debug_funcnames)

.debug_typenames
 *(.debug_typenames)

.debug_varnames
 *(.debug_varnames)

.note.gnu.arm.ident
 *(.note.gnu.arm.ident)

.ARM.attributes
                0x00000000       0x29
 *(.ARM.attributes)
 .ARM.attributes
                0x00000000       0x1d c:/program files (x86)/cypress/psoc creator/3.3/psoc creator/import/gnu/arm/4.9.3/bin/../lib/gcc/arm-none-eabi/4.9.3/armv7-m/crti.o
 .ARM.attributes
                0x0000001d       0x2d c:/program files (x86)/cypress/psoc creator/3.3/psoc creator/import/gnu/arm/4.9.3/bin/../lib/gcc/arm-none-eabi/4.9.3/armv7-m/crtbegin.o
 .ARM.attributes
                0x0000004a       0x1b c:/program files (x86)/cypress/psoc creator/3.3/psoc creator/import/gnu/arm/4.9.3/bin/../lib/gcc/arm-none-eabi/4.9.3/../../../../arm-none-eabi/lib/armv7-m/crt0.o
 .ARM.attributes
                0x00000065       0x33 .\CortexM3\ARM_GCC_493\Debug\main.o
 .ARM.attributes
                0x00000098       0x33 .\CortexM3\ARM_GCC_493\Debug\Transfer.o
 .ARM.attributes
                0x000000cb       0x33 .\CortexM3\ARM_GCC_493\Debug\car.o
 .ARM.attributes
                0x000000fe       0x33 .\CortexM3\ARM_GCC_493\Debug\key.o
 .ARM.attributes
                0x00000131       0x33 .\CortexM3\ARM_GCC_493\Debug\buzzer.o
 .ARM.attributes
                0x00000164       0x33 .\CortexM3\ARM_GCC_493\Debug\V_battery.o
 .ARM.attributes
                0x00000197       0x33 .\CortexM3\ARM_GCC_493\Debug\multi_timer.o
 .ARM.attributes
                0x000001ca       0x33 .\CortexM3\ARM_GCC_493\Debug\cymetadata.o
 .ARM.attributes
                0x000001fd       0x33 .\CortexM3\ARM_GCC_493\Debug\Cm3Start.o
 .ARM.attributes
                0x00000230       0x33 .\CortexM3\ARM_GCC_493\Debug\raoxianpan.a(cyfitter_cfg.o)
 .ARM.attributes
                0x00000263       0x21 .\CortexM3\ARM_GCC_493\Debug\raoxianpan.a(CyBootAsmGnu.o)
 .ARM.attributes
                0x00000284       0x33 .\CortexM3\ARM_GCC_493\Debug\raoxianpan.a(CyLib.o)
 .ARM.attributes
                0x000002b7       0x33 .\CortexM3\ARM_GCC_493\Debug\raoxianpan.a(cyPm.o)
 .ARM.attributes
                0x000002ea       0x33 .\CortexM3\ARM_GCC_493\Debug\raoxianpan.a(UART_net.o)
 .ARM.attributes
                0x0000031d       0x33 .\CortexM3\ARM_GCC_493\Debug\raoxianpan.a(UART_net_IntClock.o)
 .ARM.attributes
                0x00000350       0x33 .\CortexM3\ARM_GCC_493\Debug\raoxianpan.a(isr_rx_net.o)
 .ARM.attributes
                0x00000383       0x33 .\CortexM3\ARM_GCC_493\Debug\raoxianpan.a(PWM_1.o)
 .ARM.attributes
                0x000003b6       0x33 .\CortexM3\ARM_GCC_493\Debug\raoxianpan.a(Timer_1.o)
 .ARM.attributes
                0x000003e9       0x33 .\CortexM3\ARM_GCC_493\Debug\raoxianpan.a(isr_timer.o)
 .ARM.attributes
                0x0000041c       0x33 .\CortexM3\ARM_GCC_493\Debug\raoxianpan.a(ENA.o)
 .ARM.attributes
                0x0000044f       0x33 .\CortexM3\ARM_GCC_493\Debug\raoxianpan.a(DIR.o)
 .ARM.attributes
                0x00000482       0x33 .\CortexM3\ARM_GCC_493\Debug\raoxianpan.a(ADC.o)
 .ARM.attributes
                0x000004b5       0x33 .\CortexM3\ARM_GCC_493\Debug\raoxianpan.a(ADC_INT.o)
 .ARM.attributes
                0x000004e8       0x33 .\CortexM3\ARM_GCC_493\Debug\raoxianpan.a(ADC_theACLK.o)
 .ARM.attributes
                0x0000051b       0x33 .\CortexM3\ARM_GCC_493\Debug\raoxianpan.a(CyFlash.o)
 .ARM.attributes
                0x0000054e       0x33 .\CortexM3\ARM_GCC_493\Debug\raoxianpan.a(CySpc.o)
 .ARM.attributes
                0x00000581       0x1d c:/program files (x86)/cypress/psoc creator/3.3/psoc creator/import/gnu/arm/4.9.3/bin/../lib/gcc/arm-none-eabi/4.9.3/armv7-m\libgcc.a(_arm_addsubsf3.o)
 .ARM.attributes
                0x0000059e       0x1d c:/program files (x86)/cypress/psoc creator/3.3/psoc creator/import/gnu/arm/4.9.3/bin/../lib/gcc/arm-none-eabi/4.9.3/armv7-m\libgcc.a(_arm_muldivsf3.o)
 .ARM.attributes
                0x000005bb       0x1d c:/program files (x86)/cypress/psoc creator/3.3/psoc creator/import/gnu/arm/4.9.3/bin/../lib/gcc/arm-none-eabi/4.9.3/armv7-m\libgcc.a(_aeabi_ldivmod.o)
 .ARM.attributes
                0x000005d8       0x2d c:/program files (x86)/cypress/psoc creator/3.3/psoc creator/import/gnu/arm/4.9.3/bin/../lib/gcc/arm-none-eabi/4.9.3/armv7-m\libgcc.a(bpabi.o)
 .ARM.attributes
                0x00000605       0x1d c:/program files (x86)/cypress/psoc creator/3.3/psoc creator/import/gnu/arm/4.9.3/bin/../lib/gcc/arm-none-eabi/4.9.3/armv7-m\libgcc.a(_dvmd_tls.o)
 .ARM.attributes
                0x00000622       0x2d c:/program files (x86)/cypress/psoc creator/3.3/psoc creator/import/gnu/arm/4.9.3/bin/../lib/gcc/arm-none-eabi/4.9.3/armv7-m\libgcc.a(_divdi3.o)
 .ARM.attributes
                0x0000064f       0x2d c:/program files (x86)/cypress/psoc creator/3.3/psoc creator/import/gnu/arm/4.9.3/bin/../lib/gcc/arm-none-eabi/4.9.3/armv7-m\libgcc.a(_udivdi3.o)
 .ARM.attributes
                0x0000067c       0x2d c:/program files (x86)/cypress/psoc creator/3.3/psoc creator/import/gnu/arm/4.9.3/bin/../lib/gcc/arm-none-eabi/4.9.3/../../../../arm-none-eabi/lib/armv7-m\libg_nano.a(lib_a-errno.o)
 .ARM.attributes
                0x000006a9       0x2d c:/program files (x86)/cypress/psoc creator/3.3/psoc creator/import/gnu/arm/4.9.3/bin/../lib/gcc/arm-none-eabi/4.9.3/../../../../arm-none-eabi/lib/armv7-m\libg_nano.a(lib_a-exit.o)
 .ARM.attributes
                0x000006d6       0x2d c:/program files (x86)/cypress/psoc creator/3.3/psoc creator/import/gnu/arm/4.9.3/bin/../lib/gcc/arm-none-eabi/4.9.3/../../../../arm-none-eabi/lib/armv7-m\libg_nano.a(lib_a-impure.o)
 .ARM.attributes
                0x00000703       0x2d c:/program files (x86)/cypress/psoc creator/3.3/psoc creator/import/gnu/arm/4.9.3/bin/../lib/gcc/arm-none-eabi/4.9.3/../../../../arm-none-eabi/lib/armv7-m\libg_nano.a(lib_a-init.o)
 .ARM.attributes
                0x00000730       0x2d c:/program files (x86)/cypress/psoc creator/3.3/psoc creator/import/gnu/arm/4.9.3/bin/../lib/gcc/arm-none-eabi/4.9.3/../../../../arm-none-eabi/lib/armv7-m\libg_nano.a(lib_a-memcpy.o)
 .ARM.attributes
                0x0000075d       0x2d c:/program files (x86)/cypress/psoc creator/3.3/psoc creator/import/gnu/arm/4.9.3/bin/../lib/gcc/arm-none-eabi/4.9.3/../../../../arm-none-eabi/lib/armv7-m\libg_nano.a(lib_a-memset.o)
 .ARM.attributes
                0x0000078a       0x2d c:/program files (x86)/cypress/psoc creator/3.3/psoc creator/import/gnu/arm/4.9.3/bin/../lib/gcc/arm-none-eabi/4.9.3/armv7-m/crtend.o
 .ARM.attributes
                0x000007b7       0x1d c:/program files (x86)/cypress/psoc creator/3.3/psoc creator/import/gnu/arm/4.9.3/bin/../lib/gcc/arm-none-eabi/4.9.3/armv7-m/crtn.o

/DISCARD/
 *(.note.GNU-stack)
OUTPUT(.\CortexM3\ARM_GCC_493\Debug\raoxianpan.elf elf32-littlearm)
